Component: ARM Compiler 6.14.1 Tool: armlink [5db06d00]

==============================================================================

Section Cross References

    main_1.o(.text.__cxx_global_var_init) refers to main_1.o(.bss._ZL7Buttons) for _ZL7Buttons
    main_1.o(.text.__cxx_global_var_init) refers to main_1.o(.text._ZNSt3__16vectorI6ButtonNS_9allocatorIS1_EEED2Ev) for std::__1::vector<Button, std::__1::allocator<Button>>::~vector__sub_object()
    main_1.o(.text.__cxx_global_var_init) refers to cxa_atexit.o(.text) for __cxa_atexit
    main_1.o(.ARM.exidx.text.__cxx_global_var_init) refers to main_1.o(.text.__cxx_global_var_init) for [Anonymous Symbol]
    main_1.o(.text._Z16EXTI0_IRQHandlerv) refers to main_1.o(.bss._ZL7Buttons) for _ZL7Buttons
    main_1.o(.text._Z16EXTI0_IRQHandlerv) refers to button.o(.text._ZN6Button11ChangeStateEv) for Button::ChangeState()
    main_1.o(.text._Z16EXTI0_IRQHandlerv) refers to main_1.o(.bss._ZL9Prescaler) for _ZL9Prescaler
    main_1.o(.ARM.exidx.text._Z16EXTI0_IRQHandlerv) refers to main_1.o(.text._Z16EXTI0_IRQHandlerv) for [Anonymous Symbol]
    main_1.o(.text._Z16EXTI1_IRQHandlerv) refers to main_1.o(.bss._ZL7Buttons) for _ZL7Buttons
    main_1.o(.text._Z16EXTI1_IRQHandlerv) refers to button.o(.text._ZN6Button11ChangeStateEv) for Button::ChangeState()
    main_1.o(.text._Z16EXTI1_IRQHandlerv) refers to main_1.o(.bss._ZL9Prescaler) for _ZL9Prescaler
    main_1.o(.ARM.exidx.text._Z16EXTI1_IRQHandlerv) refers to main_1.o(.text._Z16EXTI1_IRQHandlerv) for [Anonymous Symbol]
    main_1.o(.text._Z16EXTI2_IRQHandlerv) refers to main_1.o(.bss._ZL7Buttons) for _ZL7Buttons
    main_1.o(.text._Z16EXTI2_IRQHandlerv) refers to button.o(.text._ZN6Button11ChangeStateEv) for Button::ChangeState()
    main_1.o(.text._Z16EXTI2_IRQHandlerv) refers to main_1.o(.bss._ZL9Prescaler) for _ZL9Prescaler
    main_1.o(.ARM.exidx.text._Z16EXTI2_IRQHandlerv) refers to main_1.o(.text._Z16EXTI2_IRQHandlerv) for [Anonymous Symbol]
    main_1.o(.text._Z16EXTI3_IRQHandlerv) refers to main_1.o(.bss._ZL7Buttons) for _ZL7Buttons
    main_1.o(.text._Z16EXTI3_IRQHandlerv) refers to button.o(.text._ZN6Button11ChangeStateEv) for Button::ChangeState()
    main_1.o(.text._Z16EXTI3_IRQHandlerv) refers to main_1.o(.bss._ZL9Prescaler) for _ZL9Prescaler
    main_1.o(.ARM.exidx.text._Z16EXTI3_IRQHandlerv) refers to main_1.o(.text._Z16EXTI3_IRQHandlerv) for [Anonymous Symbol]
    main_1.o(.ARM.exidx.text._Z5delayy) refers to main_1.o(.text._Z5delayy) for [Anonymous Symbol]
    main_1.o(.text._Z4Initv) refers to main_1.o(.bss._ZL7Buttons) for _ZL7Buttons
    main_1.o(.text._Z4Initv) refers to main_1.o(.text._ZNSt3__16vectorI6ButtonNS_9allocatorIS1_EEE21_ConstructTransactionC2ERS4_j) for std::__1::vector<Button, std::__1::allocator<Button>>::_ConstructTransaction::_ConstructTransaction__sub_object(std::__1::vector<Button, std::__1::allocator<Button>>&, unsigned)
    main_1.o(.text._Z4Initv) refers to button.o(.text._ZN6ButtonC2EP12EXTI_TypeDefjh) for Button::Button(EXTI_TypeDef*, unsigned, unsigned char)
    main_1.o(.text._Z4Initv) refers to main_1.o(.text._ZNSt3__16vectorI6ButtonNS_9allocatorIS1_EEE21_ConstructTransactionD2Ev) for std::__1::vector<Button, std::__1::allocator<Button>>::_ConstructTransaction::~_ConstructTransaction__sub_object()
    main_1.o(.text._Z4Initv) refers to main_1.o(.text._ZNKSt3__16vectorI6ButtonNS_9allocatorIS1_EEE8max_sizeEv) for std::__1::vector<Button, std::__1::allocator<Button>>::max_size() const
    main_1.o(.text._Z4Initv) refers to vector.cpp.o(.text._ZNKSt3__120__vector_base_commonILb1EE20__throw_length_errorEv) for std::__1::__vector_base_common<(bool)1>::__throw_length_error() const
    main_1.o(.text._Z4Initv) refers to main_1.o(.text._ZNSt3__114__split_bufferI6ButtonRNS_9allocatorIS1_EEEC2EjjS4_) for std::__1::__split_buffer<Button, std::__1::allocator<Button>&>::__split_buffer__sub_object(unsigned, unsigned, std::__1::allocator<Button>&)
    main_1.o(.text._Z4Initv) refers to main_1.o(.text._ZNSt3__16vectorI6ButtonNS_9allocatorIS1_EEE26__swap_out_circular_bufferERNS_14__split_bufferIS1_RS3_EE) for std::__1::vector<Button, std::__1::allocator<Button>>::__swap_out_circular_buffer(std::__1::__split_buffer<Button, std::__1::allocator<Button>&>&)
    main_1.o(.text._Z4Initv) refers to main_1.o(.text._ZNSt3__114__split_bufferI6ButtonRNS_9allocatorIS1_EEED2Ev) for std::__1::__split_buffer<Button, std::__1::allocator<Button>&>::~__split_buffer__sub_object()
    main_1.o(.text._Z4Initv) refers to main_1.o(.text._ZL16__NVIC_EnableIRQ4IRQn) for _ZL16__NVIC_EnableIRQ4IRQn
    main_1.o(.text._Z4Initv) refers to main_1.o(.text._ZL18__NVIC_SetPriority4IRQnj) for _ZL18__NVIC_SetPriority4IRQnj
    main_1.o(.ARM.exidx.text._Z4Initv) refers to main_1.o(.text._Z4Initv) for [Anonymous Symbol]
    main_1.o(.ARM.exidx.text._ZL16__NVIC_EnableIRQ4IRQn) refers to main_1.o(.text._ZL16__NVIC_EnableIRQ4IRQn) for [Anonymous Symbol]
[...]
    init_alloc.o(.text) refers to defsig_rtmem_outer.o(.text) for __rt_SIGRTMEM
    init_alloc.o(.text) refers to rt_heap_descriptor_intlibspace.o(.text) for __rt_heap_descriptor
    init_alloc.o(.text) refers to h1_init.o(.text) for __Heap_Initialize
    h1_init_threads.o(.text) refers to mutex_dummy.o(.text) for _mutex_initialize
    cxa_finalize.o(.text) refers (Special) to libshutdown2.o(.ARM.Collect$$libshutdown$$00000001) for __rt_lib_shutdown_cpp_2
    cxa_finalize.o(.text) refers to rt_ddtor_pointer_addr_intlibspace.o(.text) for __rt_ddtor_pointer_addr
    cxa_finalize.o(.text) refers to h1_free.o(.text) for free
    cxa_finalize.o(.ARM.exidx) refers (Special) to libshutdown2.o(.ARM.Collect$$libshutdown$$00000001) for __rt_lib_shutdown_cpp_2
    cxa_finalize.o(.ARM.exidx) refers to cxa_finalize.o(.text) for .text
    defsig_exit.o(.text) refers to sys_exit.o(.text) for _sys_exit
    defsig_abrt_inner.o(.text) refers to defsig_general.o(.text) for __default_signal_display
    _get_argv.o(.text) refers (Special) to hrguard.o(.text) for __heap_region$guard
    _get_argv.o(.text) refers to h1_alloc.o(.text) for malloc
    _get_argv.o(.text) refers to defsig_rtmem_outer.o(.text) for __rt_SIGRTMEM
    _get_argv.o(.text) refers to sys_command.o(.text) for _sys_command_string
    argv_veneer.o(.emb_text) refers to _get_argv.o(.text) for __ARM_get_argv
    abort_message.cpp.o(.text.abort_message) refers to abort.o(.text) for abort
    abort_message.cpp.o(.ARM.exidx.text.abort_message) refers to abort_message.cpp.o(.text.abort_message) for [Anonymous Symbol]
    cxa_default_handlers.cpp.o(.text._ZSt14set_unexpectedPFvvE) refers to cxa_default_handlers.cpp.o(.data.__cxa_unexpected_handler) for __cxa_unexpected_handler
    cxa_default_handlers.cpp.o(.text._ZSt14set_unexpectedPFvvE) refers to cxa_handlers.cpp.o(.text._ZSt9terminatev) for std::terminate()
    cxa_default_handlers.cpp.o(.ARM.exidx.text._ZSt14set_unexpectedPFvvE) refers to cxa_default_handlers.cpp.o(.text._ZSt14set_unexpectedPFvvE) for [Anonymous Symbol]
    cxa_default_handlers.cpp.o(.text._ZSt13set_terminatePFvvE) refers to cxa_default_handlers.cpp.o(.data.__cxa_terminate_handler) for __cxa_terminate_handler
    cxa_default_handlers.cpp.o(.text._ZSt13set_terminatePFvvE) refers to abort.o(.text) for abort
    cxa_default_handlers.cpp.o(.ARM.exidx.text._ZSt13set_terminatePFvvE) refers to cxa_default_handlers.cpp.o(.text._ZSt13set_terminatePFvvE) for [Anonymous Symbol]
    cxa_default_handlers.cpp.o(.data.__cxa_terminate_handler) refers to abort.o(.text) for abort
    cxa_default_handlers.cpp.o(.data.__cxa_unexpected_handler) refers to cxa_handlers.cpp.o(.text._ZSt9terminatev) for std::terminate()
    sys_command.o(.text) refers (Special) to use_no_semi.o(.text) for __I$use$semihosting
    sys_command.o(.text) refers (Special) to indicate_semi.o(.text) for __semihosting_library_function
    sys_command_hlt.o(.text) refers (Special) to use_no_semi.o(.text) for __I$use$semihosting
    sys_command_hlt.o(.text) refers (Special) to indicate_semi.o(.text) for __semihosting_library_function
    libspace.o(.text) refers to libspace.o(.bss) for __libspace_start
    sys_stackheap_outer.o(.text) refers to libspace.o(.text) for __user_perproc_libspace
    sys_stackheap_outer.o(.text) refers to startup_stm32f10x_md.o(.text) for __user_initial_stackheap
    maybetermalloc2.o(.text) refers (Special) to term_alloc.o(.text) for _terminate_alloc
    h1_extend.o(.text) refers to h1_free.o(.text) for free
    h1_extend_threads.o(.text) refers to h1_free_threads.o(.text) for free_internal$concurrent
    exit.o(.text) refers to rtexit.o(.ARM.Collect$$rtexit$$00000000) for __rt_exit
    __raise.o(.text) refers to defsig.o(CL$$defsig) for __default_signal_handler
    defsig_general.o(.text) refers to sys_wrch.o(.text) for _ttywrch
    defsig_rtmem_outer.o(.text) refers to defsig_rtmem_inner.o(.text) for __rt_SIGRTMEM_inner
    defsig_rtmem_outer.o(.text) refers to defsig_exit.o(.text) for __sig_exit
    defsig_rtmem_formal.o(.text) refers to rt_raise.o(.text) for __rt_raise
    heapauxa.o(.text) refers to heapauxa.o(.data) for .data
    _get_argv_nomalloc.o(.text) refers (Special) to hrguard.o(.text) for __heap_region$guard
    _get_argv_nomalloc.o(.text) refers to defsig_rtmem_outer.o(.text) for __rt_SIGRTMEM
    _get_argv_nomalloc.o(.text) refers to sys_command.o(.text) for _sys_command_string
    libinit.o(.ARM.Collect$$libinit$$00000000) refers (Special) to libinit2.o(.ARM.Collect$$libinit$$0000002E) for __rt_lib_init_alloca_1
    libinit.o(.ARM.Collect$$libinit$$00000000) refers (Special) to libinit2.o(.ARM.Collect$$libinit$$00000026) for __rt_lib_init_argv_1
    libinit.o(.ARM.Collect$$libinit$$00000000) refers (Special) to libinit2.o(.ARM.Collect$$libinit$$0000001B) for __rt_lib_init_atexit_1
    libinit.o(.ARM.Collect$$libinit$$00000000) refers (Special) to libinit2.o(.ARM.Collect$$libinit$$00000021) for __rt_lib_init_clock_1
    libinit.o(.ARM.Collect$$libinit$$00000000) refers (Special) to libinit2.o(.ARM.Collect$$libinit$$00000032) for __rt_lib_init_cpp_1
    libinit.o(.ARM.Collect$$libinit$$00000000) refers (Special) to libinit2.o(.ARM.Collect$$libinit$$00000030) for __rt_lib_init_exceptions_1
    libinit.o(.ARM.Collect$$libinit$$00000000) refers (Special) to libinit2.o(.ARM.Collect$$libinit$$00000002) for __rt_lib_init_fp_1
    libinit.o(.ARM.Collect$$libinit$$00000000) refers (Special) to libinit2.o(.ARM.Collect$$libinit$$0000001F) for __rt_lib_init_fp_trap_1
    libinit.o(.ARM.Collect$$libinit$$00000000) refers (Special) to libinit2.o(.ARM.Collect$$libinit$$00000023) for __rt_lib_init_getenv_1
    libinit.o(.ARM.Collect$$libinit$$00000000) refers (Special) to libinit2.o(.ARM.Collect$$libinit$$0000000A) for __rt_lib_init_heap_1
    libinit.o(.ARM.Collect$$libinit$$00000000) refers (Special) to libinit2.o(.ARM.Collect$$libinit$$00000011) for __rt_lib_init_lc_collate_1
    libinit.o(.ARM.Collect$$libinit$$00000000) refers (Special) to libinit2.o(.ARM.Collect$$libinit$$00000013) for __rt_lib_init_lc_ctype_1
    libinit.o(.ARM.Collect$$libinit$$00000000) refers (Special) to libinit2.o(.ARM.Collect$$libinit$$00000015) for __rt_lib_init_lc_monetary_1
    libinit.o(.ARM.Collect$$libinit$$00000000) refers (Special) to libinit2.o(.ARM.Collect$$libinit$$00000017) for __rt_lib_init_lc_numeric_1
    libinit.o(.ARM.Collect$$libinit$$00000000) refers (Special) to libinit2.o(.ARM.Collect$$libinit$$00000019) for __rt_lib_init_lc_time_1
    libinit.o(.ARM.Collect$$libinit$$00000000) refers (Special) to libinit2.o(.ARM.Collect$$libinit$$00000004) for __rt_lib_init_preinit_1
    libinit.o(.ARM.Collect$$libinit$$00000000) refers (Special) to libinit2.o(.ARM.Collect$$libinit$$0000000E) for __rt_lib_init_rand_1
    libinit.o(.ARM.Collect$$libinit$$00000000) refers (Special) to libinit2.o(.ARM.Collect$$libinit$$00000033) for __rt_lib_init_return
    libinit.o(.ARM.Collect$$libinit$$00000000) refers (Special) to libinit2.o(.ARM.Collect$$libinit$$0000001D) for __rt_lib_init_signal_1
    libinit.o(.ARM.Collect$$libinit$$00000000) refers (Special) to libinit2.o(.ARM.Collect$$libinit$$00000025) for __rt_lib_init_stdio_1
    libinit.o(.ARM.Collect$$libinit$$00000000) refers (Special) to libinit2.o(.ARM.Collect$$libinit$$0000000C) for __rt_lib_init_user_alloc_1
    libshutdown2.o(.ARM.Collect$$libshutdown$$00000001) refers (Weak) to cxa_finalize.o(.text) for __cxa_finalize
    libshutdown2.o(.ARM.Collect$$libshutdown$$0000000D) refers (Weak) to term_alloc.o(.text) for _terminate_alloc
    sys_wrch.o(.text) refers (Special) to use_no_semi.o(.text) for __I$use$semihosting
    sys_wrch.o(.text) refers (Special) to indicate_semi.o(.text) for __semihosting_library_function
    sys_wrch_hlt.o(.text) refers (Special) to use_no_semi.o(.text) for __I$use$semihosting
    sys_wrch_hlt.o(.text) refers (Special) to indicate_semi.o(.text) for __semihosting_library_function
    rtexit.o(.ARM.Collect$$rtexit$$00000000) refers (Special) to rtexit2.o(.ARM.Collect$$rtexit$$00000004) for __rt_exit_exit
    rtexit.o(.ARM.Collect$$rtexit$$00000000) refers (Special) to rtexit2.o(.ARM.Collect$$rtexit$$00000003) for __rt_exit_ls
    rtexit.o(.ARM.Collect$$rtexit$$00000000) refers (Special) to rtexit2.o(.ARM.Collect$$rtexit$$00000002) for __rt_exit_prels_1
    rtexit.o(.ARM.exidx) refers (Special) to rtexit2.o(.ARM.Collect$$rtexit$$00000004) for __rt_exit_exit
    rtexit.o(.ARM.exidx) refers (Special) to rtexit2.o(.ARM.Collect$$rtexit$$00000003) for __rt_exit_ls
    rtexit.o(.ARM.exidx) refers (Special) to rtexit2.o(.ARM.Collect$$rtexit$$00000002) for __rt_exit_prels_1
    rtexit.o(.ARM.exidx) refers to rtexit.o(.ARM.Collect$$rtexit$$00000000) for .ARM.Collect$$rtexit$$00000000
    term_alloc.o(.text) refers (Special) to libshutdown2.o(.ARM.Collect$$libshutdown$$0000000E) for __rt_lib_shutdown_heap_2
    term_alloc.o(.text) refers to rt_heap_descriptor_intlibspace.o(.text) for __rt_heap_descriptor
    term_alloc.o(.text) refers to h1_final.o(.text) for __Heap_Finalize
    defsig_rtmem_inner.o(.text) refers to defsig_general.o(.text) for __default_signal_display
    defsig.o(CL$$defsig) refers to defsig_abrt_inner.o(.text) for __rt_SIGABRT_inner
    defsig.o(CL$$defsig) refers to defsig_rtmem_inner.o(.text) for __rt_SIGRTMEM_inner
    rtexit2.o(.ARM.Collect$$rtexit$$00000003) refers to libshutdown.o(.ARM.Collect$$libshutdown$$00000000) for __rt_lib_shutdown
    rtexit2.o(.ARM.Collect$$rtexit$$00000004) refers to sys_exit.o(.text) for _sys_exit
    rtexit2.o(.ARM.exidx) refers to rtexit2.o(.ARM.Collect$$rtexit$$00000001) for .ARM.Collect$$rtexit$$00000001
    rtexit2.o(.ARM.exidx) refers to rtexit2.o(.ARM.Collect$$rtexit$$00000003) for .ARM.Collect$$rtexit$$00000003
    rtexit2.o(.ARM.exidx) refers to rtexit2.o(.ARM.Collect$$rtexit$$00000004) for .ARM.Collect$$rtexit$$00000004
    defsig_fpe_inner.o(.text) refers to defsig_general.o(.text) for __default_signal_display
    defsig_rtred_inner.o(.text) refers to defsig_general.o(.text) for __default_signal_display
    defsig_stak_inner.o(.text) refers to defsig_general.o(.text) for __default_signal_display
    defsig_pvfn_inner.o(.text) refers to defsig_general.o(.text) for __default_signal_display
    defsig_cppl_inner.o(.text) refers to defsig_general.o(.text) for __default_signal_display
    defsig_segv_inner.o(.text) refers to defsig_general.o(.text) for __default_signal_display
    defsig_other.o(.text) refers to defsig_general.o(.text) for __default_signal_display
    libshutdown.o(.ARM.Collect$$libshutdown$$00000000) refers (Special) to libshutdown2.o(.ARM.Collect$$libshutdown$$00000002) for __rt_lib_shutdown_cpp_1
    libshutdown.o(.ARM.Collect$$libshutdown$$00000000) refers (Special) to libshutdown2.o(.ARM.Collect$$libshutdown$$00000007) for __rt_lib_shutdown_fp_trap_1
    libshutdown.o(.ARM.Collect$$libshutdown$$00000000) refers (Special) to libshutdown2.o(.ARM.Collect$$libshutdown$$0000000F) for __rt_lib_shutdown_heap_1
    libshutdown.o(.ARM.Collect$$libshutdown$$00000000) refers (Special) to libshutdown2.o(.ARM.Collect$$libshutdown$$00000010) for __rt_lib_shutdown_return
    libshutdown.o(.ARM.Collect$$libshutdown$$00000000) refers (Special) to libshutdown2.o(.ARM.Collect$$libshutdown$$0000000A) for __rt_lib_shutdown_signal_1
    libshutdown.o(.ARM.Collect$$libshutdown$$00000000) refers (Special) to libshutdown2.o(.ARM.Collect$$libshutdown$$00000004) for __rt_lib_shutdown_stdio_1
    libshutdown.o(.ARM.Collect$$libshutdown$$00000000) refers (Special) to libshutdown2.o(.ARM.Collect$$libshutdown$$0000000C) for __rt_lib_shutdown_user_alloc_1
    main_1.o(.text._ZNSt3__16vectorI6ButtonNS_9allocatorIS1_EEED2Ev) refers to main_1.o(.text._ZNSt3__113__vector_baseI6ButtonNS_9allocatorIS1_EEED2Ev) for std::__1::__vector_base<Button, std::__1::allocator<Button>>::~__vector_base__sub_object()
    main_1.o(.ARM.exidx.text._ZNSt3__16vectorI6ButtonNS_9allocatorIS1_EEED2Ev) refers to main_1.o(.text._ZNSt3__16vectorI6ButtonNS_9allocatorIS1_EEED2Ev) for [Anonymous Symbol]
    main_1.o(.text._ZNSt3__113__vector_baseI6ButtonNS_9allocatorIS1_EEED2Ev) refers to main_1.o(.text._ZNSt3__117_DeallocateCaller27__do_deallocate_handle_sizeEPvj) for std::__1::_DeallocateCaller::__do_deallocate_handle_size(void*, unsigned)
    main_1.o(.ARM.exidx.text._ZNSt3__113__vector_baseI6ButtonNS_9allocatorIS1_EEED2Ev) refers to main_1.o(.text._ZNSt3__113__vector_baseI6ButtonNS_9allocatorIS1_EEED2Ev) for [Anonymous Symbol]
    main_1.o(.text._ZNSt3__117_DeallocateCaller27__do_deallocate_handle_sizeEPvj) refers to main_1.o(.text._ZNSt3__117_DeallocateCaller9__do_callEPv) for std::__1::_DeallocateCaller::__do_call(void*)
    main_1.o(.ARM.exidx.text._ZNSt3__117_DeallocateCaller27__do_deallocate_handle_sizeEPvj) refers to main_1.o(.text._ZNSt3__117_DeallocateCaller27__do_deallocate_handle_sizeEPvj) for [Anonymous Symbol]
    main_1.o(.text._ZNSt3__117_DeallocateCaller9__do_callEPv) refers to new.cpp.o(.text._ZdlPv) for operator delete (void*)
    main_1.o(.ARM.exidx.text._ZNSt3__117_DeallocateCaller9__do_callEPv) refers to main_1.o(.text._ZNSt3__117_DeallocateCaller9__do_callEPv) for [Anonymous Symbol]
    main_1.o(.ARM.exidx.text._ZNSt3__16vectorI6ButtonNS_9allocatorIS1_EEE21_ConstructTransactionC2ERS4_j) refers to main_1.o(.text._ZNSt3__16vectorI6ButtonNS_9allocatorIS1_EEE21_ConstructTransactionC2ERS4_j) for [Anonymous Symbol]
    main_1.o(.ARM.exidx.text._ZNSt3__16vectorI6ButtonNS_9allocatorIS1_EEE21_ConstructTransactionD2Ev) refers to main_1.o(.text._ZNSt3__16vectorI6ButtonNS_9allocatorIS1_EEE21_ConstructTransactionD2Ev) for [Anonymous Symbol]
    main_1.o(.text._ZNSt3__114__split_bufferI6ButtonRNS_9allocatorIS1_EEEC2EjjS4_) refers to main_1.o(.rodata.str1.1) for .L.str
    main_1.o(.text._ZNSt3__114__split_bufferI6ButtonRNS_9allocatorIS1_EEEC2EjjS4_) refers to abort.o(.text) for abort
    main_1.o(.text._ZNSt3__114__split_bufferI6ButtonRNS_9allocatorIS1_EEEC2EjjS4_) refers to new.cpp.o(.text._Znwj) for operator new(unsigned)
    main_1.o(.ARM.exidx.text._ZNSt3__114__split_bufferI6ButtonRNS_9allocatorIS1_EEEC2EjjS4_) refers to main_1.o(.text._ZNSt3__114__split_bufferI6ButtonRNS_9allocatorIS1_EEEC2EjjS4_) for [Anonymous Symbol]
    main_1.o(.text._ZNSt3__16vectorI6ButtonNS_9allocatorIS1_EEE26__swap_out_circular_bufferERNS_14__split_bufferIS1_RS3_EE) refers to rt_memcpy_w.o(.text) for __aeabi_memcpy4
    main_1.o(.ARM.exidx.text._ZNSt3__16vectorI6ButtonNS_9allocatorIS1_EEE26__swap_out_circular_bufferERNS_14__split_bufferIS1_RS3_EE) refers to main_1.o(.text._ZNSt3__16vectorI6ButtonNS_9allocatorIS1_EEE26__swap_out_circular_bufferERNS_14__split_bufferIS1_RS3_EE) for [Anonymous Symbol]
    main_1.o(.text._ZNSt3__114__split_bufferI6ButtonRNS_9allocatorIS1_EEED2Ev) refers to main_1.o(.text._ZNSt3__117_DeallocateCaller27__do_deallocate_handle_sizeEPvj) for std::__1::_DeallocateCaller::__do_deallocate_handle_size(void*, unsigned)
    main_1.o(.ARM.exidx.text._ZNSt3__114__split_bufferI6ButtonRNS_9allocatorIS1_EEED2Ev) refers to main_1.o(.text._ZNSt3__114__split_bufferI6ButtonRNS_9allocatorIS1_EEED2Ev) for [Anonymous Symbol]
    main_1.o(.ARM.exidx.text._ZNKSt3__16vectorI6ButtonNS_9allocatorIS1_EEE8max_sizeEv) refers to main_1.o(.text._ZNKSt3__16vectorI6ButtonNS_9allocatorIS1_EEE8max_sizeEv) for [Anonymous Symbol]
    vector.cpp.o(.ARM.exidx.text._ZNSt3__120__vector_base_commonILb1EEC2Ev) refers to vector.cpp.o(.text._ZNSt3__120__vector_base_commonILb1EEC2Ev) for [Anonymous Symbol]
    vector.cpp.o(.text._ZNKSt3__120__vector_base_commonILb1EE20__throw_length_errorEv) refers to abort.o(.text) for abort
    vector.cpp.o(.ARM.exidx.text._ZNKSt3__120__vector_base_commonILb1EE20__throw_length_errorEv) refers to vector.cpp.o(.text._ZNKSt3__120__vector_base_commonILb1EE20__throw_length_errorEv) for [Anonymous Symbol]
    vector.cpp.o(.text._ZNKSt3__120__vector_base_commonILb1EE20__throw_out_of_rangeEv) refers to abort.o(.text) for abort
    vector.cpp.o(.ARM.exidx.text._ZNKSt3__120__vector_base_commonILb1EE20__throw_out_of_rangeEv) refers to vector.cpp.o(.text._ZNKSt3__120__vector_base_commonILb1EE20__throw_out_of_rangeEv) for [Anonymous Symbol]


==============================================================================

Removing Unused input sections from the image.

    Removing main_1.o(.text), (0 bytes).
    Removing main_1.o(.ARM.exidx.text.__cxx_global_var_init), (8 bytes).
    Removing main_1.o(.text._Z16EXTI0_IRQHandlerv), (66 bytes).
    Removing main_1.o(.ARM.exidx.text._Z16EXTI0_IRQHandlerv), (8 bytes).
    Removing main_1.o(.text._Z16EXTI1_IRQHandlerv), (66 bytes).
    Removing main_1.o(.ARM.exidx.text._Z16EXTI1_IRQHandlerv), (8 bytes).
    Removing main_1.o(.text._Z16EXTI2_IRQHandlerv), (66 bytes).
    Removing main_1.o(.ARM.exidx.text._Z16EXTI2_IRQHandlerv), (8 bytes).
    Removing main_1.o(.text._Z16EXTI3_IRQHandlerv), (66 bytes).
    Removing main_1.o(.ARM.exidx.text._Z16EXTI3_IRQHandlerv), (8 bytes).
    Removing main_1.o(.ARM.exidx.text._Z5delayy), (8 bytes).
    Removing main_1.o(.ARM.exidx.text._Z4Initv), (8 bytes).
    Removing main_1.o(.ARM.exidx.text._ZL16__NVIC_EnableIRQ4IRQn), (8 bytes).
    Removing main_1.o(.ARM.exidx.text._ZL18__NVIC_SetPriority4IRQnj), (8 bytes).
    Removing main_1.o(.ARM.exidx.text.main), (8 bytes).
    Removing main_1.o(.ARM.exidx.text._GLOBAL__sub_I_main.cpp), (8 bytes).
    Removing button.o(.text), (0 bytes).
    Removing button.o(.ARM.exidx.text._ZN6ButtonC2EP12EXTI_TypeDefjh), (8 bytes).
    Removing button.o(.text._ZN6Button11ChangeStateEv), (90 bytes).
    Removing button.o(.ARM.exidx.text._ZN6Button11ChangeStateEv), (8 bytes).
    Removing system_stm32f10x.o(.text), (0 bytes).
    Removing system_stm32f10x.o(.ARM.exidx.text.SystemInit), (8 bytes).
    Removing system_stm32f10x.o(.ARM.exidx.text.SetSysClock), (8 bytes).
    Removing system_stm32f10x.o(.text.SystemCoreClockUpdate), (296 bytes).
    Removing system_stm32f10x.o(.ARM.exidx.text.SystemCoreClockUpdate), (8 bytes).
    Removing system_stm32f10x.o(.ARM.exidx.text.SetSysClockTo72), (8 bytes).
    Removing system_stm32f10x.o(.data.SystemCoreClock), (4 bytes).
    Removing system_stm32f10x.o(.rodata.AHBPrescTable), (16 bytes).
    Removing new.cpp.o(.text), (0 bytes).
    Removing new.cpp.o(.text._ZSt17__throw_bad_allocv), (4 bytes).
    Removing new.cpp.o(.ARM.exidx.text._ZSt17__throw_bad_allocv), (8 bytes).
    Removing new.cpp.o(.ARM.exidx.text._Znwj), (8 bytes).
    Removing new.cpp.o(.text._ZnwjRKSt9nothrow_t), (4 bytes).
    Removing new.cpp.o(.ARM.exidx.text._ZnwjRKSt9nothrow_t), (8 bytes).
    Removing new.cpp.o(.text._Znaj), (4 bytes).
    Removing new.cpp.o(.ARM.exidx.text._Znaj), (8 bytes).
    Removing new.cpp.o(.text._ZnajRKSt9nothrow_t), (4 bytes).
    Removing new.cpp.o(.ARM.exidx.text._ZnajRKSt9nothrow_t), (8 bytes).
    Removing new.cpp.o(.ARM.exidx.text._ZdlPv), (8 bytes).
    Removing new.cpp.o(.text._ZdlPvRKSt9nothrow_t), (4 bytes).
    Removing new.cpp.o(.ARM.exidx.text._ZdlPvRKSt9nothrow_t), (8 bytes).
    Removing new.cpp.o(.text._ZdlPvj), (4 bytes).
    Removing new.cpp.o(.ARM.exidx.text._ZdlPvj), (8 bytes).
    Removing new.cpp.o(.text._ZdaPv), (4 bytes).
    Removing new.cpp.o(.ARM.exidx.text._ZdaPv), (8 bytes).
    Removing new.cpp.o(.text._ZdaPvRKSt9nothrow_t), (4 bytes).
    Removing new.cpp.o(.ARM.exidx.text._ZdaPvRKSt9nothrow_t), (8 bytes).
    Removing new.cpp.o(.text._ZdaPvj), (4 bytes).
    Removing new.cpp.o(.ARM.exidx.text._ZdaPvj), (8 bytes).
    Removing new.cpp.o(.text._ZnwjSt11align_val_t), (70 bytes).
    Removing new.cpp.o(.ARM.exidx.text._ZnwjSt11align_val_t), (8 bytes).
    Removing new.cpp.o(.text._ZnwjSt11align_val_tRKSt9nothrow_t), (4 bytes).
    Removing new.cpp.o(.ARM.exidx.text._ZnwjSt11align_val_tRKSt9nothrow_t), (8 bytes).
    Removing new.cpp.o(.text._ZnajSt11align_val_t), (4 bytes).
    Removing new.cpp.o(.ARM.exidx.text._ZnajSt11align_val_t), (8 bytes).
    Removing new.cpp.o(.text._ZnajSt11align_val_tRKSt9nothrow_t), (4 bytes).
    Removing new.cpp.o(.ARM.exidx.text._ZnajSt11align_val_tRKSt9nothrow_t), (8 bytes).
    Removing new.cpp.o(.text._ZdlPvSt11align_val_t), (4 bytes).
    Removing new.cpp.o(.ARM.exidx.text._ZdlPvSt11align_val_t), (8 bytes).
    Removing new.cpp.o(.text._ZdlPvSt11align_val_tRKSt9nothrow_t), (4 bytes).
    Removing new.cpp.o(.ARM.exidx.text._ZdlPvSt11align_val_tRKSt9nothrow_t), (8 bytes).
    Removing new.cpp.o(.text._ZdlPvjSt11align_val_t), (6 bytes).
    Removing new.cpp.o(.ARM.exidx.text._ZdlPvjSt11align_val_t), (8 bytes).
    Removing new.cpp.o(.text._ZdaPvSt11align_val_t), (4 bytes).
    Removing new.cpp.o(.ARM.exidx.text._ZdaPvSt11align_val_t), (8 bytes).
    Removing new.cpp.o(.text._ZdaPvSt11align_val_tRKSt9nothrow_t), (4 bytes).
    Removing new.cpp.o(.ARM.exidx.text._ZdaPvSt11align_val_tRKSt9nothrow_t), (8 bytes).
    Removing new.cpp.o(.text._ZdaPvjSt11align_val_t), (6 bytes).
    Removing new.cpp.o(.ARM.exidx.text._ZdaPvjSt11align_val_t), (8 bytes).
    Removing new.cpp.o(.rodata._ZSt7nothrow), (1 bytes).
    Removing vector.cpp.o(.text), (0 bytes).
    Removing cxa_handlers.cpp.o(.text), (0 bytes).
    Removing cxa_handlers.cpp.o(.text._ZSt14get_unexpectedv), (12 bytes).
    Removing cxa_handlers.cpp.o(.ARM.exidx.text._ZSt14get_unexpectedv), (8 bytes).
    Removing cxa_handlers.cpp.o(.text._ZSt12__unexpectedPFvvE), (52 bytes).
    Removing cxa_handlers.cpp.o(.ARM.exidx.text._ZSt12__unexpectedPFvvE), (8 bytes).
    Removing cxa_handlers.cpp.o(.text._ZSt10unexpectedv), (14 bytes).
    Removing cxa_handlers.cpp.o(.ARM.exidx.text._ZSt10unexpectedv), (8 bytes).
    Removing cxa_handlers.cpp.o(.text._ZSt13get_terminatev), (12 bytes).
    Removing cxa_handlers.cpp.o(.ARM.exidx.text._ZSt13get_terminatev), (8 bytes).
    Removing cxa_handlers.cpp.o(.text._ZSt11__terminatePFvvE), (48 bytes).
    Removing cxa_handlers.cpp.o(.ARM.exidx.text._ZSt11__terminatePFvvE), (8 bytes).
    Removing cxa_handlers.cpp.o(.text._ZSt9terminatev), (14 bytes).
    Removing cxa_handlers.cpp.o(.ARM.exidx.text._ZSt9terminatev), (8 bytes).
    Removing cxa_handlers.cpp.o(.text._ZSt15set_new_handlerPFvvE), (18 bytes).
    Removing cxa_handlers.cpp.o(.ARM.exidx.text._ZSt15set_new_handlerPFvvE), (8 bytes).
    Removing cxa_handlers.cpp.o(.ARM.exidx.text._ZSt15get_new_handlerv), (8 bytes).
    Removing abort_message.cpp.o(.text), (0 bytes).
    Removing abort_message.cpp.o(.text.abort_message), (4 bytes).
    Removing abort_message.cpp.o(.ARM.exidx.text.abort_message), (8 bytes).
    Removing cxa_default_handlers.cpp.o(.text), (0 bytes).
    Removing cxa_default_handlers.cpp.o(.text._ZSt14set_unexpectedPFvvE), (30 bytes).
    Removing cxa_default_handlers.cpp.o(.ARM.exidx.text._ZSt14set_unexpectedPFvvE), (8 bytes).
    Removing cxa_default_handlers.cpp.o(.text._ZSt13set_terminatePFvvE), (30 bytes).
    Removing cxa_default_handlers.cpp.o(.ARM.exidx.text._ZSt13set_terminatePFvvE), (8 bytes).
    Removing cxa_default_handlers.cpp.o(.data.__cxa_terminate_handler), (4 bytes).
    Removing cxa_default_handlers.cpp.o(.data.__cxa_unexpected_handler), (4 bytes).
    Removing main_1.o(.ARM.exidx.text._ZNSt3__16vectorI6ButtonNS_9allocatorIS1_EEED2Ev), (8 bytes).
    Removing main_1.o(.ARM.exidx.text._ZNSt3__113__vector_baseI6ButtonNS_9allocatorIS1_EEED2Ev), (8 bytes).
    Removing main_1.o(.ARM.exidx.text._ZNSt3__117_DeallocateCaller27__do_deallocate_handle_sizeEPvj), (8 bytes).
    Removing main_1.o(.ARM.exidx.text._ZNSt3__117_DeallocateCaller9__do_callEPv), (8 bytes).
    Removing main_1.o(.ARM.exidx.text._ZNSt3__16vectorI6ButtonNS_9allocatorIS1_EEE21_ConstructTransactionC2ERS4_j), (8 bytes).
    Removing main_1.o(.ARM.exidx.text._ZNSt3__16vectorI6ButtonNS_9allocatorIS1_EEE21_ConstructTransactionD2Ev), (8 bytes).
    Removing main_1.o(.ARM.exidx.text._ZNSt3__114__split_bufferI6ButtonRNS_9allocatorIS1_EEEC2EjjS4_), (8 bytes).
    Removing main_1.o(.ARM.exidx.text._ZNSt3__16vectorI6ButtonNS_9allocatorIS1_EEE26__swap_out_circular_bufferERNS_14__split_bufferIS1_RS3_EE), (8 bytes).
    Removing main_1.o(.ARM.exidx.text._ZNSt3__114__split_bufferI6ButtonRNS_9allocatorIS1_EEED2Ev), (8 bytes).
    Removing main_1.o(.ARM.exidx.text._ZNKSt3__16vectorI6ButtonNS_9allocatorIS1_EEE8max_sizeEv), (8 bytes).
    Removing vector.cpp.o(.text._ZNSt3__120__vector_base_commonILb1EEC2Ev), (2 bytes).
    Removing vector.cpp.o(.ARM.exidx.text._ZNSt3__120__vector_base_commonILb1EEC2Ev), (8 bytes).
    Removing vector.cpp.o(.ARM.exidx.text._ZNKSt3__120__vector_base_commonILb1EE20__throw_length_errorEv), (8 bytes).
    Removing vector.cpp.o(.text._ZNKSt3__120__vector_base_commonILb1EE20__throw_out_of_rangeEv), (4 bytes).
    Removing vector.cpp.o(.ARM.exidx.text._ZNKSt3__120__vector_base_commonILb1EE20__throw_out_of_rangeEv), (8 bytes).

112 unused section(s) (total 1561 bytes) removed from the image.

==============================================================================

Image Symbol Table

    Local Symbols

    Symbol Name                              Value     Ov Type        Size  Object(Section)

    ../clib/angel/boardlib.s                 0x00000000   Number         0  boardinit1.o ABSOLUTE
    ../clib/angel/boardlib.s                 0x00000000   Number         0  boardinit2.o ABSOLUTE
    ../clib/angel/boardlib.s                 0x00000000   Number         0  boardinit3.o ABSOLUTE
    ../clib/angel/boardlib.s                 0x00000000   Number         0  boardshut.o ABSOLUTE
    ../clib/angel/handlers.s                 0x00000000   Number         0  __scatter_zi.o ABSOLUTE
    ../clib/angel/kernel.s                   0x00000000   Number         0  __rtentry.o ABSOLUTE
    ../clib/angel/kernel.s                   0x00000000   Number         0  __rtentry2.o ABSOLUTE
    ../clib/angel/kernel.s                   0x00000000   Number         0  __rtentry4.o ABSOLUTE
    ../clib/angel/kernel.s                   0x00000000   Number         0  rtexit.o ABSOLUTE
    ../clib/angel/kernel.s                   0x00000000   Number         0  rtexit2.o ABSOLUTE
    ../clib/angel/rt.s                       0x00000000   Number         0  rt_raise.o ABSOLUTE
    ../clib/angel/rt.s                       0x00000000   Number         0  rt_heap_descriptor.o ABSOLUTE
    ../clib/angel/rt.s                       0x00000000   Number         0  rt_heap_descriptor_intlibspace.o ABSOLUTE
    ../clib/angel/rt.s                       0x00000000   Number         0  rt_ddtor_pointer_addr.o ABSOLUTE
    ../clib/angel/rt.s                       0x00000000   Number         0  rt_ddtor_pointer_addr_intlibspace.o ABSOLUTE
    ../clib/angel/scatter.s                  0x00000000   Number         0  __scatter.o ABSOLUTE
    ../clib/angel/startup.s                  0x00000000   Number         0  __main.o ABSOLUTE
    ../clib/angel/sys.s                      0x00000000   Number         0  use_no_semi.o ABSOLUTE
    ../clib/angel/sys.s                      0x00000000   Number         0  mutex_dummy.o ABSOLUTE
    ../clib/angel/sys.s                      0x00000000   Number         0  indicate_semi.o ABSOLUTE
    ../clib/angel/sys.s                      0x00000000   Number         0  libspace.o ABSOLUTE
    ../clib/angel/sys.s                      0x00000000   Number         0  sys_stackheap_outer.o ABSOLUTE
    ../clib/angel/sysapp.c                   0x00000000   Number         0  sys_exit.o ABSOLUTE
    ../clib/angel/sysapp.c                   0x00000000   Number         0  sys_exit_hlt.o ABSOLUTE
    ../clib/angel/sysapp.c                   0x00000000   Number         0  sys_command.o ABSOLUTE
    ../clib/angel/sysapp.c                   0x00000000   Number         0  sys_command_hlt.o ABSOLUTE
    ../clib/angel/sysapp.c                   0x00000000   Number         0  sys_wrch.o ABSOLUTE
    ../clib/angel/sysapp.c                   0x00000000   Number         0  sys_wrch_hlt.o ABSOLUTE
    ../clib/arm_runtime.c                    0x00000000   Number         0  init_aeabi.o ABSOLUTE
    ../clib/arm_runtime.c                    0x00000000   Number         0  init_aeabi.o ABSOLUTE
    ../clib/armsys.c                         0x00000000   Number         0  _get_argv.o ABSOLUTE
    ../clib/armsys.c                         0x00000000   Number         0  argv_veneer.o ABSOLUTE
    ../clib/armsys.c                         0x00000000   Number         0  argv_veneer.o ABSOLUTE
    ../clib/armsys.c                         0x00000000   Number         0  _get_argv_nomalloc.o ABSOLUTE
    ../clib/armsys.c                         0x00000000   Number         0  no_argv.o ABSOLUTE
    ../clib/heap1.c                          0x00000000   Number         0  h1_alloc.o ABSOLUTE
    ../clib/heap1.c                          0x00000000   Number         0  h1_free.o ABSOLUTE
    ../clib/heap1.c                          0x00000000   Number         0  h1_memalign.o ABSOLUTE
    ../clib/heap1.c                          0x00000000   Number         0  h1_alloc_threads.o ABSOLUTE
    ../clib/heap1.c                          0x00000000   Number         0  h1_free_threads.o ABSOLUTE
    ../clib/heap1.c                          0x00000000   Number         0  h1_memalign_threads.o ABSOLUTE
    ../clib/heap1.c                          0x00000000   Number         0  h1_init.o ABSOLUTE
    ../clib/heap1.c                          0x00000000   Number         0  h1_init_threads.o ABSOLUTE
    ../clib/heap1.c                          0x00000000   Number         0  h1_extend.o ABSOLUTE
    ../clib/heap1.c                          0x00000000   Number         0  h1_extend_threads.o ABSOLUTE
    ../clib/heap1.c                          0x00000000   Number         0  h1_final.o ABSOLUTE
    ../clib/heap1.c                          0x00000000   Number         0  h1_final_threads.o ABSOLUTE
    ../clib/heap2.c                          0x00000000   Number         0  heap2.o ABSOLUTE
    ../clib/heap2.c                          0x00000000   Number         0  heap2_threads.o ABSOLUTE
    ../clib/heap2.c                          0x00000000   Number         0  fdtree.o ABSOLUTE
    ../clib/heapalloc.c                      0x00000000   Number         0  malloc.o ABSOLUTE
    ../clib/heapalloc.c                      0x00000000   Number         0  free.o ABSOLUTE
    ../clib/heapalloc.c                      0x00000000   Number         0  hguard.o ABSOLUTE
    ../clib/heapalloc.c                      0x00000000   Number         0  init_alloc.o ABSOLUTE
    ../clib/heapalloc.c                      0x00000000   Number         0  heapstubs.o ABSOLUTE
    ../clib/heapalloc.c                      0x00000000   Number         0  hrguard.o ABSOLUTE
    ../clib/heapalloc.c                      0x00000000   Number         0  term_alloc.o ABSOLUTE
    ../clib/heapaux.c                        0x00000000   Number         0  heapauxi.o ABSOLUTE
    ../clib/heapaux.c                        0x00000000   Number         0  heapauxa.o ABSOLUTE
    ../clib/libinit.s                        0x00000000   Number         0  libinit2.o ABSOLUTE
    ../clib/libinit.s                        0x00000000   Number         0  libinit.o ABSOLUTE
    ../clib/libinit.s                        0x00000000   Number         0  libshutdown2.o ABSOLUTE
    ../clib/libinit.s                        0x00000000   Number         0  libshutdown.o ABSOLUTE
    ../clib/maybe.s                          0x00000000   Number         0  maybetermalloc1.o ABSOLUTE
    ../clib/maybe.s                          0x00000000   Number         0  maybetermalloc2.o ABSOLUTE
    ../clib/memcpset.s                       0x00000000   Number         0  rt_memcpy_w.o ABSOLUTE
    ../clib/r_arm_target.c                   0x00000000   Number         0  __ARM_resolve_target1.o ABSOLUTE
    ../clib/r_arm_target.c                   0x00000000   Number         0  __ARM_resolve_target1_abs32.o ABSOLUTE
    ../clib/signal.c                         0x00000000   Number         0  defsig_abrt_outer.o ABSOLUTE
    ../clib/signal.c                         0x00000000   Number         0  defsig_abrt_formal.o ABSOLUTE
    ../clib/signal.c                         0x00000000   Number         0  defsig_exit.o ABSOLUTE
    ../clib/signal.c                         0x00000000   Number         0  defsig_abrt_inner.o ABSOLUTE
    ../clib/signal.c                         0x00000000   Number         0  __raise.o ABSOLUTE
    ../clib/signal.c                         0x00000000   Number         0  defsig_general.o ABSOLUTE
    ../clib/signal.c                         0x00000000   Number         0  defsig_rtmem_outer.o ABSOLUTE
    ../clib/signal.c                         0x00000000   Number         0  defsig_rtmem_formal.o ABSOLUTE
    ../clib/signal.c                         0x00000000   Number         0  defsig_rtmem_inner.o ABSOLUTE
    ../clib/signal.c                         0x00000000   Number         0  defsig_fpe_inner.o ABSOLUTE
    ../clib/signal.c                         0x00000000   Number         0  defsig_rtred_inner.o ABSOLUTE
    ../clib/signal.c                         0x00000000   Number         0  defsig_stak_inner.o ABSOLUTE
    ../clib/signal.c                         0x00000000   Number         0  defsig_pvfn_inner.o ABSOLUTE
    ../clib/signal.c                         0x00000000   Number         0  defsig_cppl_inner.o ABSOLUTE
    ../clib/signal.c                         0x00000000   Number         0  defsig_segv_inner.o ABSOLUTE
    ../clib/signal.c                         0x00000000   Number         0  defsig_other.o ABSOLUTE
    ../clib/signal.s                         0x00000000   Number         0  defsig.o ABSOLUTE
    ../clib/stdlib.c                         0x00000000   Number         0  abort.o ABSOLUTE
    ../clib/stdlib.c                         0x00000000   Number         0  atexit_cxa.o ABSOLUTE
    ../clib/stdlib.c                         0x00000000   Number         0  cxa_atexit.o ABSOLUTE
    ../clib/stdlib.c                         0x00000000   Number         0  atexit_aeabi.o ABSOLUTE
    ../clib/stdlib.c                         0x00000000   Number         0  aeabi_atexit.o ABSOLUTE
    ../clib/stdlib.c                         0x00000000   Number         0  cxa_finalize.o ABSOLUTE
    ../clib/stdlib.c                         0x00000000   Number         0  exit.o ABSOLUTE
    ../fplib/fpinit.s                        0x00000000   Number         0  fpinit.o ABSOLUTE
    ../fplib/fpinit_empty.s                  0x00000000   Number         0  fpinit_empty.o ABSOLUTE
    Button.cpp                               0x00000000   Number         0  button.o ABSOLUTE
    RTE/Device/STM32F101RB/startup_stm32f10x_md.s 0x00000000   Number         0  startup_stm32f10x_md.o ABSOLUTE
    _ZNSt3__120__vector_base_commonILb1EEC5Ev 0x00000000   Number         0  vector.cpp.o ABSOLUTE
    abort_message.cpp                        0x00000000   Number         0  abort_message.cpp.o ABSOLUTE
    cxa_default_handlers.cpp                 0x00000000   Number         0  cxa_default_handlers.cpp.o ABSOLUTE
    cxa_handlers.cpp                         0x00000000   Number         0  cxa_handlers.cpp.o ABSOLUTE
    dc.s                                     0x00000000   Number         0  dc.o ABSOLUTE
    main.cpp                                 0x00000000   Number         0  main_1.o ABSOLUTE
    new.cpp                                  0x00000000   Number         0  new.cpp.o ABSOLUTE
    system_stm32f10x.c                       0x00000000   Number         0  system_stm32f10x.o ABSOLUTE
    vector.cpp                               0x00000000   Number         0  vector.cpp.o ABSOLUTE
    RESET                                    0x08000000   Section      236  startup_stm32f10x_md.o(RESET)
    !!!main                                  0x080000ec   Section        8  __main.o(!!!main)
    !!!scatter                               0x080000f4   Section       52  __scatter.o(!!!scatter)
    !!handler_zi                             0x08000128   Section       28  __scatter_zi.o(!!handler_zi)
    .ARM.Collect$$libinit$$00000000          0x08000144   Section        2  libinit.o(.ARM.Collect$$libinit$$00000000)
    .ARM.Collect$$libinit$$00000002          0x08000146   Section        0  libinit2.o(.ARM.Collect$$libinit$$00000002)
    .ARM.Collect$$libinit$$00000004          0x08000146   Section        0  libinit2.o(.ARM.Collect$$libinit$$00000004)
    .ARM.Collect$$libinit$$00000005          0x08000146   Section        8  libinit2.o(.ARM.Collect$$libinit$$00000005)
    .ARM.Collect$$libinit$$0000000A          0x0800014e   Section        0  libinit2.o(.ARM.Collect$$libinit$$0000000A)
    .ARM.Collect$$libinit$$0000000C          0x0800014e   Section        0  libinit2.o(.ARM.Collect$$libinit$$0000000C)
    .ARM.Collect$$libinit$$0000000E          0x0800014e   Section        0  libinit2.o(.ARM.Collect$$libinit$$0000000E)
    .ARM.Collect$$libinit$$00000011          0x0800014e   Section        0  libinit2.o(.ARM.Collect$$libinit$$00000011)
    .ARM.Collect$$libinit$$00000013          0x0800014e   Section        0  libinit2.o(.ARM.Collect$$libinit$$00000013)
    .ARM.Collect$$libinit$$00000015          0x0800014e   Section        0  libinit2.o(.ARM.Collect$$libinit$$00000015)
    .ARM.Collect$$libinit$$00000017          0x0800014e   Section        0  libinit2.o(.ARM.Collect$$libinit$$00000017)
    .ARM.Collect$$libinit$$00000019          0x0800014e   Section        0  libinit2.o(.ARM.Collect$$libinit$$00000019)
    .ARM.Collect$$libinit$$0000001B          0x0800014e   Section        0  libinit2.o(.ARM.Collect$$libinit$$0000001B)
    .ARM.Collect$$libinit$$0000001D          0x0800014e   Section        0  libinit2.o(.ARM.Collect$$libinit$$0000001D)
    .ARM.Collect$$libinit$$0000001F          0x0800014e   Section        0  libinit2.o(.ARM.Collect$$libinit$$0000001F)
    .ARM.Collect$$libinit$$00000021          0x0800014e   Section        0  libinit2.o(.ARM.Collect$$libinit$$00000021)
    .ARM.Collect$$libinit$$00000023          0x0800014e   Section        0  libinit2.o(.ARM.Collect$$libinit$$00000023)
    .ARM.Collect$$libinit$$00000025          0x0800014e   Section        0  libinit2.o(.ARM.Collect$$libinit$$00000025)
    .ARM.Collect$$libinit$$00000026          0x0800014e   Section        8  libinit2.o(.ARM.Collect$$libinit$$00000026)
    .ARM.Collect$$libinit$$0000002E          0x08000156   Section        0  libinit2.o(.ARM.Collect$$libinit$$0000002E)
    .ARM.Collect$$libinit$$00000030          0x08000156   Section        0  libinit2.o(.ARM.Collect$$libinit$$00000030)
    .ARM.Collect$$libinit$$00000031          0x08000156   Section        4  libinit2.o(.ARM.Collect$$libinit$$00000031)
    .ARM.Collect$$libinit$$00000032          0x0800015a   Section        0  libinit2.o(.ARM.Collect$$libinit$$00000032)
    .ARM.Collect$$libinit$$00000033          0x0800015a   Section        2  libinit2.o(.ARM.Collect$$libinit$$00000033)
    .ARM.Collect$$libshutdown$$00000000      0x0800015c   Section        2  libshutdown.o(.ARM.Collect$$libshutdown$$00000000)
    .ARM.Collect$$libshutdown$$00000001      0x0800015e   Section        6  libshutdown2.o(.ARM.Collect$$libshutdown$$00000001)
    .ARM.Collect$$libshutdown$$00000002      0x08000164   Section        0  libshutdown2.o(.ARM.Collect$$libshutdown$$00000002)
    .ARM.Collect$$libshutdown$$00000004      0x08000164   Section        0  libshutdown2.o(.ARM.Collect$$libshutdown$$00000004)
    .ARM.Collect$$libshutdown$$00000007      0x08000164   Section        0  libshutdown2.o(.ARM.Collect$$libshutdown$$00000007)
    .ARM.Collect$$libshutdown$$0000000A      0x08000164   Section        0  libshutdown2.o(.ARM.Collect$$libshutdown$$0000000A)
    .ARM.Collect$$libshutdown$$0000000C      0x08000164   Section        0  libshutdown2.o(.ARM.Collect$$libshutdown$$0000000C)
    .ARM.Collect$$libshutdown$$0000000F      0x08000164   Section        0  libshutdown2.o(.ARM.Collect$$libshutdown$$0000000F)
    .ARM.Collect$$libshutdown$$00000010      0x08000164   Section        2  libshutdown2.o(.ARM.Collect$$libshutdown$$00000010)
    .ARM.Collect$$rtentry$$00000000          0x08000166   Section        0  __rtentry.o(.ARM.Collect$$rtentry$$00000000)
    .ARM.Collect$$rtentry$$00000002          0x08000166   Section        0  __rtentry2.o(.ARM.Collect$$rtentry$$00000002)
    .ARM.Collect$$rtentry$$00000004          0x08000166   Section        6  __rtentry4.o(.ARM.Collect$$rtentry$$00000004)
    .ARM.Collect$$rtentry$$00000009          0x0800016c   Section        0  __rtentry2.o(.ARM.Collect$$rtentry$$00000009)
    .ARM.Collect$$rtentry$$0000000A          0x0800016c   Section        4  __rtentry2.o(.ARM.Collect$$rtentry$$0000000A)
    .ARM.Collect$$rtentry$$0000000C          0x08000170   Section        0  __rtentry2.o(.ARM.Collect$$rtentry$$0000000C)
    .ARM.Collect$$rtentry$$0000000D          0x08000170   Section        8  __rtentry2.o(.ARM.Collect$$rtentry$$0000000D)
    .ARM.Collect$$rtexit$$00000000           0x08000178   Section        2  rtexit.o(.ARM.Collect$$rtexit$$00000000)
    .ARM.Collect$$rtexit$$00000002           0x0800017a   Section        0  rtexit2.o(.ARM.Collect$$rtexit$$00000002)
    .ARM.Collect$$rtexit$$00000003           0x0800017a   Section        4  rtexit2.o(.ARM.Collect$$rtexit$$00000003)
    .ARM.Collect$$rtexit$$00000004           0x0800017e   Section        6  rtexit2.o(.ARM.Collect$$rtexit$$00000004)
    .emb_text                                0x08000184   Section        4  argv_veneer.o(.emb_text)
    .text                                    0x08000188   Section       64  startup_stm32f10x_md.o(.text)
    .text                                    0x080001c8   Section        0  abort.o(.text)
    .text                                    0x080001de   Section        0  cxa_atexit.o(.text)
    .text                                    0x080001e8   Section      100  rt_memcpy_w.o(.text)
    .text                                    0x0800024c   Section        0  heapauxi.o(.text)
    .text                                    0x08000254   Section        0  init_aeabi.o(.text)
    .text                                    0x08000278   Section        0  sys_exit.o(.text)
    .text                                    0x08000284   Section        0  h1_alloc.o(.text)
    .text                                    0x080002e2   Section        0  h1_free.o(.text)
    .text                                    0x08000330   Section        0  aeabi_atexit.o(.text)
    .text                                    0x0800035e   Section        0  defsig_abrt_outer.o(.text)
    .text                                    0x0800036c   Section        2  use_no_semi.o(.text)
    .text                                    0x0800036e   Section        0  indicate_semi.o(.text)
    .text                                    0x08000370   Section        8  rt_heap_descriptor_intlibspace.o(.text)
    .text                                    0x08000378   Section        8  rt_ddtor_pointer_addr_intlibspace.o(.text)
    .text                                    0x08000380   Section        0  hguard.o(.text)
    .text                                    0x08000384   Section        0  init_alloc.o(.text)
    .text                                    0x0800040e   Section        0  h1_init.o(.text)
    .text                                    0x0800041c   Section        0  cxa_finalize.o(.text)
    .text                                    0x0800045e   Section        0  defsig_exit.o(.text)
    .text                                    0x08000468   Section        0  defsig_abrt_inner.o(.text)
    .text                                    0x08000498   Section        0  _get_argv.o(.text)
    .text                                    0x080005a0   Section        0  sys_command.o(.text)
    .text                                    0x080005b8   Section        8  libspace.o(.text)
    .text                                    0x080005c0   Section       74  sys_stackheap_outer.o(.text)
    .text                                    0x0800060a   Section        0  hrguard.o(.text)
    .text                                    0x0800060e   Section        0  maybetermalloc1.o(.text)
    .text                                    0x0800060e   Section        0  h1_extend.o(.text)
    .text                                    0x08000642   Section        0  exit.o(.text)
    .text                                    0x08000654   Section        0  defsig_general.o(.text)
    .text                                    0x08000686   Section        0  defsig_rtmem_outer.o(.text)
    .text                                    0x08000694   Section        0  sys_wrch.o(.text)
    .text                                    0x080006a4   Section        0  defsig_rtmem_inner.o(.text)
    SetSysClock                              0x080006f5   Thumb Code     8  system_stm32f10x.o(.text.SetSysClock)
    [Anonymous Symbol]                       0x080006f4   Section        0  system_stm32f10x.o(.text.SetSysClock)
    SetSysClockTo72                          0x080006fd   Thumb Code   290  system_stm32f10x.o(.text.SetSysClockTo72)
    [Anonymous Symbol]                       0x080006fc   Section        0  system_stm32f10x.o(.text.SetSysClockTo72)
    [Anonymous Symbol]                       0x08000820   Section        0  system_stm32f10x.o(.text.SystemInit)
    _GLOBAL__sub_I_main.cpp                  0x08000889   Thumb Code     8  main_1.o(.text._GLOBAL__sub_I_main.cpp)
    [Anonymous Symbol]                       0x08000888   Section        0  main_1.o(.text._GLOBAL__sub_I_main.cpp)
    [Anonymous Symbol]                       0x08000890   Section        0  main_1.o(.text._Z4Initv)
    [Anonymous Symbol]                       0x08001910   Section        0  main_1.o(.text._Z5delayy)
    _ZL16__NVIC_EnableIRQ4IRQn               0x08001949   Thumb Code    52  main_1.o(.text._ZL16__NVIC_EnableIRQ4IRQn)
    [Anonymous Symbol]                       0x08001948   Section        0  main_1.o(.text._ZL16__NVIC_EnableIRQ4IRQn)
    _ZL18__NVIC_SetPriority4IRQnj            0x0800197d   Thumb Code    68  main_1.o(.text._ZL18__NVIC_SetPriority4IRQnj)
    [Anonymous Symbol]                       0x0800197c   Section        0  main_1.o(.text._ZL18__NVIC_SetPriority4IRQnj)
    [Anonymous Symbol]                       0x080019c0   Section        0  button.o(.text._ZN6ButtonC2EP12EXTI_TypeDefjh)
    [Anonymous Symbol]                       0x080019f0   Section        0  vector.cpp.o(.text._ZNKSt3__120__vector_base_commonILb1EE20__throw_length_errorEv)
    [Anonymous Symbol]                       0x080019f4   Section        0  main_1.o(.text._ZNKSt3__16vectorI6ButtonNS_9allocatorIS1_EEE8max_sizeEv)
    [Anonymous Symbol]                       0x08001a60   Section        0  main_1.o(.text._ZNSt3__113__vector_baseI6ButtonNS_9allocatorIS1_EEED2Ev)
    [Anonymous Symbol]                       0x08001b64   Section        0  main_1.o(.text._ZNSt3__114__split_bufferI6ButtonRNS_9allocatorIS1_EEEC2EjjS4_)
    [Anonymous Symbol]                       0x08001c5c   Section        0  main_1.o(.text._ZNSt3__114__split_bufferI6ButtonRNS_9allocatorIS1_EEED2Ev)
    [Anonymous Symbol]                       0x08001d58   Section        0  main_1.o(.text._ZNSt3__117_DeallocateCaller27__do_deallocate_handle_sizeEPvj)
    [Anonymous Symbol]                       0x08001d6c   Section        0  main_1.o(.text._ZNSt3__117_DeallocateCaller9__do_callEPv)
    [Anonymous Symbol]                       0x08001d7c   Section        0  main_1.o(.text._ZNSt3__16vectorI6ButtonNS_9allocatorIS1_EEE21_ConstructTransactionC2ERS4_j)
    [Anonymous Symbol]                       0x08001da4   Section        0  main_1.o(.text._ZNSt3__16vectorI6ButtonNS_9allocatorIS1_EEE21_ConstructTransactionD2Ev)
    [Anonymous Symbol]                       0x08001db4   Section        0  main_1.o(.text._ZNSt3__16vectorI6ButtonNS_9allocatorIS1_EEE26__swap_out_circular_bufferERNS_14__split_bufferIS1_RS3_EE)
    [Anonymous Symbol]                       0x08002050   Section        0  main_1.o(.text._ZNSt3__16vectorI6ButtonNS_9allocatorIS1_EEED2Ev)
    [Anonymous Symbol]                       0x08002118   Section        0  cxa_handlers.cpp.o(.text._ZSt15get_new_handlerv)
    [Anonymous Symbol]                       0x08002124   Section        0  new.cpp.o(.text._ZdlPv)
    [Anonymous Symbol]                       0x08002128   Section        0  new.cpp.o(.text._Znwj)
    __cxx_global_var_init                    0x08002151   Thumb Code   106  main_1.o(.text.__cxx_global_var_init)
    [Anonymous Symbol]                       0x08002150   Section        0  main_1.o(.text.__cxx_global_var_init)
    [Anonymous Symbol]                       0x080021bc   Section        0  main_1.o(.text.main)
    .L.str                                   0x08002224   Data          68  main_1.o(.rodata.str1.1)
    [Anonymous Symbol]                       0x08002224   Section        0  main_1.o(.rodata.str1.1)
    .init_array                              0x0800227c   Section        0  init_aeabi.o(.init_array)
    .bss                                     0x20000000   Section       96  libspace.o(.bss)
    _ZL7Buttons                              0x20000060   Data          12  main_1.o(.bss._ZL7Buttons)
    [Anonymous Symbol]                       0x20000060   Section        0  main_1.o(.bss._ZL7Buttons)
    _ZL9Prescaler                            0x2000006c   Data           1  main_1.o(.bss._ZL9Prescaler)
    [Anonymous Symbol]                       0x2000006c   Section        0  main_1.o(.bss._ZL9Prescaler)
    Heap_Mem                                 0x20000078   Data         512  startup_stm32f10x_md.o(HEAP)
    HEAP                                     0x20000078   Section      512  startup_stm32f10x_md.o(HEAP)
    Stack_Mem                                0x20000278   Data        1024  startup_stm32f10x_md.o(STACK)
    STACK                                    0x20000278   Section     1024  startup_stm32f10x_md.o(STACK)
    __initial_sp                             0x20000678   Data           0  startup_stm32f10x_md.o(STACK)

    Global Symbols

    Symbol Name                              Value     Ov Type        Size  Object(Section)

    BuildAttributes$$THM_ISAv4$P$D$K$B$S$PE$A:L22UL41UL21$X:L11$S22US41US21$IEEE1$IW$~IW$USESV6$~STKCKD$USESV7$~SHL$OTIME$ROPI$EBA8$UX$STANDARDLIB$REQ8$PRES8$EABIv2 0x00000000   Number         0  anon$$obj.o ABSOLUTE
    __fp_init_empty                          0x00000000   Number         0  fpinit_empty.o ABSOLUTE
    __ARM_exceptions_init                     - Undefined Weak Reference
    __alloca_initialize                       - Undefined Weak Reference
    __arm_preinit_                            - Undefined Weak Reference
    __rt_locale                               - Undefined Weak Reference
    __sigvec_lookup                           - Undefined Weak Reference
    __user_heap_extent                        - Undefined Weak Reference
    _atexit_init                              - Undefined Weak Reference
    _call_atexit_fns                          - Undefined Weak Reference
    _clock_init                               - Undefined Weak Reference
    _fp_trap_init                             - Undefined Weak Reference
    _fp_trap_shutdown                         - Undefined Weak Reference
    _get_lc_collate                           - Undefined Weak Reference
    _get_lc_ctype                             - Undefined Weak Reference
    _get_lc_monetary                          - Undefined Weak Reference
    _get_lc_numeric                           - Undefined Weak Reference
    _get_lc_time                              - Undefined Weak Reference
    _getenv_init                              - Undefined Weak Reference
    _handle_redirection                       - Undefined Weak Reference
    _initio                                   - Undefined Weak Reference
    _mutex_acquire                            - Undefined Weak Reference
    _mutex_free                               - Undefined Weak Reference
    _mutex_release                            - Undefined Weak Reference
    _rand_init                                - Undefined Weak Reference
    _signal_finish                            - Undefined Weak Reference
    _signal_init                              - Undefined Weak Reference
    _terminateio                              - Undefined Weak Reference
    __Vectors_Size                           0x000000ec   Number         0  startup_stm32f10x_md.o ABSOLUTE
    __Vectors                                0x08000000   Data           4  startup_stm32f10x_md.o(RESET)
    __dso_handle                             0x08000000   Number         0  startup_stm32f10x_md.o(RESET)
    __Vectors_End                            0x080000ec   Data           0  startup_stm32f10x_md.o(RESET)
    __main                                   0x080000ed   Thumb Code     8  __main.o(!!!main)
    __scatterload                            0x080000f5   Thumb Code     0  __scatter.o(!!!scatter)
    __scatterload_rt2                        0x080000f5   Thumb Code    44  __scatter.o(!!!scatter)
    __scatterload_rt2_thumb_only             0x080000f5   Thumb Code     0  __scatter.o(!!!scatter)
    __scatterload_null                       0x08000103   Thumb Code     0  __scatter.o(!!!scatter)
    __scatterload_zeroinit                   0x08000129   Thumb Code    28  __scatter_zi.o(!!handler_zi)
    __rt_lib_init                            0x08000145   Thumb Code     0  libinit.o(.ARM.Collect$$libinit$$00000000)
    __rt_lib_init_fp_1                       0x08000147   Thumb Code     0  libinit2.o(.ARM.Collect$$libinit$$00000002)
    __rt_lib_init_heap_2                     0x08000147   Thumb Code     0  libinit2.o(.ARM.Collect$$libinit$$00000005)
    __rt_lib_init_preinit_1                  0x08000147   Thumb Code     0  libinit2.o(.ARM.Collect$$libinit$$00000004)
    __rt_lib_init_argv_1                     0x0800014f   Thumb Code     0  libinit2.o(.ARM.Collect$$libinit$$00000026)
    __rt_lib_init_atexit_1                   0x0800014f   Thumb Code     0  libinit2.o(.ARM.Collect$$libinit$$0000001B)
    __rt_lib_init_clock_1                    0x0800014f   Thumb Code     0  libinit2.o(.ARM.Collect$$libinit$$00000021)
    __rt_lib_init_fp_trap_1                  0x0800014f   Thumb Code     0  libinit2.o(.ARM.Collect$$libinit$$0000001F)
    __rt_lib_init_getenv_1                   0x0800014f   Thumb Code     0  libinit2.o(.ARM.Collect$$libinit$$00000023)
    __rt_lib_init_heap_1                     0x0800014f   Thumb Code     0  libinit2.o(.ARM.Collect$$libinit$$0000000A)
    __rt_lib_init_lc_collate_1               0x0800014f   Thumb Code     0  libinit2.o(.ARM.Collect$$libinit$$00000011)
    __rt_lib_init_lc_ctype_1                 0x0800014f   Thumb Code     0  libinit2.o(.ARM.Collect$$libinit$$00000013)
    __rt_lib_init_lc_monetary_1              0x0800014f   Thumb Code     0  libinit2.o(.ARM.Collect$$libinit$$00000015)
    __rt_lib_init_lc_numeric_1               0x0800014f   Thumb Code     0  libinit2.o(.ARM.Collect$$libinit$$00000017)
    __rt_lib_init_lc_time_1                  0x0800014f   Thumb Code     0  libinit2.o(.ARM.Collect$$libinit$$00000019)
    __rt_lib_init_rand_1                     0x0800014f   Thumb Code     0  libinit2.o(.ARM.Collect$$libinit$$0000000E)
    __rt_lib_init_signal_1                   0x0800014f   Thumb Code     0  libinit2.o(.ARM.Collect$$libinit$$0000001D)
    __rt_lib_init_stdio_1                    0x0800014f   Thumb Code     0  libinit2.o(.ARM.Collect$$libinit$$00000025)
    __rt_lib_init_user_alloc_1               0x0800014f   Thumb Code     0  libinit2.o(.ARM.Collect$$libinit$$0000000C)
    __rt_lib_init_alloca_1                   0x08000157   Thumb Code     0  libinit2.o(.ARM.Collect$$libinit$$0000002E)
    __rt_lib_init_cpp_2                      0x08000157   Thumb Code     0  libinit2.o(.ARM.Collect$$libinit$$00000031)
    __rt_lib_init_exceptions_1               0x08000157   Thumb Code     0  libinit2.o(.ARM.Collect$$libinit$$00000030)
    __rt_lib_init_cpp_1                      0x0800015b   Thumb Code     0  libinit2.o(.ARM.Collect$$libinit$$00000032)
    __rt_lib_init_return                     0x0800015b   Thumb Code     0  libinit2.o(.ARM.Collect$$libinit$$00000033)
    __rt_lib_shutdown                        0x0800015d   Thumb Code     0  libshutdown.o(.ARM.Collect$$libshutdown$$00000000)
    __rt_lib_shutdown_cpp_2                  0x0800015f   Thumb Code     0  libshutdown2.o(.ARM.Collect$$libshutdown$$00000001)
    __rt_lib_shutdown_cpp_1                  0x08000165   Thumb Code     0  libshutdown2.o(.ARM.Collect$$libshutdown$$00000002)
    __rt_lib_shutdown_fp_trap_1              0x08000165   Thumb Code     0  libshutdown2.o(.ARM.Collect$$libshutdown$$00000007)
    __rt_lib_shutdown_heap_1                 0x08000165   Thumb Code     0  libshutdown2.o(.ARM.Collect$$libshutdown$$0000000F)
    __rt_lib_shutdown_return                 0x08000165   Thumb Code     0  libshutdown2.o(.ARM.Collect$$libshutdown$$00000010)
    __rt_lib_shutdown_signal_1               0x08000165   Thumb Code     0  libshutdown2.o(.ARM.Collect$$libshutdown$$0000000A)
    __rt_lib_shutdown_stdio_1                0x08000165   Thumb Code     0  libshutdown2.o(.ARM.Collect$$libshutdown$$00000004)
    __rt_lib_shutdown_user_alloc_1           0x08000165   Thumb Code     0  libshutdown2.o(.ARM.Collect$$libshutdown$$0000000C)
    __rt_entry                               0x08000167   Thumb Code     0  __rtentry.o(.ARM.Collect$$rtentry$$00000000)
    __rt_entry_presh_1                       0x08000167   Thumb Code     0  __rtentry2.o(.ARM.Collect$$rtentry$$00000002)
    __rt_entry_sh                            0x08000167   Thumb Code     0  __rtentry4.o(.ARM.Collect$$rtentry$$00000004)
    __rt_entry_li                            0x0800016d   Thumb Code     0  __rtentry2.o(.ARM.Collect$$rtentry$$0000000A)
    __rt_entry_postsh_1                      0x0800016d   Thumb Code     0  __rtentry2.o(.ARM.Collect$$rtentry$$00000009)
    __rt_entry_main                          0x08000171   Thumb Code     0  __rtentry2.o(.ARM.Collect$$rtentry$$0000000D)
    __rt_entry_postli_1                      0x08000171   Thumb Code     0  __rtentry2.o(.ARM.Collect$$rtentry$$0000000C)
    __rt_exit                                0x08000179   Thumb Code     0  rtexit.o(.ARM.Collect$$rtexit$$00000000)
    __rt_exit_ls                             0x0800017b   Thumb Code     0  rtexit2.o(.ARM.Collect$$rtexit$$00000003)
    __rt_exit_prels_1                        0x0800017b   Thumb Code     0  rtexit2.o(.ARM.Collect$$rtexit$$00000002)
    __rt_exit_exit                           0x0800017f   Thumb Code     0  rtexit2.o(.ARM.Collect$$rtexit$$00000004)
    __ARM_argv_veneer                        0x08000185   Thumb Code     4  argv_veneer.o(.emb_text)
    Reset_Handler                            0x08000189   Thumb Code     8  startup_stm32f10x_md.o(.text)
    NMI_Handler                              0x08000191   Thumb Code     2  startup_stm32f10x_md.o(.text)
    HardFault_Handler                        0x08000193   Thumb Code     2  startup_stm32f10x_md.o(.text)
    MemManage_Handler                        0x08000195   Thumb Code     2  startup_stm32f10x_md.o(.text)
    BusFault_Handler                         0x08000197   Thumb Code     2  startup_stm32f10x_md.o(.text)
    UsageFault_Handler                       0x08000199   Thumb Code     2  startup_stm32f10x_md.o(.text)
    SVC_Handler                              0x0800019b   Thumb Code     2  startup_stm32f10x_md.o(.text)
    DebugMon_Handler                         0x0800019d   Thumb Code     2  startup_stm32f10x_md.o(.text)
    PendSV_Handler                           0x0800019f   Thumb Code     2  startup_stm32f10x_md.o(.text)
    SysTick_Handler                          0x080001a1   Thumb Code     2  startup_stm32f10x_md.o(.text)
    ADC1_2_IRQHandler                        0x080001a3   Thumb Code     0  startup_stm32f10x_md.o(.text)
    CAN1_RX1_IRQHandler                      0x080001a3   Thumb Code     0  startup_stm32f10x_md.o(.text)
    CAN1_SCE_IRQHandler                      0x080001a3   Thumb Code     0  startup_stm32f10x_md.o(.text)
    DMA1_Channel1_IRQHandler                 0x080001a3   Thumb Code     0  startup_stm32f10x_md.o(.text)
    DMA1_Channel2_IRQHandler                 0x080001a3   Thumb Code     0  startup_stm32f10x_md.o(.text)
    DMA1_Channel3_IRQHandler                 0x080001a3   Thumb Code     0  startup_stm32f10x_md.o(.text)
    DMA1_Channel4_IRQHandler                 0x080001a3   Thumb Code     0  startup_stm32f10x_md.o(.text)
    DMA1_Channel5_IRQHandler                 0x080001a3   Thumb Code     0  startup_stm32f10x_md.o(.text)
    DMA1_Channel6_IRQHandler                 0x080001a3   Thumb Code     0  startup_stm32f10x_md.o(.text)
    DMA1_Channel7_IRQHandler                 0x080001a3   Thumb Code     0  startup_stm32f10x_md.o(.text)
    EXTI0_IRQHandler                         0x080001a3   Thumb Code     0  startup_stm32f10x_md.o(.text)
    EXTI15_10_IRQHandler                     0x080001a3   Thumb Code     0  startup_stm32f10x_md.o(.text)
    EXTI1_IRQHandler                         0x080001a3   Thumb Code     0  startup_stm32f10x_md.o(.text)
    EXTI2_IRQHandler                         0x080001a3   Thumb Code     0  startup_stm32f10x_md.o(.text)
    EXTI3_IRQHandler                         0x080001a3   Thumb Code     0  startup_stm32f10x_md.o(.text)
    EXTI4_IRQHandler                         0x080001a3   Thumb Code     0  startup_stm32f10x_md.o(.text)
    EXTI9_5_IRQHandler                       0x080001a3   Thumb Code     0  startup_stm32f10x_md.o(.text)
    FLASH_IRQHandler                         0x080001a3   Thumb Code     0  startup_stm32f10x_md.o(.text)
    I2C1_ER_IRQHandler                       0x080001a3   Thumb Code     0  startup_stm32f10x_md.o(.text)
    I2C1_EV_IRQHandler                       0x080001a3   Thumb Code     0  startup_stm32f10x_md.o(.text)
    I2C2_ER_IRQHandler                       0x080001a3   Thumb Code     0  startup_stm32f10x_md.o(.text)
    I2C2_EV_IRQHandler                       0x080001a3   Thumb Code     0  startup_stm32f10x_md.o(.text)
    PVD_IRQHandler                           0x080001a3   Thumb Code     0  startup_stm32f10x_md.o(.text)
    RCC_IRQHandler                           0x080001a3   Thumb Code     0  startup_stm32f10x_md.o(.text)
    RTCAlarm_IRQHandler                      0x080001a3   Thumb Code     0  startup_stm32f10x_md.o(.text)
    RTC_IRQHandler                           0x080001a3   Thumb Code     0  startup_stm32f10x_md.o(.text)
    SPI1_IRQHandler                          0x080001a3   Thumb Code     0  startup_stm32f10x_md.o(.text)
    SPI2_IRQHandler                          0x080001a3   Thumb Code     0  startup_stm32f10x_md.o(.text)
    TAMPER_IRQHandler                        0x080001a3   Thumb Code     0  startup_stm32f10x_md.o(.text)
    TIM1_BRK_IRQHandler                      0x080001a3   Thumb Code     0  startup_stm32f10x_md.o(.text)
    TIM1_CC_IRQHandler                       0x080001a3   Thumb Code     0  startup_stm32f10x_md.o(.text)
    TIM1_TRG_COM_IRQHandler                  0x080001a3   Thumb Code     0  startup_stm32f10x_md.o(.text)
    TIM1_UP_IRQHandler                       0x080001a3   Thumb Code     0  startup_stm32f10x_md.o(.text)
    TIM2_IRQHandler                          0x080001a3   Thumb Code     0  startup_stm32f10x_md.o(.text)
    TIM3_IRQHandler                          0x080001a3   Thumb Code     0  startup_stm32f10x_md.o(.text)
    TIM4_IRQHandler                          0x080001a3   Thumb Code     0  startup_stm32f10x_md.o(.text)
    USART1_IRQHandler                        0x080001a3   Thumb Code     0  startup_stm32f10x_md.o(.text)
    USART2_IRQHandler                        0x080001a3   Thumb Code     0  startup_stm32f10x_md.o(.text)
    USART3_IRQHandler                        0x080001a3   Thumb Code     0  startup_stm32f10x_md.o(.text)
    USBWakeUp_IRQHandler                     0x080001a3   Thumb Code     0  startup_stm32f10x_md.o(.text)
    USB_HP_CAN1_TX_IRQHandler                0x080001a3   Thumb Code     0  startup_stm32f10x_md.o(.text)
    USB_LP_CAN1_RX0_IRQHandler               0x080001a3   Thumb Code     0  startup_stm32f10x_md.o(.text)
    WWDG_IRQHandler                          0x080001a3   Thumb Code     0  startup_stm32f10x_md.o(.text)
    __user_initial_stackheap                 0x080001a5   Thumb Code     0  startup_stm32f10x_md.o(.text)
    abort                                    0x080001c9   Thumb Code    22  abort.o(.text)
    __cxa_atexit                             0x080001df   Thumb Code    10  cxa_atexit.o(.text)
    __aeabi_memcpy4                          0x080001e9   Thumb Code     0  rt_memcpy_w.o(.text)
    __aeabi_memcpy8                          0x080001e9   Thumb Code     0  rt_memcpy_w.o(.text)
    __rt_memcpy_w                            0x080001e9   Thumb Code   100  rt_memcpy_w.o(.text)
    _memcpy_lastbytes_aligned                0x08000231   Thumb Code     0  rt_memcpy_w.o(.text)
    __use_two_region_memory                  0x0800024d   Thumb Code     2  heapauxi.o(.text)
    __rt_heap_escrow                         0x0800024f   Thumb Code     2  heapauxi.o(.text)
    __rt_heap_expand                         0x08000251   Thumb Code     2  heapauxi.o(.text)
    __cpp_initialize__aeabi_                 0x08000255   Thumb Code    28  init_aeabi.o(.text)
    _sys_exit                                0x08000279   Thumb Code     8  sys_exit.o(.text)
    malloc                                   0x08000285   Thumb Code    94  h1_alloc.o(.text)
    free                                     0x080002e3   Thumb Code    78  h1_free.o(.text)
    __aeabi_atexit                           0x08000331   Thumb Code    46  aeabi_atexit.o(.text)
    __rt_SIGABRT                             0x0800035f   Thumb Code    14  defsig_abrt_outer.o(.text)
    __I$use$semihosting                      0x0800036d   Thumb Code     0  use_no_semi.o(.text)
    __use_no_semihosting_swi                 0x0800036d   Thumb Code     2  use_no_semi.o(.text)
    __semihosting_library_function           0x0800036f   Thumb Code     0  indicate_semi.o(.text)
    __rt_heap_descriptor                     0x08000371   Thumb Code     8  rt_heap_descriptor_intlibspace.o(.text)
    __rt_ddtor_pointer_addr                  0x08000379   Thumb Code     8  rt_ddtor_pointer_addr_intlibspace.o(.text)
    __use_no_heap                            0x08000381   Thumb Code     2  hguard.o(.text)
    __heap$guard                             0x08000383   Thumb Code     2  hguard.o(.text)
    _terminate_user_alloc                    0x08000385   Thumb Code     2  init_alloc.o(.text)
    _init_user_alloc                         0x08000387   Thumb Code     2  init_alloc.o(.text)
    __Heap_Full                              0x08000389   Thumb Code    34  init_alloc.o(.text)
    __Heap_Broken                            0x080003ab   Thumb Code     6  init_alloc.o(.text)
    _init_alloc                              0x080003b1   Thumb Code    94  init_alloc.o(.text)
    __Heap_Initialize                        0x0800040f   Thumb Code    10  h1_init.o(.text)
    __Heap_DescSize                          0x08000419   Thumb Code     4  h1_init.o(.text)
    __cxa_finalize                           0x0800041d   Thumb Code    66  cxa_finalize.o(.text)
    __sig_exit                               0x0800045f   Thumb Code    10  defsig_exit.o(.text)
    __rt_SIGABRT_inner                       0x08000469   Thumb Code    14  defsig_abrt_inner.o(.text)
    __ARM_get_argv                           0x08000499   Thumb Code   264  _get_argv.o(.text)
    _sys_command_string                      0x080005a1   Thumb Code    24  sys_command.o(.text)
    __user_libspace                          0x080005b9   Thumb Code     8  libspace.o(.text)
    __user_perproc_libspace                  0x080005b9   Thumb Code     0  libspace.o(.text)
    __user_perthread_libspace                0x080005b9   Thumb Code     0  libspace.o(.text)
    __user_setup_stackheap                   0x080005c1   Thumb Code    74  sys_stackheap_outer.o(.text)
    __use_no_heap_region                     0x0800060b   Thumb Code     2  hrguard.o(.text)
    __heap_region$guard                      0x0800060d   Thumb Code     2  hrguard.o(.text)
    __Heap_ProvideMemory                     0x0800060f   Thumb Code    52  h1_extend.o(.text)
    _maybe_terminate_alloc                   0x0800060f   Thumb Code     0  maybetermalloc1.o(.text)
    exit                                     0x08000643   Thumb Code    18  exit.o(.text)
    __default_signal_display                 0x08000655   Thumb Code    50  defsig_general.o(.text)
    __rt_SIGRTMEM                            0x08000687   Thumb Code    14  defsig_rtmem_outer.o(.text)
    _ttywrch                                 0x08000695   Thumb Code    14  sys_wrch.o(.text)
    __rt_SIGRTMEM_inner                      0x080006a5   Thumb Code    22  defsig_rtmem_inner.o(.text)
    SystemInit                               0x08000821   Thumb Code   102  system_stm32f10x.o(.text.SystemInit)
    Init()                                   0x08000891   Thumb Code  4224  main_1.o(.text._Z4Initv)
    delay(unsigned long long)                0x08001911   Thumb Code    56  main_1.o(.text._Z5delayy)
    Button::Button(EXTI_TypeDef*, unsigned, unsigned char) 0x080019c1   Thumb Code    48  button.o(.text._ZN6ButtonC2EP12EXTI_TypeDefjh)
    Button::Button__sub_object(EXTI_TypeDef*, unsigned, unsigned char) 0x080019c1   Thumb Code    48  button.o(.text._ZN6ButtonC2EP12EXTI_TypeDefjh)
    std::__1::__vector_base_common<(bool)1>::__throw_length_error() const 0x080019f1   Thumb Code     4  vector.cpp.o(.text._ZNKSt3__120__vector_base_commonILb1EE20__throw_length_errorEv)
    std::__1::vector<Button, std::__1::allocator<Button>>::max_size() const 0x080019f5   Thumb Code   108  main_1.o(.text._ZNKSt3__16vectorI6ButtonNS_9allocatorIS1_EEE8max_sizeEv)
    std::__1::__vector_base<Button, std::__1::allocator<Button>>::~__vector_base__sub_object() 0x08001a61   Thumb Code   260  main_1.o(.text._ZNSt3__113__vector_baseI6ButtonNS_9allocatorIS1_EEED2Ev)
    std::__1::__split_buffer<Button, std::__1::allocator<Button>&>::__split_buffer__sub_object(unsigned, unsigned, std::__1::allocator<Button>&) 0x08001b65   Thumb Code   248  main_1.o(.text._ZNSt3__114__split_bufferI6ButtonRNS_9allocatorIS1_EEEC2EjjS4_)
    std::__1::__split_buffer<Button, std::__1::allocator<Button>&>::~__split_buffer__sub_object() 0x08001c5d   Thumb Code   250  main_1.o(.text._ZNSt3__114__split_bufferI6ButtonRNS_9allocatorIS1_EEED2Ev)
    std::__1::_DeallocateCaller::__do_deallocate_handle_size(void*, unsigned) 0x08001d59   Thumb Code    18  main_1.o(.text._ZNSt3__117_DeallocateCaller27__do_deallocate_handle_sizeEPvj)
    std::__1::_DeallocateCaller::__do_call(void*) 0x08001d6d   Thumb Code    16  main_1.o(.text._ZNSt3__117_DeallocateCaller9__do_callEPv)
    std::__1::vector<Button, std::__1::allocator<Button>>::_ConstructTransaction::_ConstructTransaction__sub_object(std::__1::vector<Button, std::__1::allocator<Button>>&, unsigned) 0x08001d7d   Thumb Code    40  main_1.o(.text._ZNSt3__16vectorI6ButtonNS_9allocatorIS1_EEE21_ConstructTransactionC2ERS4_j)
    std::__1::vector<Button, std::__1::allocator<Button>>::_ConstructTransaction::~_ConstructTransaction__sub_object() 0x08001da5   Thumb Code    16  main_1.o(.text._ZNSt3__16vectorI6ButtonNS_9allocatorIS1_EEE21_ConstructTransactionD2Ev)
    std::__1::vector<Button, std::__1::allocator<Button>>::__swap_out_circular_buffer(std::__1::__split_buffer<Button, std::__1::allocator<Button>&>&) 0x08001db5   Thumb Code   668  main_1.o(.text._ZNSt3__16vectorI6ButtonNS_9allocatorIS1_EEE26__swap_out_circular_bufferERNS_14__split_bufferIS1_RS3_EE)
    std::__1::vector<Button, std::__1::allocator<Button>>::~vector__sub_object() 0x08002051   Thumb Code   200  main_1.o(.text._ZNSt3__16vectorI6ButtonNS_9allocatorIS1_EEED2Ev)
    std::get_new_handler()                   0x08002119   Thumb Code    12  cxa_handlers.cpp.o(.text._ZSt15get_new_handlerv)
    operator delete (void*)                  0x08002125   Thumb Code     4  new.cpp.o(.text._ZdlPv)
    operator new(unsigned)                   0x08002129   Thumb Code    38  new.cpp.o(.text._Znwj)
    main                                     0x080021bd   Thumb Code   104  main_1.o(.text.main)
    Region$$Table$$Base                      0x08002268   Number         0  anon$$obj.o(Region$$Table)
    Region$$Table$$Limit                     0x08002278   Number         0  anon$$obj.o(Region$$Table)
    SHT$$INIT_ARRAY$$Base                    0x08002278   Number         0  main_1.o(.init_array)
    SHT$$INIT_ARRAY$$Limit                   0x0800227c   Number         0  init_aeabi.o(.init_array)
    __libspace_start                         0x20000000   Data          96  libspace.o(.bss)
    __temporary_stack_top$libspace           0x20000060   Data           0  libspace.o(.bss)
    __cxa_new_handler                        0x20000070   Data           4  cxa_handlers.cpp.o(.bss.__cxa_new_handler)



==============================================================================

Memory Map of the image

  Image Entry point : 0x08000189

  Load Region LR_1 (Base: 0x08000000, Size: 0x0000227c, Max: 0xffffffff, ABSOLUTE)

    Execution Region ER_RO (Exec base: 0x08000000, Load base: 0x08000000, Size: 0x0000227c, Max: 0xffffffff, ABSOLUTE)

    Exec Addr    Load Addr    Size         Type   Attr      Idx    E Section Name        Object

    0x08000000   0x08000000   0x000000ec   Data   RO           68    RESET               startup_stm32f10x_md.o
    0x080000ec   0x080000ec   0x00000008   Code   RO          105  * !!!main             c_w.l(__main.o)
    0x080000f4   0x080000f4   0x00000034   Code   RO          488    !!!scatter          c_w.l(__scatter.o)
    0x08000128   0x08000128   0x0000001c   Code   RO          490    !!handler_zi        c_w.l(__scatter_zi.o)
    0x08000144   0x08000144   0x00000002   Code   RO          429    .ARM.Collect$$libinit$$00000000  c_w.l(libinit.o)
    0x08000146   0x08000146   0x00000000   Code   RO          248    .ARM.Collect$$libinit$$00000002  c_w.l(libinit2.o)
    0x08000146   0x08000146   0x00000000   Code   RO          250    .ARM.Collect$$libinit$$00000004  c_w.l(libinit2.o)
    0x08000146   0x08000146   0x00000008   Code   RO          251    .ARM.Collect$$libinit$$00000005  c_w.l(libinit2.o)
    0x0800014e   0x0800014e   0x00000000   Code   RO          253    .ARM.Collect$$libinit$$0000000A  c_w.l(libinit2.o)
    0x0800014e   0x0800014e   0x00000000   Code   RO          255    .ARM.Collect$$libinit$$0000000C  c_w.l(libinit2.o)
    0x0800014e   0x0800014e   0x00000000   Code   RO          257    .ARM.Collect$$libinit$$0000000E  c_w.l(libinit2.o)
    0x0800014e   0x0800014e   0x00000000   Code   RO          260    .ARM.Collect$$libinit$$00000011  c_w.l(libinit2.o)
    0x0800014e   0x0800014e   0x00000000   Code   RO          262    .ARM.Collect$$libinit$$00000013  c_w.l(libinit2.o)
    0x0800014e   0x0800014e   0x00000000   Code   RO          264    .ARM.Collect$$libinit$$00000015  c_w.l(libinit2.o)
    0x0800014e   0x0800014e   0x00000000   Code   RO          266    .ARM.Collect$$libinit$$00000017  c_w.l(libinit2.o)
    0x0800014e   0x0800014e   0x00000000   Code   RO          268    .ARM.Collect$$libinit$$00000019  c_w.l(libinit2.o)
    0x0800014e   0x0800014e   0x00000000   Code   RO          270    .ARM.Collect$$libinit$$0000001B  c_w.l(libinit2.o)
    0x0800014e   0x0800014e   0x00000000   Code   RO          272    .ARM.Collect$$libinit$$0000001D  c_w.l(libinit2.o)
    0x0800014e   0x0800014e   0x00000000   Code   RO          274    .ARM.Collect$$libinit$$0000001F  c_w.l(libinit2.o)
    0x0800014e   0x0800014e   0x00000000   Code   RO          276    .ARM.Collect$$libinit$$00000021  c_w.l(libinit2.o)
    0x0800014e   0x0800014e   0x00000000   Code   RO          278    .ARM.Collect$$libinit$$00000023  c_w.l(libinit2.o)
    0x0800014e   0x0800014e   0x00000000   Code   RO          280    .ARM.Collect$$libinit$$00000025  c_w.l(libinit2.o)
    0x0800014e   0x0800014e   0x00000008   Code   RO          281    .ARM.Collect$$libinit$$00000026  c_w.l(libinit2.o)
    0x08000156   0x08000156   0x00000000   Code   RO          286    .ARM.Collect$$libinit$$0000002E  c_w.l(libinit2.o)
    0x08000156   0x08000156   0x00000000   Code   RO          288    .ARM.Collect$$libinit$$00000030  c_w.l(libinit2.o)
    0x08000156   0x08000156   0x00000004   Code   RO          289    .ARM.Collect$$libinit$$00000031  c_w.l(libinit2.o)
    0x0800015a   0x0800015a   0x00000000   Code   RO          290    .ARM.Collect$$libinit$$00000032  c_w.l(libinit2.o)
    0x0800015a   0x0800015a   0x00000002   Code   RO          291    .ARM.Collect$$libinit$$00000033  c_w.l(libinit2.o)
    0x0800015c   0x0800015c   0x00000002   Code   RO          485    .ARM.Collect$$libshutdown$$00000000  c_w.l(libshutdown.o)
    0x0800015e   0x0800015e   0x00000006   Code   RO          430    .ARM.Collect$$libshutdown$$00000001  c_w.l(libshutdown2.o)
    0x08000164   0x08000164   0x00000000   Code   RO          431    .ARM.Collect$$libshutdown$$00000002  c_w.l(libshutdown2.o)
    0x08000164   0x08000164   0x00000000   Code   RO          433    .ARM.Collect$$libshutdown$$00000004  c_w.l(libshutdown2.o)
    0x08000164   0x08000164   0x00000000   Code   RO          436    .ARM.Collect$$libshutdown$$00000007  c_w.l(libshutdown2.o)
    0x08000164   0x08000164   0x00000000   Code   RO          439    .ARM.Collect$$libshutdown$$0000000A  c_w.l(libshutdown2.o)
    0x08000164   0x08000164   0x00000000   Code   RO          441    .ARM.Collect$$libshutdown$$0000000C  c_w.l(libshutdown2.o)
    0x08000164   0x08000164   0x00000000   Code   RO          444    .ARM.Collect$$libshutdown$$0000000F  c_w.l(libshutdown2.o)
    0x08000164   0x08000164   0x00000002   Code   RO          445    .ARM.Collect$$libshutdown$$00000010  c_w.l(libshutdown2.o)
    0x08000166   0x08000166   0x00000000   Code   RO          170    .ARM.Collect$$rtentry$$00000000  c_w.l(__rtentry.o)
    0x08000166   0x08000166   0x00000000   Code   RO          321    .ARM.Collect$$rtentry$$00000002  c_w.l(__rtentry2.o)
    0x08000166   0x08000166   0x00000006   Code   RO          333    .ARM.Collect$$rtentry$$00000004  c_w.l(__rtentry4.o)
    0x0800016c   0x0800016c   0x00000000   Code   RO          323    .ARM.Collect$$rtentry$$00000009  c_w.l(__rtentry2.o)
    0x0800016c   0x0800016c   0x00000004   Code   RO          324    .ARM.Collect$$rtentry$$0000000A  c_w.l(__rtentry2.o)
    0x08000170   0x08000170   0x00000000   Code   RO          326    .ARM.Collect$$rtentry$$0000000C  c_w.l(__rtentry2.o)
    0x08000170   0x08000170   0x00000008   Code   RO          327    .ARM.Collect$$rtentry$$0000000D  c_w.l(__rtentry2.o)
    0x08000178   0x08000178   0x00000002   Code   RO          450    .ARM.Collect$$rtexit$$00000000  c_w.l(rtexit.o)
    0x0800017a   0x0800017a   0x00000000   Code   RO          459    .ARM.Collect$$rtexit$$00000002  c_w.l(rtexit2.o)
    0x0800017a   0x0800017a   0x00000004   Code   RO          460    .ARM.Collect$$rtexit$$00000003  c_w.l(rtexit2.o)
    0x0800017e   0x0800017e   0x00000006   Code   RO          461    .ARM.Collect$$rtexit$$00000004  c_w.l(rtexit2.o)
    0x08000184   0x08000184   0x00000004   Code   RO          374    .emb_text           c_w.l(argv_veneer.o)
    0x08000188   0x08000188   0x00000040   Code   RO           69  * .text               startup_stm32f10x_md.o
    0x080001c8   0x080001c8   0x00000016   Code   RO           93    .text               c_w.l(abort.o)
    0x080001de   0x080001de   0x0000000a   Code   RO           98    .text               c_w.l(cxa_atexit.o)
    0x080001e8   0x080001e8   0x00000064   Code   RO          101    .text               c_w.l(rt_memcpy_w.o)
    0x0800024c   0x0800024c   0x00000006   Code   RO          103    .text               c_w.l(heapauxi.o)
    0x08000252   0x08000252   0x00000002   PAD
    0x08000254   0x08000254   0x00000024   Code   RO          110    .text               c_w.l(init_aeabi.o)
    0x08000278   0x08000278   0x0000000c   Code   RO          166    .text               c_w.l(sys_exit.o)
    0x08000284   0x08000284   0x0000005e   Code   RO          175    .text               c_w.l(h1_alloc.o)
    0x080002e2   0x080002e2   0x0000004e   Code   RO          177    .text               c_w.l(h1_free.o)
    0x08000330   0x08000330   0x0000002e   Code   RO          240    .text               c_w.l(aeabi_atexit.o)
    0x0800035e   0x0800035e   0x0000000e   Code   RO          243    .text               c_w.l(defsig_abrt_outer.o)
    0x0800036c   0x0800036c   0x00000002   Code   RO          315    .text               c_w.l(use_no_semi.o)
    0x0800036e   0x0800036e   0x00000000   Code   RO          319    .text               c_w.l(indicate_semi.o)
    0x0800036e   0x0800036e   0x00000002   PAD
    0x08000370   0x08000370   0x00000008   Code   RO          340    .text               c_w.l(rt_heap_descriptor_intlibspace.o)
    0x08000378   0x08000378   0x00000008   Code   RO          345    .text               c_w.l(rt_ddtor_pointer_addr_intlibspace.o)
    0x08000380   0x08000380   0x00000004   Code   RO          347    .text               c_w.l(hguard.o)
    0x08000384   0x08000384   0x0000008a   Code   RO          349    .text               c_w.l(init_alloc.o)
    0x0800040e   0x0800040e   0x0000000e   Code   RO          353    .text               c_w.l(h1_init.o)
    0x0800041c   0x0800041c   0x00000042   Code   RO          365    .text               c_w.l(cxa_finalize.o)
    0x0800045e   0x0800045e   0x0000000a   Code   RO          368    .text               c_w.l(defsig_exit.o)
    0x08000468   0x08000468   0x00000030   Code   RO          370    .text               c_w.l(defsig_abrt_inner.o)
    0x08000498   0x08000498   0x00000108   Code   RO          372    .text               c_w.l(_get_argv.o)
    0x080005a0   0x080005a0   0x00000018   Code   RO          390    .text               c_w.l(sys_command.o)
    0x080005b8   0x080005b8   0x00000008   Code   RO          394    .text               c_w.l(libspace.o)
    0x080005c0   0x080005c0   0x0000004a   Code   RO          397    .text               c_w.l(sys_stackheap_outer.o)
    0x0800060a   0x0800060a   0x00000004   Code   RO          399    .text               c_w.l(hrguard.o)
    0x0800060e   0x0800060e   0x00000000   Code   RO          401    .text               c_w.l(maybetermalloc1.o)
    0x0800060e   0x0800060e   0x00000034   Code   RO          403    .text               c_w.l(h1_extend.o)
    0x08000642   0x08000642   0x00000012   Code   RO          407    .text               c_w.l(exit.o)
    0x08000654   0x08000654   0x00000032   Code   RO          411    .text               c_w.l(defsig_general.o)
    0x08000686   0x08000686   0x0000000e   Code   RO          413    .text               c_w.l(defsig_rtmem_outer.o)
    0x08000694   0x08000694   0x0000000e   Code   RO          446    .text               c_w.l(sys_wrch.o)
    0x080006a2   0x080006a2   0x00000002   PAD
    0x080006a4   0x080006a4   0x00000050   Code   RO          454    .text               c_w.l(defsig_rtmem_inner.o)
    0x080006f4   0x080006f4   0x00000008   Code   RO           77    .text.SetSysClock   system_stm32f10x.o
    0x080006fc   0x080006fc   0x00000122   Code   RO           81    .text.SetSysClockTo72  system_stm32f10x.o
    0x0800081e   0x0800081e   0x00000002   PAD
    0x08000820   0x08000820   0x00000066   Code   RO           75    .text.SystemInit    system_stm32f10x.o
    0x08000886   0x08000886   0x00000002   PAD
    0x08000888   0x08000888   0x00000008   Code   RO           22    .text._GLOBAL__sub_I_main.cpp  main_1.o
    0x08000890   0x08000890   0x00001080   Code   RO           14    .text._Z4Initv      main_1.o
    0x08001910   0x08001910   0x00000038   Code   RO           12    .text._Z5delayy     main_1.o
    0x08001948   0x08001948   0x00000034   Code   RO           16    .text._ZL16__NVIC_EnableIRQ4IRQn  main_1.o
    0x0800197c   0x0800197c   0x00000044   Code   RO           18    .text._ZL18__NVIC_SetPriority4IRQnj  main_1.o
    0x080019c0   0x080019c0   0x00000030   Code   RO           56    .text._ZN6ButtonC2EP12EXTI_TypeDefjh  button.o
    0x080019f0   0x080019f0   0x00000004   Code   RO          162    .text._ZNKSt3__120__vector_base_commonILb1EE20__throw_length_errorEv  libcpp_w.l(vector.cpp.o)
    0x080019f4   0x080019f4   0x0000006c   Code   RO           53    .text._ZNKSt3__16vectorI6ButtonNS_9allocatorIS1_EEE8max_sizeEv  main_1.o
    0x08001a60   0x08001a60   0x00000104   Code   RO           37    .text._ZNSt3__113__vector_baseI6ButtonNS_9allocatorIS1_EEED2Ev  main_1.o
    0x08001b64   0x08001b64   0x000000f8   Code   RO           47    .text._ZNSt3__114__split_bufferI6ButtonRNS_9allocatorIS1_EEEC2EjjS4_  main_1.o
    0x08001c5c   0x08001c5c   0x000000fa   Code   RO           51    .text._ZNSt3__114__split_bufferI6ButtonRNS_9allocatorIS1_EEED2Ev  main_1.o
    0x08001d56   0x08001d56   0x00000002   PAD
    0x08001d58   0x08001d58   0x00000012   Code   RO           39    .text._ZNSt3__117_DeallocateCaller27__do_deallocate_handle_sizeEPvj  main_1.o
    0x08001d6a   0x08001d6a   0x00000002   PAD
    0x08001d6c   0x08001d6c   0x00000010   Code   RO           41    .text._ZNSt3__117_DeallocateCaller9__do_callEPv  main_1.o
    0x08001d7c   0x08001d7c   0x00000028   Code   RO           43    .text._ZNSt3__16vectorI6ButtonNS_9allocatorIS1_EEE21_ConstructTransactionC2ERS4_j  main_1.o
    0x08001da4   0x08001da4   0x00000010   Code   RO           45    .text._ZNSt3__16vectorI6ButtonNS_9allocatorIS1_EEE21_ConstructTransactionD2Ev  main_1.o
    0x08001db4   0x08001db4   0x0000029c   Code   RO           49    .text._ZNSt3__16vectorI6ButtonNS_9allocatorIS1_EEE26__swap_out_circular_bufferERNS_14__split_bufferIS1_RS3_EE  main_1.o
    0x08002050   0x08002050   0x000000c8   Code   RO           35    .text._ZNSt3__16vectorI6ButtonNS_9allocatorIS1_EEED2Ev  main_1.o
    0x08002118   0x08002118   0x0000000c   Code   RO          311    .text._ZSt15get_new_handlerv  libcppabi_w.l(cxa_handlers.cpp.o)
    0x08002124   0x08002124   0x00000004   Code   RO          124    .text._ZdlPv        libcpp_w.l(new.cpp.o)
    0x08002128   0x08002128   0x00000026   Code   RO          116    .text._Znwj         libcpp_w.l(new.cpp.o)
    0x0800214e   0x0800214e   0x00000002   PAD
    0x08002150   0x08002150   0x0000006a   Code   RO            2    .text.__cxx_global_var_init  main_1.o
    0x080021ba   0x080021ba   0x00000002   PAD
    0x080021bc   0x080021bc   0x00000068   Code   RO           20    .text.main          main_1.o
    0x08002224   0x08002224   0x00000044   Data   RO           26    .rodata.str1.1      main_1.o
    0x08002268   0x08002268   0x00000010   Data   RO          487    Region$$Table       anon$$obj.o
    0x08002278   0x08002278   0x00000004   Data   RO           27    .init_array         main_1.o
    0x0800227c   0x08002278   0x00000000   Data   RO          108    .init_array         c_w.l(init_aeabi.o)


    Execution Region ER_RW (Exec base: 0x20000000, Load base: 0x0800227c, Size: 0x00000000, Max: 0xffffffff, ABSOLUTE)

    **** No section assigned to this execution region ****


    Execution Region ER_ZI (Exec base: 0x20000000, Load base: 0x0800227c, Size: 0x00000678, Max: 0xffffffff, ABSOLUTE)

    Exec Addr    Load Addr    Size         Type   Attr      Idx    E Section Name        Object

    0x20000000        -       0x00000060   Zero   RW          395    .bss                c_w.l(libspace.o)
    0x20000060        -       0x0000000c   Zero   RW           24    .bss._ZL7Buttons    main_1.o
    0x2000006c        -       0x00000001   Zero   RW           25    .bss._ZL9Prescaler  main_1.o
    0x2000006d   0x0800227c   0x00000003   PAD
    0x20000070        -       0x00000004   Zero   RW          313    .bss.__cxa_new_handler  libcppabi_w.l(cxa_handlers.cpp.o)
    0x20000074   0x0800227c   0x00000004   PAD
    0x20000078        -       0x00000200   Zero   RW           67    HEAP                startup_stm32f10x_md.o
    0x20000278        -       0x00000400   Zero   RW           66    STACK               startup_stm32f10x_md.o


==============================================================================

Image component sizes


      Code (inc. data)   RO Data    RW Data    ZI Data      Debug   Object Name

        48          0          0          0          0       2403   button.o
      6442          0         72          0         13      72047   main_1.o
        64         26        236          0       1536        800   startup_stm32f10x_md.o
       400          0          0          0          0       2826   system_stm32f10x.o

    ----------------------------------------------------------------------
      6964         26        324          0       1552      78076   Object Totals
         0          0         16          0          0          0   (incl. Generated)
        10          0          0          0          3          0   (incl. Padding)

    ----------------------------------------------------------------------

      Code (inc. data)   RO Data    RW Data    ZI Data      Debug   Library Member Name

         8          0          0          0          0         68   __main.o
         0          0          0          0          0          0   __rtentry.o
        12          0          0          0          0          0   __rtentry2.o
         6          0          0          0          0          0   __rtentry4.o
        52          8          0          0          0          0   __scatter.o
        28          0          0          0          0          0   __scatter_zi.o
       264          0          0          0          0         96   _get_argv.o
        22          0          0          0          0         80   abort.o
        46          0          0          0          0         84   aeabi_atexit.o
         4          0          0          0          0         68   argv_veneer.o
        10          0          0          0          0         68   cxa_atexit.o
        66          0          0          0          0         84   cxa_finalize.o
        48         34          0          0          0         76   defsig_abrt_inner.o
        14          0          0          0          0         80   defsig_abrt_outer.o
        10          0          0          0          0         68   defsig_exit.o
        50          0          0          0          0         88   defsig_general.o
        80         58          0          0          0         76   defsig_rtmem_inner.o
        14          0          0          0          0         80   defsig_rtmem_outer.o
        18          0          0          0          0         80   exit.o
        94          0          0          0          0         80   h1_alloc.o
        52          0          0          0          0         68   h1_extend.o
        78          0          0          0          0         80   h1_free.o
        14          0          0          0          0         84   h1_init.o
         6          0          0          0          0        152   heapauxi.o
         4          0          0          0          0        136   hguard.o
         4          0          0          0          0        136   hrguard.o
         0          0          0          0          0          0   indicate_semi.o
        36          8          0          0          0         80   init_aeabi.o
       138          0          0          0          0        168   init_alloc.o
         2          0          0          0          0          0   libinit.o
        22          0          0          0          0          0   libinit2.o
         2          0          0          0          0          0   libshutdown.o
         8          0          0          0          0          0   libshutdown2.o
         8          4          0          0         96         68   libspace.o
         0          0          0          0          0          0   maybetermalloc1.o
         8          4          0          0          0         68   rt_ddtor_pointer_addr_intlibspace.o
         8          4          0          0          0         68   rt_heap_descriptor_intlibspace.o
       100          0          0          0          0         80   rt_memcpy_w.o
         2          0          0          0          0          0   rtexit.o
        10          0          0          0          0          0   rtexit2.o
        24          0          0          0          0         76   sys_command.o
        12          4          0          0          0         68   sys_exit.o
        74          0          0          0          0         80   sys_stackheap_outer.o
        14          0          0          0          0         76   sys_wrch.o
         2          0          0          0          0         68   use_no_semi.o
        42          0          0          0          0        380   new.cpp.o
         4          0          0          0          0         68   vector.cpp.o
        12          0          0          0          4        148   cxa_handlers.cpp.o

    ----------------------------------------------------------------------
      1540        124          0          0        104       3328   Library Totals
         8          0          0          0          4          0   (incl. Padding)

    ----------------------------------------------------------------------

      Code (inc. data)   RO Data    RW Data    ZI Data      Debug   Library Name

      1474        124          0          0         96       2732   c_w.l
        46          0          0          0          0        448   libcpp_w.l
        12          0          0          0          4        148   libcppabi_w.l

    ----------------------------------------------------------------------
      1540        124          0          0        104       3328   Library Totals

    ----------------------------------------------------------------------

==============================================================================


      Code (inc. data)   RO Data    RW Data    ZI Data      Debug   

      8504        150        324          0       1656      79752   Grand Totals
      8504        150        324          0       1656      79752   ELF Image Totals
      8504        150        324          0          0          0   ROM Totals

==============================================================================

    Total RO  Size (Code + RO Data)                 8828 (   8.62kB)
    Total RW  Size (RW Data + ZI Data)              1656 (   1.62kB)
    Total ROM Size (Code + RO Data + RW Data)       8828 (   8.62kB)

==============================================================================

