Component: ARM Compiler 6.14.1 Tool: armlink [5db06d00]

==============================================================================

Section Cross References

    main.o(.text.HandleCommand) refers to main.o(.bss.RxBuffer) for RxBuffer
    main.o(.text.HandleCommand) refers to main.o(.rodata.str1.1) for .L.str
    main.o(.text.HandleCommand) refers to strncmp.o(.text) for strncmp
    main.o(.text.HandleCommand) refers to main.o(.text.USARTTransmit) for USARTTransmit
    main.o(.text.HandleCommand) refers to sscanf.o(.text) for sscanf
    main.o(.text.HandleCommand) refers to main.o(.text.TIM2SetFreq) for TIM2SetFreq
    main.o(.text.HandleCommand) refers to strcmpv7m.o(.text) for strcmp
    main.o(.ARM.exidx.text.HandleCommand) refers to main.o(.text.HandleCommand) for [Anonymous Symbol]
    main.o(.text.USARTTransmit) refers to strlen.o(.text) for strlen
    main.o(.text.USARTTransmit) refers to main.o(.text.USARTSendChar) for USARTSendChar
    main.o(.ARM.exidx.text.USARTTransmit) refers to main.o(.text.USARTTransmit) for [Anonymous Symbol]
    main.o(.ARM.exidx.text.TIM2SetFreq) refers to main.o(.text.TIM2SetFreq) for [Anonymous Symbol]
    main.o(.text.ProcessButton) refers to main.o(.data.State) for State
    main.o(.text.ProcessButton) refers to main.o(.text.TIM2SetFreq) for TIM2SetFreq
    main.o(.text.ProcessButton) refers to main.o(.data.prev) for prev
    main.o(.ARM.exidx.text.ProcessButton) refers to main.o(.text.ProcessButton) for [Anonymous Symbol]
    main.o(.text.EXTI15_10_IRQHandler) refers to main.o(.text.ProcessButton) for ProcessButton
    main.o(.ARM.exidx.text.EXTI15_10_IRQHandler) refers to main.o(.text.EXTI15_10_IRQHandler) for [Anonymous Symbol]
    main.o(.ARM.exidx.text.TIM2_IRQHandler) refers to main.o(.text.TIM2_IRQHandler) for [Anonymous Symbol]
    main.o(.text.TIM3_IRQHandler) refers to main.o(.data.prev) for prev
    main.o(.ARM.exidx.text.TIM3_IRQHandler) refers to main.o(.text.TIM3_IRQHandler) for [Anonymous Symbol]
    main.o(.ARM.exidx.text.TIM4_IRQHandler) refers to main.o(.text.TIM4_IRQHandler) for [Anonymous Symbol]
    main.o(.text.USART2_IRQHandler) refers to main.o(.bss.RxBuffer) for RxBuffer
    main.o(.text.USART2_IRQHandler) refers to strlen.o(.text) for strlen
    main.o(.text.USART2_IRQHandler) refers to main.o(.rodata.str1.1) for .L.str.10
    main.o(.text.USART2_IRQHandler) refers to main.o(.text.USARTTransmit) for USARTTransmit
    main.o(.text.USART2_IRQHandler) refers to main.o(.text.HandleCommand) for HandleCommand
    main.o(.text.USART2_IRQHandler) refers to rt_memclr.o(.text) for __aeabi_memclr
    main.o(.text.USART2_IRQHandler) refers to main.o(.text.USARTSendChar) for USARTSendChar
    main.o(.ARM.exidx.text.USART2_IRQHandler) refers to main.o(.text.USART2_IRQHandler) for [Anonymous Symbol]
    main.o(.ARM.exidx.text.USARTSendChar) refers to main.o(.text.USARTSendChar) for [Anonymous Symbol]
    main.o(.text.Init) refers to main.o(.text.__NVIC_EnableIRQ) for __NVIC_EnableIRQ
    main.o(.text.Init) refers to main.o(.bss.RxBuffer) for RxBuffer
    main.o(.text.Init) refers to rt_memclr.o(.text) for __aeabi_memclr
    main.o(.ARM.exidx.text.Init) refers to main.o(.text.Init) for [Anonymous Symbol]
    main.o(.ARM.exidx.text.__NVIC_EnableIRQ) refers to main.o(.text.__NVIC_EnableIRQ) for [Anonymous Symbol]
    main.o(.text.main) refers to main.o(.text.Init) for Init
    main.o(.ARM.exidx.text.main) refers to main.o(.text.main) for [Anonymous Symbol]
    startup_stm32f10x_md.o(STACK) refers (Special) to heapauxi.o(.text) for __use_two_region_memory
    startup_stm32f10x_md.o(HEAP) refers (Special) to heapauxi.o(.text) for __use_two_region_memory
    startup_stm32f10x_md.o(RESET) refers (Special) to heapauxi.o(.text) for __use_two_region_memory
    startup_stm32f10x_md.o(RESET) refers to startup_stm32f10x_md.o(STACK) for __initial_sp
    startup_stm32f10x_md.o(RESET) refers to startup_stm32f10x_md.o(.text) for Reset_Handler
    startup_stm32f10x_md.o(RESET) refers to main.o(.text.TIM2_IRQHandler) for TIM2_IRQHandler
    startup_stm32f10x_md.o(RESET) refers to main.o(.text.TIM3_IRQHandler) for TIM3_IRQHandler
    startup_stm32f10x_md.o(RESET) refers to main.o(.text.TIM4_IRQHandler) for TIM4_IRQHandler
    startup_stm32f10x_md.o(RESET) refers to main.o(.text.USART2_IRQHandler) for USART2_IRQHandler
    startup_stm32f10x_md.o(RESET) refers to main.o(.text.EXTI15_10_IRQHandler) for EXTI15_10_IRQHandler
    startup_stm32f10x_md.o(.text) refers (Special) to heapauxi.o(.text) for __use_two_region_memory
    startup_stm32f10x_md.o(.text) refers to system_stm32f10x.o(.text.SystemInit) for SystemInit
    startup_stm32f10x_md.o(.text) refers to __main.o(!!!main) for __main
    startup_stm32f10x_md.o(.text) refers to startup_stm32f10x_md.o(HEAP) for Heap_Mem
    startup_stm32f10x_md.o(.text) refers to startup_stm32f10x_md.o(STACK) for Stack_Mem
    system_stm32f10x.o(.text.SystemInit) refers to system_stm32f10x.o(.text.SetSysClock) for SetSysClock
[...]
    libshutdown.o(.ARM.Collect$$libshutdown$$00000000) refers (Special) to libshutdown2.o(.ARM.Collect$$libshutdown$$0000000F) for __rt_lib_shutdown_heap_1
    libshutdown.o(.ARM.Collect$$libshutdown$$00000000) refers (Special) to libshutdown2.o(.ARM.Collect$$libshutdown$$00000010) for __rt_lib_shutdown_return
    libshutdown.o(.ARM.Collect$$libshutdown$$00000000) refers (Special) to libshutdown2.o(.ARM.Collect$$libshutdown$$0000000A) for __rt_lib_shutdown_signal_1
    libshutdown.o(.ARM.Collect$$libshutdown$$00000000) refers (Special) to libshutdown2.o(.ARM.Collect$$libshutdown$$00000004) for __rt_lib_shutdown_stdio_1
    libshutdown.o(.ARM.Collect$$libshutdown$$00000000) refers (Special) to libshutdown2.o(.ARM.Collect$$libshutdown$$0000000C) for __rt_lib_shutdown_user_alloc_1
    dcheck1.o(x$fpl$dcheck1) refers (Special) to usenofp.o(x$fpl$usenofp) for __I$use$fp
    dcheck1.o(x$fpl$dcheck1) refers to retnan.o(x$fpl$retnan) for __fpl_return_NaN
    dunder.o(i.__mathlib_dbl_divzero) refers to ddiv.o(x$fpl$ddiv) for __aeabi_ddiv
    dunder.o(i.__mathlib_dbl_infnan) refers to scalbn.o(x$fpl$scalbn) for __ARM_scalbn
    dunder.o(i.__mathlib_dbl_infnan2) refers to daddsub_clz.o(x$fpl$dadd) for __aeabi_dadd
    dunder.o(i.__mathlib_dbl_invalid) refers to ddiv.o(x$fpl$ddiv) for __aeabi_ddiv
    dunder.o(i.__mathlib_dbl_overflow) refers to scalbn.o(x$fpl$scalbn) for __ARM_scalbn
    dunder.o(i.__mathlib_dbl_posinfnan) refers to dmul.o(x$fpl$dmul) for __aeabi_dmul
    dunder.o(i.__mathlib_dbl_underflow) refers to scalbn.o(x$fpl$scalbn) for __ARM_scalbn
    qnan.o(.constdata) refers (Special) to usenofp.o(x$fpl$usenofp) for __I$use$fp
    sys_command.o(.text) refers (Special) to use_no_semi.o(.text) for __I$use$semihosting
    sys_command.o(.text) refers (Special) to indicate_semi.o(.text) for __semihosting_library_function
    sys_command_hlt.o(.text) refers (Special) to use_no_semi.o(.text) for __I$use$semihosting
    sys_command_hlt.o(.text) refers (Special) to indicate_semi.o(.text) for __semihosting_library_function
    defsig_rtmem_outer.o(.text) refers to defsig_rtmem_inner.o(.text) for __rt_SIGRTMEM_inner
    defsig_rtmem_outer.o(.text) refers to defsig_exit.o(.text) for __sig_exit
    defsig_rtmem_formal.o(.text) refers to rt_raise.o(.text) for __rt_raise
    daddsub_clz.o(x$fpl$dadd) refers (Special) to usenofp.o(x$fpl$usenofp) for __I$use$fp
    daddsub_clz.o(x$fpl$dadd) refers to daddsub_clz.o(x$fpl$dsub) for _dsub1
    daddsub_clz.o(x$fpl$dadd) refers to dretinf.o(x$fpl$dretinf) for __fpl_dretinf
    daddsub_clz.o(x$fpl$dadd) refers to dnaninf.o(x$fpl$dnaninf) for __fpl_dnaninf
    daddsub_clz.o(x$fpl$drsb) refers (Special) to usenofp.o(x$fpl$usenofp) for __I$use$fp
    daddsub_clz.o(x$fpl$drsb) refers to daddsub_clz.o(x$fpl$dadd) for _dadd1
    daddsub_clz.o(x$fpl$drsb) refers to daddsub_clz.o(x$fpl$dsub) for _dsub1
    daddsub_clz.o(x$fpl$dsub) refers (Special) to usenofp.o(x$fpl$usenofp) for __I$use$fp
    daddsub_clz.o(x$fpl$dsub) refers to daddsub_clz.o(x$fpl$dadd) for _dadd1
    daddsub_clz.o(x$fpl$dsub) refers to dnaninf.o(x$fpl$dnaninf) for __fpl_dnaninf
    ddiv.o(x$fpl$drdiv) refers (Special) to usenofp.o(x$fpl$usenofp) for __I$use$fp
    ddiv.o(x$fpl$drdiv) refers to ddiv.o(x$fpl$ddiv) for ddiv_entry
    ddiv.o(x$fpl$ddiv) refers (Special) to usenofp.o(x$fpl$usenofp) for __I$use$fp
    ddiv.o(x$fpl$ddiv) refers to dretinf.o(x$fpl$dretinf) for __fpl_dretinf
    ddiv.o(x$fpl$ddiv) refers to dnaninf.o(x$fpl$dnaninf) for __fpl_dnaninf
    dmul.o(x$fpl$dmul) refers (Special) to usenofp.o(x$fpl$usenofp) for __I$use$fp
    dmul.o(x$fpl$dmul) refers to dretinf.o(x$fpl$dretinf) for __fpl_dretinf
    dmul.o(x$fpl$dmul) refers to dnaninf.o(x$fpl$dnaninf) for __fpl_dnaninf
    retnan.o(x$fpl$retnan) refers (Special) to usenofp.o(x$fpl$usenofp) for __I$use$fp
    retnan.o(x$fpl$retnan) refers to trapv.o(x$fpl$trapveneer) for __fpl_cmpreturn
    rt_raise.o(.text) refers to __raise.o(.text) for __raise
    rt_raise.o(.text) refers to sys_exit.o(.text) for _sys_exit
    defsig_exit.o(.text) refers to sys_exit.o(.text) for _sys_exit
    defsig_rtmem_inner.o(.text) refers to defsig_general.o(.text) for __default_signal_display
    dretinf.o(x$fpl$dretinf) refers (Special) to usenofp.o(x$fpl$usenofp) for __I$use$fp
    trapv.o(x$fpl$trapveneer) refers (Special) to usenofp.o(x$fpl$usenofp) for __I$use$fp
    __raise.o(.text) refers to defsig.o(CL$$defsig) for __default_signal_handler
    defsig_general.o(.text) refers to sys_wrch.o(.text) for _ttywrch
    sys_wrch.o(.text) refers (Special) to use_no_semi.o(.text) for __I$use$semihosting
    sys_wrch.o(.text) refers (Special) to indicate_semi.o(.text) for __semihosting_library_function
    sys_wrch_hlt.o(.text) refers (Special) to use_no_semi.o(.text) for __I$use$semihosting
    sys_wrch_hlt.o(.text) refers (Special) to indicate_semi.o(.text) for __semihosting_library_function
    defsig.o(CL$$defsig) refers to defsig_rtmem_inner.o(.text) for __rt_SIGRTMEM_inner
    defsig_abrt_inner.o(.text) refers to defsig_general.o(.text) for __default_signal_display
    defsig_fpe_inner.o(.text) refers to defsig_general.o(.text) for __default_signal_display
    defsig_rtred_inner.o(.text) refers to defsig_general.o(.text) for __default_signal_display
    defsig_stak_inner.o(.text) refers to defsig_general.o(.text) for __default_signal_display
    defsig_pvfn_inner.o(.text) refers to defsig_general.o(.text) for __default_signal_display
    defsig_cppl_inner.o(.text) refers to defsig_general.o(.text) for __default_signal_display
    defsig_segv_inner.o(.text) refers to defsig_general.o(.text) for __default_signal_display
    defsig_other.o(.text) refers to defsig_general.o(.text) for __default_signal_display
    scanf_fp.o(i._is_digit) refers (Special) to usenofp.o(x$fpl$usenofp) for __I$use$fp
    scanf_fp.o(i._is_digit) refers (Special) to lc_numeric_c.o(locale$$code) for _get_lc_numeric


==============================================================================

Removing Unused input sections from the image.

    Removing main.o(.text), (0 bytes).
    Removing main.o(.ARM.exidx.text.HandleCommand), (8 bytes).
    Removing main.o(.ARM.exidx.text.USARTTransmit), (8 bytes).
    Removing main.o(.ARM.exidx.text.TIM2SetFreq), (8 bytes).
    Removing main.o(.ARM.exidx.text.ProcessButton), (8 bytes).
    Removing main.o(.ARM.exidx.text.EXTI15_10_IRQHandler), (8 bytes).
    Removing main.o(.ARM.exidx.text.TIM2_IRQHandler), (8 bytes).
    Removing main.o(.ARM.exidx.text.TIM3_IRQHandler), (8 bytes).
    Removing main.o(.ARM.exidx.text.TIM4_IRQHandler), (8 bytes).
    Removing main.o(.ARM.exidx.text.USART2_IRQHandler), (8 bytes).
    Removing main.o(.ARM.exidx.text.USARTSendChar), (8 bytes).
    Removing main.o(.ARM.exidx.text.Init), (8 bytes).
    Removing main.o(.ARM.exidx.text.__NVIC_EnableIRQ), (8 bytes).
    Removing main.o(.ARM.exidx.text.main), (8 bytes).
    Removing system_stm32f10x.o(.text), (0 bytes).
    Removing system_stm32f10x.o(.ARM.exidx.text.SystemInit), (8 bytes).
    Removing system_stm32f10x.o(.ARM.exidx.text.SetSysClock), (8 bytes).
    Removing system_stm32f10x.o(.text.SystemCoreClockUpdate), (296 bytes).
    Removing system_stm32f10x.o(.ARM.exidx.text.SystemCoreClockUpdate), (8 bytes).
    Removing system_stm32f10x.o(.ARM.exidx.text.SetSysClockTo72), (8 bytes).
    Removing system_stm32f10x.o(.data.SystemCoreClock), (4 bytes).
    Removing system_stm32f10x.o(.rodata.AHBPrescTable), (16 bytes).

22 unused section(s) (total 452 bytes) removed from the image.

==============================================================================

Image Symbol Table

    Local Symbols

    Symbol Name                              Value     Ov Type        Size  Object(Section)

    ../clib/angel/boardlib.s                 0x00000000   Number         0  boardinit1.o ABSOLUTE
    ../clib/angel/boardlib.s                 0x00000000   Number         0  boardinit2.o ABSOLUTE
    ../clib/angel/boardlib.s                 0x00000000   Number         0  boardinit3.o ABSOLUTE
    ../clib/angel/boardlib.s                 0x00000000   Number         0  boardshut.o ABSOLUTE
    ../clib/angel/handlers.s                 0x00000000   Number         0  __scatter_copy.o ABSOLUTE
    ../clib/angel/handlers.s                 0x00000000   Number         0  __scatter_zi.o ABSOLUTE
    ../clib/angel/kernel.s                   0x00000000   Number         0  __rtentry.o ABSOLUTE
    ../clib/angel/kernel.s                   0x00000000   Number         0  __rtentry2.o ABSOLUTE
    ../clib/angel/kernel.s                   0x00000000   Number         0  __rtentry4.o ABSOLUTE
    ../clib/angel/kernel.s                   0x00000000   Number         0  rtexit.o ABSOLUTE
    ../clib/angel/kernel.s                   0x00000000   Number         0  rtexit2.o ABSOLUTE
    ../clib/angel/rt.s                       0x00000000   Number         0  rt_ctype_table.o ABSOLUTE
    ../clib/angel/rt.s                       0x00000000   Number         0  rt_locale.o ABSOLUTE
    ../clib/angel/rt.s                       0x00000000   Number         0  rt_locale_intlibspace.o ABSOLUTE
    ../clib/angel/rt.s                       0x00000000   Number         0  rt_errno_addr.o ABSOLUTE
    ../clib/angel/rt.s                       0x00000000   Number         0  rt_errno_addr_intlibspace.o ABSOLUTE
    ../clib/angel/rt.s                       0x00000000   Number         0  rt_raise.o ABSOLUTE
    ../clib/angel/scatter.s                  0x00000000   Number         0  __scatter.o ABSOLUTE
    ../clib/angel/startup.s                  0x00000000   Number         0  __main.o ABSOLUTE
    ../clib/angel/sys.s                      0x00000000   Number         0  sys_stackheap_outer.o ABSOLUTE
    ../clib/angel/sys.s                      0x00000000   Number         0  libspace.o ABSOLUTE
    ../clib/angel/sys.s                      0x00000000   Number         0  use_no_semi.o ABSOLUTE
    ../clib/angel/sys.s                      0x00000000   Number         0  indicate_semi.o ABSOLUTE
    ../clib/angel/sysapp.c                   0x00000000   Number         0  sys_exit.o ABSOLUTE
    ../clib/angel/sysapp.c                   0x00000000   Number         0  sys_exit_hlt.o ABSOLUTE
    ../clib/angel/sysapp.c                   0x00000000   Number         0  sys_command.o ABSOLUTE
    ../clib/angel/sysapp.c                   0x00000000   Number         0  sys_command_hlt.o ABSOLUTE
    ../clib/angel/sysapp.c                   0x00000000   Number         0  sys_wrch.o ABSOLUTE
    ../clib/angel/sysapp.c                   0x00000000   Number         0  sys_wrch_hlt.o ABSOLUTE
    ../clib/armsys.c                         0x00000000   Number         0  argv_veneer.o ABSOLUTE
    ../clib/armsys.c                         0x00000000   Number         0  argv_veneer.o ABSOLUTE
    ../clib/armsys.c                         0x00000000   Number         0  _get_argv_nomalloc.o ABSOLUTE
    ../clib/armsys.c                         0x00000000   Number         0  no_argv.o ABSOLUTE
    ../clib/bigflt.c                         0x00000000   Number         0  bigflt0.o ABSOLUTE
    ../clib/btod.s                           0x00000000   Number         0  btod.o ABSOLUTE
    ../clib/btod_accurate.c                  0x00000000   Number         0  dtob_accurate.o ABSOLUTE
    ../clib/btod_accurate.c                  0x00000000   Number         0  btod_accurate_common.o ABSOLUTE
    ../clib/ctype.c                          0x00000000   Number         0  isspace.o ABSOLUTE
    ../clib/fenv.c                           0x00000000   Number         0  _rserrno.o ABSOLUTE
    ../clib/heapalloc.c                      0x00000000   Number         0  hrguard.o ABSOLUTE
    ../clib/heapaux.c                        0x00000000   Number         0  heapauxi.o ABSOLUTE
    ../clib/libinit.s                        0x00000000   Number         0  libinit.o ABSOLUTE
    ../clib/libinit.s                        0x00000000   Number         0  libinit2.o ABSOLUTE
    ../clib/libinit.s                        0x00000000   Number         0  libshutdown.o ABSOLUTE
    ../clib/libinit.s                        0x00000000   Number         0  libshutdown2.o ABSOLUTE
    ../clib/locale.c                         0x00000000   Number         0  _mbrtoc16.o ABSOLUTE
    ../clib/locale.c                         0x00000000   Number         0  _c16rtomb.o ABSOLUTE
    ../clib/locale.s                         0x00000000   Number         0  lc_numeric_c.o ABSOLUTE
    ../clib/locale.s                         0x00000000   Number         0  lc_ctype_c.o ABSOLUTE
    ../clib/longlong.s                       0x00000000   Number         0  llshl.o ABSOLUTE
    ../clib/longlong.s                       0x00000000   Number         0  llushr.o ABSOLUTE
    ../clib/memcpset.s                       0x00000000   Number         0  rt_memclr.o ABSOLUTE
    ../clib/memcpset.s                       0x00000000   Number         0  strcmpv7m.o ABSOLUTE
    ../clib/memcpset.s                       0x00000000   Number         0  rt_memclr_w.o ABSOLUTE
    ../clib/printf.c                         0x00000000   Number         0  __printf_wp.o ABSOLUTE
    ../clib/printf.c                         0x00000000   Number         0  __printf.o ABSOLUTE
    ../clib/printf.c                         0x00000000   Number         0  __printf_flags.o ABSOLUTE
    ../clib/printf.c                         0x00000000   Number         0  __printf_ss.o ABSOLUTE
    ../clib/printf.c                         0x00000000   Number         0  __printf_flags_ss.o ABSOLUTE
    ../clib/printf.c                         0x00000000   Number         0  __printf_flags_wp.o ABSOLUTE
    ../clib/printf.c                         0x00000000   Number         0  __printf_ss_wp.o ABSOLUTE
    ../clib/printf.c                         0x00000000   Number         0  __printf_flags_ss_wp.o ABSOLUTE
    ../clib/printf_percent.s                 0x00000000   Number         0  _printf_percent.o ABSOLUTE
    ../clib/printf_percent.s                 0x00000000   Number         0  _printf_percent_end.o ABSOLUTE
    ../clib/scanf.c                          0x00000000   Number         0  sscanf.o ABSOLUTE
    ../clib/scanf.c                          0x00000000   Number         0  _scanf_longlong.o ABSOLUTE
    ../clib/scanf.c                          0x00000000   Number         0  _scanf_int.o ABSOLUTE
    ../clib/scanf.c                          0x00000000   Number         0  _scanf_str.o ABSOLUTE
    ../clib/scanf.c                          0x00000000   Number         0  scanf_char.o ABSOLUTE
    ../clib/scanf.c                          0x00000000   Number         0  _sgetc.o ABSOLUTE
    ../clib/scanf.c                          0x00000000   Number         0  _scanf_mbtowc.o ABSOLUTE
    ../clib/scanf.c                          0x00000000   Number         0  _scanf_wctomb.o ABSOLUTE
    ../clib/scanf.c                          0x00000000   Number         0  _scanf_wstr.o ABSOLUTE
    ../clib/scanf.c                          0x00000000   Number         0  _chval.o ABSOLUTE
    ../clib/scanf.c                          0x00000000   Number         0  _scanf.o ABSOLUTE
    ../clib/scanf.c                          0x00000000   Number         0  scanf_fp.o ABSOLUTE
    ../clib/scanf.c                          0x00000000   Number         0  scanf_fp_accurate.o ABSOLUTE
    ../clib/scanf.c                          0x00000000   Number         0  _scanf_wcharmap.o ABSOLUTE
    ../clib/scanf.c                          0x00000000   Number         0  scanf_hexfp.o ABSOLUTE
    ../clib/scanf.c                          0x00000000   Number         0  scanf_infnan.o ABSOLUTE
    ../clib/signal.c                         0x00000000   Number         0  defsig_rtmem_outer.o ABSOLUTE
    ../clib/signal.c                         0x00000000   Number         0  defsig_rtmem_formal.o ABSOLUTE
    ../clib/signal.c                         0x00000000   Number         0  defsig_exit.o ABSOLUTE
    ../clib/signal.c                         0x00000000   Number         0  defsig_rtmem_inner.o ABSOLUTE
    ../clib/signal.c                         0x00000000   Number         0  __raise.o ABSOLUTE
    ../clib/signal.c                         0x00000000   Number         0  defsig_general.o ABSOLUTE
    ../clib/signal.c                         0x00000000   Number         0  defsig_abrt_inner.o ABSOLUTE
    ../clib/signal.c                         0x00000000   Number         0  defsig_fpe_inner.o ABSOLUTE
    ../clib/signal.c                         0x00000000   Number         0  defsig_rtred_inner.o ABSOLUTE
    ../clib/signal.c                         0x00000000   Number         0  defsig_stak_inner.o ABSOLUTE
    ../clib/signal.c                         0x00000000   Number         0  defsig_pvfn_inner.o ABSOLUTE
    ../clib/signal.c                         0x00000000   Number         0  defsig_cppl_inner.o ABSOLUTE
    ../clib/signal.c                         0x00000000   Number         0  defsig_segv_inner.o ABSOLUTE
    ../clib/signal.c                         0x00000000   Number         0  defsig_other.o ABSOLUTE
    ../clib/signal.s                         0x00000000   Number         0  defsig.o ABSOLUTE
    ../clib/stdlib.c                         0x00000000   Number         0  exit.o ABSOLUTE
    ../clib/string.c                         0x00000000   Number         0  strlen.o ABSOLUTE
    ../clib/string.c                         0x00000000   Number         0  strncmp.o ABSOLUTE
    ../fplib/d2f.s                           0x00000000   Number         0  d2f.o ABSOLUTE
    ../fplib/daddsub.s                       0x00000000   Number         0  daddsub_clz.o ABSOLUTE
    ../fplib/dcheck1.s                       0x00000000   Number         0  dcheck1.o ABSOLUTE
    ../fplib/dcmpi.s                         0x00000000   Number         0  dcmpi.o ABSOLUTE
    ../fplib/ddiv.s                          0x00000000   Number         0  ddiv.o ABSOLUTE
    ../fplib/deqf.s                          0x00000000   Number         0  deqf.o ABSOLUTE
    ../fplib/dleqf.s                         0x00000000   Number         0  dleqf.o ABSOLUTE
    ../fplib/dmul.s                          0x00000000   Number         0  dmul.o ABSOLUTE
    ../fplib/dnaninf.s                       0x00000000   Number         0  dnaninf.o ABSOLUTE
    ../fplib/dretinf.s                       0x00000000   Number         0  dretinf.o ABSOLUTE
    ../fplib/drleqf.s                        0x00000000   Number         0  drleqf.o ABSOLUTE
    ../fplib/fpconst.s                       0x00000000   Number         0  fpconst.o ABSOLUTE
    ../fplib/fpinit.s                        0x00000000   Number         0  fpinit.o ABSOLUTE
    ../fplib/fpinit_empty.s                  0x00000000   Number         0  fpinit_empty.o ABSOLUTE
    ../fplib/fretinf.s                       0x00000000   Number         0  fretinf.o ABSOLUTE
    ../fplib/istatus.s                       0x00000000   Number         0  istatus.o ABSOLUTE
    ../fplib/retnan.s                        0x00000000   Number         0  retnan.o ABSOLUTE
    ../fplib/scalbn.s                        0x00000000   Number         0  scalbn.o ABSOLUTE
    ../fplib/scanf1.s                        0x00000000   Number         0  scanf1.o ABSOLUTE
    ../fplib/scanf2.s                        0x00000000   Number         0  scanf2.o ABSOLUTE
    ../fplib/scanf2a.s                       0x00000000   Number         0  scanf2a.o ABSOLUTE
    ../fplib/scanf2b.s                       0x00000000   Number         0  scanf2b.o ABSOLUTE
    ../fplib/trapv.s                         0x00000000   Number         0  trapv.o ABSOLUTE
    ../fplib/usenofp.s                       0x00000000   Number         0  usenofp.o ABSOLUTE
    ../mathlib/dunder.c                      0x00000000   Number         0  dunder.o ABSOLUTE
    ../mathlib/frexp.c                       0x00000000   Number         0  frexp.o ABSOLUTE
    ../mathlib/ldexp.c                       0x00000000   Number         0  ldexp.o ABSOLUTE
    ../mathlib/ldexp.c                       0x00000000   Number         0  ldexp_x.o ABSOLUTE
    ../mathlib/narrow.c                      0x00000000   Number         0  narrow.o ABSOLUTE
    ../mathlib/qnan.c                        0x00000000   Number         0  qnan.o ABSOLUTE
    RTE/Device/STM32F103C8/startup_stm32f10x_md.s 0x00000000   Number         0  startup_stm32f10x_md.o ABSOLUTE
    dc.s                                     0x00000000   Number         0  dc.o ABSOLUTE
    main.c                                   0x00000000   Number         0  main.o ABSOLUTE
    system_stm32f10x.c                       0x00000000   Number         0  system_stm32f10x.o ABSOLUTE
    RESET                                    0x08000000   Section      236  startup_stm32f10x_md.o(RESET)
    !!!main                                  0x080000ec   Section        8  __main.o(!!!main)
    !!!scatter                               0x080000f4   Section       52  __scatter.o(!!!scatter)
    !!handler_copy                           0x08000128   Section       26  __scatter_copy.o(!!handler_copy)
    !!handler_zi                             0x08000144   Section       28  __scatter_zi.o(!!handler_zi)
    .ARM.Collect$$libinit$$00000000          0x08000160   Section        2  libinit.o(.ARM.Collect$$libinit$$00000000)
    .ARM.Collect$$libinit$$00000002          0x08000162   Section        0  libinit2.o(.ARM.Collect$$libinit$$00000002)
    .ARM.Collect$$libinit$$00000004          0x08000162   Section        0  libinit2.o(.ARM.Collect$$libinit$$00000004)
    .ARM.Collect$$libinit$$0000000A          0x08000162   Section        0  libinit2.o(.ARM.Collect$$libinit$$0000000A)
    .ARM.Collect$$libinit$$0000000C          0x08000162   Section        0  libinit2.o(.ARM.Collect$$libinit$$0000000C)
    .ARM.Collect$$libinit$$0000000E          0x08000162   Section        0  libinit2.o(.ARM.Collect$$libinit$$0000000E)
    .ARM.Collect$$libinit$$0000000F          0x08000162   Section        6  libinit2.o(.ARM.Collect$$libinit$$0000000F)
    .ARM.Collect$$libinit$$00000011          0x08000168   Section        0  libinit2.o(.ARM.Collect$$libinit$$00000011)
    .ARM.Collect$$libinit$$00000012          0x08000168   Section       12  libinit2.o(.ARM.Collect$$libinit$$00000012)
    .ARM.Collect$$libinit$$00000013          0x08000174   Section        0  libinit2.o(.ARM.Collect$$libinit$$00000013)
    .ARM.Collect$$libinit$$00000015          0x08000174   Section        0  libinit2.o(.ARM.Collect$$libinit$$00000015)
    .ARM.Collect$$libinit$$00000016          0x08000174   Section       10  libinit2.o(.ARM.Collect$$libinit$$00000016)
    .ARM.Collect$$libinit$$00000017          0x0800017e   Section        0  libinit2.o(.ARM.Collect$$libinit$$00000017)
    .ARM.Collect$$libinit$$00000019          0x0800017e   Section        0  libinit2.o(.ARM.Collect$$libinit$$00000019)
    .ARM.Collect$$libinit$$0000001B          0x0800017e   Section        0  libinit2.o(.ARM.Collect$$libinit$$0000001B)
    .ARM.Collect$$libinit$$0000001D          0x0800017e   Section        0  libinit2.o(.ARM.Collect$$libinit$$0000001D)
    .ARM.Collect$$libinit$$0000001F          0x0800017e   Section        0  libinit2.o(.ARM.Collect$$libinit$$0000001F)
    .ARM.Collect$$libinit$$00000021          0x0800017e   Section        0  libinit2.o(.ARM.Collect$$libinit$$00000021)
    .ARM.Collect$$libinit$$00000023          0x0800017e   Section        0  libinit2.o(.ARM.Collect$$libinit$$00000023)
    .ARM.Collect$$libinit$$00000025          0x0800017e   Section        0  libinit2.o(.ARM.Collect$$libinit$$00000025)
    .ARM.Collect$$libinit$$00000027          0x0800017e   Section        8  libinit2.o(.ARM.Collect$$libinit$$00000027)
    .ARM.Collect$$libinit$$0000002E          0x08000186   Section        0  libinit2.o(.ARM.Collect$$libinit$$0000002E)
    .ARM.Collect$$libinit$$00000030          0x08000186   Section        0  libinit2.o(.ARM.Collect$$libinit$$00000030)
    .ARM.Collect$$libinit$$00000032          0x08000186   Section        0  libinit2.o(.ARM.Collect$$libinit$$00000032)
    .ARM.Collect$$libinit$$00000033          0x08000186   Section        2  libinit2.o(.ARM.Collect$$libinit$$00000033)
    .ARM.Collect$$libshutdown$$00000000      0x08000188   Section        2  libshutdown.o(.ARM.Collect$$libshutdown$$00000000)
    .ARM.Collect$$libshutdown$$00000002      0x0800018a   Section        0  libshutdown2.o(.ARM.Collect$$libshutdown$$00000002)
    .ARM.Collect$$libshutdown$$00000004      0x0800018a   Section        0  libshutdown2.o(.ARM.Collect$$libshutdown$$00000004)
    .ARM.Collect$$libshutdown$$00000007      0x0800018a   Section        0  libshutdown2.o(.ARM.Collect$$libshutdown$$00000007)
    .ARM.Collect$$libshutdown$$0000000A      0x0800018a   Section        0  libshutdown2.o(.ARM.Collect$$libshutdown$$0000000A)
    .ARM.Collect$$libshutdown$$0000000C      0x0800018a   Section        0  libshutdown2.o(.ARM.Collect$$libshutdown$$0000000C)
    .ARM.Collect$$libshutdown$$0000000F      0x0800018a   Section        0  libshutdown2.o(.ARM.Collect$$libshutdown$$0000000F)
    .ARM.Collect$$libshutdown$$00000010      0x0800018a   Section        2  libshutdown2.o(.ARM.Collect$$libshutdown$$00000010)
    .ARM.Collect$$rtentry$$00000000          0x0800018c   Section        0  __rtentry.o(.ARM.Collect$$rtentry$$00000000)
    .ARM.Collect$$rtentry$$00000002          0x0800018c   Section        0  __rtentry2.o(.ARM.Collect$$rtentry$$00000002)
    .ARM.Collect$$rtentry$$00000004          0x0800018c   Section        6  __rtentry4.o(.ARM.Collect$$rtentry$$00000004)
    .ARM.Collect$$rtentry$$00000009          0x08000192   Section        0  __rtentry2.o(.ARM.Collect$$rtentry$$00000009)
    .ARM.Collect$$rtentry$$0000000A          0x08000192   Section        4  __rtentry2.o(.ARM.Collect$$rtentry$$0000000A)
    .ARM.Collect$$rtentry$$0000000C          0x08000196   Section        0  __rtentry2.o(.ARM.Collect$$rtentry$$0000000C)
    .ARM.Collect$$rtentry$$0000000D          0x08000196   Section        8  __rtentry2.o(.ARM.Collect$$rtentry$$0000000D)
    .ARM.Collect$$rtexit$$00000000           0x0800019e   Section        2  rtexit.o(.ARM.Collect$$rtexit$$00000000)
    .ARM.Collect$$rtexit$$00000002           0x080001a0   Section        0  rtexit2.o(.ARM.Collect$$rtexit$$00000002)
    .ARM.Collect$$rtexit$$00000003           0x080001a0   Section        4  rtexit2.o(.ARM.Collect$$rtexit$$00000003)
    .ARM.Collect$$rtexit$$00000004           0x080001a4   Section        6  rtexit2.o(.ARM.Collect$$rtexit$$00000004)
    .emb_text                                0x080001ac   Section        4  argv_veneer.o(.emb_text)
    .text                                    0x080001b0   Section       64  startup_stm32f10x_md.o(.text)
    .text                                    0x080001f0   Section        0  sscanf.o(.text)
    .text                                    0x0800022c   Section        0  strlen.o(.text)
    .text                                    0x0800026a   Section        0  strncmp.o(.text)
    .text                                    0x08000300   Section       68  rt_memclr.o(.text)
    .text                                    0x08000344   Section      128  strcmpv7m.o(.text)
    .text                                    0x080003c4   Section        0  heapauxi.o(.text)
    .text                                    0x080003ca   Section        0  _scanf_longlong.o(.text)
    .text                                    0x08000520   Section        0  _scanf_int.o(.text)
    .text                                    0x0800066c   Section        0  _scanf_str.o(.text)
    _scanf_char_input                        0x0800074d   Thumb Code    12  scanf_char.o(.text)
    .text                                    0x0800074c   Section        0  scanf_char.o(.text)
    .text                                    0x08000778   Section        0  _sgetc.o(.text)
    .text                                    0x080007b8   Section        0  _scanf_mbtowc.o(.text)
    .text                                    0x080008cc   Section        0  _scanf_wctomb.o(.text)
    .text                                    0x080009b4   Section        0  _scanf_wstr.o(.text)
    .text                                    0x08000a84   Section       78  rt_memclr_w.o(.text)
    .text                                    0x08000ad2   Section        0  isspace.o(.text)
    .text                                    0x08000ae4   Section        0  _chval.o(.text)
    .text                                    0x08000b00   Section        0  _scanf.o(.text)
    _fp_value                                0x08000e75   Thumb Code   588  scanf_fp.o(.text)
    .text                                    0x08000e74   Section        0  scanf_fp.o(.text)
    .text                                    0x0800136c   Section        0  _scanf_wcharmap.o(.text)
    .text                                    0x0800138a   Section        0  _mbrtoc16.o(.text)
    .text                                    0x080013ca   Section        0  _c16rtomb.o(.text)
    .text                                    0x08001412   Section       74  sys_stackheap_outer.o(.text)
    .text                                    0x0800145c   Section       16  rt_ctype_table.o(.text)
    .text                                    0x0800146c   Section        8  rt_locale_intlibspace.o(.text)
    .text                                    0x08001474   Section        8  rt_errno_addr_intlibspace.o(.text)
    .text                                    0x0800147c   Section       38  llshl.o(.text)
    .text                                    0x080014a4   Section        0  bigflt0.o(.text)
    .text                                    0x08001588   Section        0  exit.o(.text)
    .text                                    0x0800159c   Section        8  libspace.o(.text)
    .text                                    0x080015a4   Section        0  _rserrno.o(.text)
    .text                                    0x080015bc   Section        0  scanf_hexfp.o(.text)
    .text                                    0x080018dc   Section        0  scanf_infnan.o(.text)
    .text                                    0x08001a10   Section        0  sys_exit.o(.text)
    .text                                    0x08001a1c   Section        0  _get_argv_nomalloc.o(.text)
    .text                                    0x08001b4a   Section        0  sys_command.o(.text)
    .text                                    0x08001b62   Section        2  use_no_semi.o(.text)
    .text                                    0x08001b64   Section        0  indicate_semi.o(.text)
    .text                                    0x08001b64   Section        0  hrguard.o(.text)
    .text                                    0x08001b68   Section        0  defsig_rtmem_outer.o(.text)
    .text                                    0x08001b76   Section        0  defsig_exit.o(.text)
    .text                                    0x08001b80   Section        0  defsig_rtmem_inner.o(.text)
    .text                                    0x08001bd0   Section        0  defsig_general.o(.text)
    .text                                    0x08001c02   Section        0  sys_wrch.o(.text)
    [Anonymous Symbol]                       0x08001c10   Section        0  main.o(.text.EXTI15_10_IRQHandler)
    [Anonymous Symbol]                       0x08001cfc   Section        0  main.o(.text.HandleCommand)
    [Anonymous Symbol]                       0x08001e98   Section        0  main.o(.text.Init)
    [Anonymous Symbol]                       0x08002130   Section        0  main.o(.text.ProcessButton)
    SetSysClock                              0x080021d9   Thumb Code     8  system_stm32f10x.o(.text.SetSysClock)
    [Anonymous Symbol]                       0x080021d8   Section        0  system_stm32f10x.o(.text.SetSysClock)
    SetSysClockTo72                          0x080021e1   Thumb Code   290  system_stm32f10x.o(.text.SetSysClockTo72)
    [Anonymous Symbol]                       0x080021e0   Section        0  system_stm32f10x.o(.text.SetSysClockTo72)
    [Anonymous Symbol]                       0x08002304   Section        0  system_stm32f10x.o(.text.SystemInit)
    [Anonymous Symbol]                       0x0800236c   Section        0  main.o(.text.TIM2SetFreq)
    [Anonymous Symbol]                       0x0800239c   Section        0  main.o(.text.TIM2_IRQHandler)
    [Anonymous Symbol]                       0x080023bc   Section        0  main.o(.text.TIM3_IRQHandler)
    [Anonymous Symbol]                       0x08002450   Section        0  main.o(.text.TIM4_IRQHandler)
    [Anonymous Symbol]                       0x08002490   Section        0  main.o(.text.USART2_IRQHandler)
    [Anonymous Symbol]                       0x08002514   Section        0  main.o(.text.USARTSendChar)
    [Anonymous Symbol]                       0x08002544   Section        0  main.o(.text.USARTTransmit)
    __NVIC_EnableIRQ                         0x0800257d   Thumb Code    52  main.o(.text.__NVIC_EnableIRQ)
    [Anonymous Symbol]                       0x0800257c   Section        0  main.o(.text.__NVIC_EnableIRQ)
    [Anonymous Symbol]                       0x080025b0   Section        0  main.o(.text.main)
    CL$$btod_div_common                      0x080025c0   Section      824  btod.o(CL$$btod_div_common)
    CL$$btod_e2d                             0x080028f8   Section      132  btod.o(CL$$btod_e2d)
    CL$$btod_e2e                             0x0800297c   Section      220  btod.o(CL$$btod_e2e)
    CL$$btod_ediv                            0x08002a58   Section       42  btod.o(CL$$btod_ediv)
    CL$$btod_edivd                           0x08002a82   Section       42  btod.o(CL$$btod_edivd)
    CL$$btod_emul                            0x08002aac   Section       42  btod.o(CL$$btod_emul)
    CL$$btod_emuld                           0x08002ad6   Section       42  btod.o(CL$$btod_emuld)
    CL$$btod_mult_common                     0x08002b00   Section      580  btod.o(CL$$btod_mult_common)
    i.__mathlib_dbl_overflow                 0x08002d44   Section        0  dunder.o(i.__mathlib_dbl_overflow)
    i.__mathlib_dbl_underflow                0x08002d54   Section        0  dunder.o(i.__mathlib_dbl_underflow)
    i.__mathlib_narrow                       0x08002d64   Section        0  narrow.o(i.__mathlib_narrow)
    i.__mathlib_tofloat                      0x08002d74   Section        0  narrow.o(i.__mathlib_tofloat)
    i.__support_ldexp                        0x08002e30   Section        0  ldexp.o(i.__support_ldexp)
    i._is_digit                              0x08002e46   Section        0  scanf_fp.o(i._is_digit)
    i.frexp                                  0x08002e54   Section        0  frexp.o(i.frexp)
    i.ldexp                                  0x08002eac   Section        0  ldexp.o(i.ldexp)
    locale$$code                             0x08002f20   Section       44  lc_numeric_c.o(locale$$code)
    locale$$code                             0x08002f4c   Section       44  lc_ctype_c.o(locale$$code)
    x$fpl$d2f                                0x08002f78   Section       98  d2f.o(x$fpl$d2f)
    x$fpl$dcheck1                            0x08002fdc   Section       16  dcheck1.o(x$fpl$dcheck1)
    x$fpl$dcmpinf                            0x08002fec   Section       24  dcmpi.o(x$fpl$dcmpinf)
    x$fpl$deqf                               0x08003004   Section      120  deqf.o(x$fpl$deqf)
    x$fpl$dleqf                              0x0800307c   Section      120  dleqf.o(x$fpl$dleqf)
    x$fpl$dnaninf                            0x080030f4   Section      156  dnaninf.o(x$fpl$dnaninf)
    x$fpl$drleqf                             0x08003190   Section      108  drleqf.o(x$fpl$drleqf)
    x$fpl$fretinf                            0x080031fc   Section       10  fretinf.o(x$fpl$fretinf)
    x$fpl$ieeestatus                         0x08003206   Section        6  istatus.o(x$fpl$ieeestatus)
    x$fpl$retnan                             0x0800320c   Section      100  retnan.o(x$fpl$retnan)
    x$fpl$scalbn                             0x08003270   Section       92  scalbn.o(x$fpl$scalbn)
    x$fpl$scanf1                             0x080032cc   Section        4  scanf1.o(x$fpl$scanf1)
    x$fpl$scanf2                             0x080032d0   Section        8  scanf2.o(x$fpl$scanf2)
    x$fpl$trapveneer                         0x080032d8   Section       48  trapv.o(x$fpl$trapveneer)
    tenpwrs_x                                0x08003308   Data          60  bigflt0.o(.constdata)
    .constdata                               0x08003308   Section      148  bigflt0.o(.constdata)
    x$fpl$usenofp                            0x08003308   Section        0  usenofp.o(x$fpl$usenofp)
    tenpwrs_i                                0x08003344   Data          64  bigflt0.o(.constdata)
    .L.str.1                                 0x0800339c   Data          28  main.o(.rodata.str1.1)
    [Anonymous Symbol]                       0x0800339c   Section        0  main.o(.rodata.str1.1)
    .L.str.4                                 0x080033b8   Data           5  main.o(.rodata.str1.1)
    .L.str.9                                 0x080033bd   Data          18  main.o(.rodata.str1.1)
    .L.str.5                                 0x080033cf   Data          20  main.o(.rodata.str1.1)
    .L.str.10                                0x080033e0   Data           3  main.o(.rodata.str1.1)
    .L.str                                   0x080033e3   Data           6  main.o(.rodata.str1.1)
    .L.str.2                                 0x080033e9   Data           5  main.o(.rodata.str1.1)
    .L.str.7                                 0x080033ee   Data           9  main.o(.rodata.str1.1)
    .L.str.6                                 0x080033f7   Data           5  main.o(.rodata.str1.1)
    .L.str.3                                 0x080033fc   Data           8  main.o(.rodata.str1.1)
    .L.str.8                                 0x08003404   Data           8  main.o(.rodata.str1.1)
    c$$dinf                                  0x0800342c   Section        8  fpconst.o(c$$dinf)
    c$$dmax                                  0x08003434   Section        8  fpconst.o(c$$dmax)
    locale$$data                             0x0800343c   Section       28  lc_numeric_c.o(locale$$data)
    __lcnum_c_name                           0x08003440   Data           2  lc_numeric_c.o(locale$$data)
    __lcnum_c_start                          0x08003448   Data           0  lc_numeric_c.o(locale$$data)
    __lcnum_c_point                          0x08003454   Data           0  lc_numeric_c.o(locale$$data)
    __lcnum_c_thousands                      0x08003456   Data           0  lc_numeric_c.o(locale$$data)
    __lcnum_c_grouping                       0x08003457   Data           0  lc_numeric_c.o(locale$$data)
    __lcnum_c_end                            0x08003458   Data           0  lc_numeric_c.o(locale$$data)
    locale$$data                             0x08003458   Section      272  lc_ctype_c.o(locale$$data)
    __lcctype_c_name                         0x0800345c   Data           2  lc_ctype_c.o(locale$$data)
    __lcctype_c_start                        0x08003464   Data           0  lc_ctype_c.o(locale$$data)
    __lcctype_c_end                          0x08003568   Data           0  lc_ctype_c.o(locale$$data)
    State                                    0x20000000   Data           1  main.o(.data.State)
    [Anonymous Symbol]                       0x20000000   Section        0  main.o(.data.State)
    prev                                     0x20000001   Data           1  main.o(.data.prev)
    [Anonymous Symbol]                       0x20000001   Section        0  main.o(.data.prev)
    .bss                                     0x20000008   Section       96  libspace.o(.bss)
    RxBuffer                                 0x20000068   Data         128  main.o(.bss.RxBuffer)
    [Anonymous Symbol]                       0x20000068   Section        0  main.o(.bss.RxBuffer)
    Heap_Mem                                 0x200000e8   Data         512  startup_stm32f10x_md.o(HEAP)
    HEAP                                     0x200000e8   Section      512  startup_stm32f10x_md.o(HEAP)
    Stack_Mem                                0x200002e8   Data        1024  startup_stm32f10x_md.o(STACK)
    STACK                                    0x200002e8   Section     1024  startup_stm32f10x_md.o(STACK)
    __initial_sp                             0x200006e8   Data           0  startup_stm32f10x_md.o(STACK)

    Global Symbols

    Symbol Name                              Value     Ov Type        Size  Object(Section)

    BuildAttributes$$THM_ISAv4$P$D$K$B$S$PE$A:L22UL41UL21$X:L11$S22US41US21$IEEE1$IW$~IW$USESV6$~STKCKD$USESV7$~SHL$OTIME$ROPI$IEEEX$EBA8$UX$STANDARDLIB$REQ8$PRES8$EABIv2 0x00000000   Number         0  anon$$obj.o ABSOLUTE
    __fp_init_empty                          0x00000000   Number         0  fpinit_empty.o ABSOLUTE
    __ARM_exceptions_init                     - Undefined Weak Reference
    __alloca_initialize                       - Undefined Weak Reference
    __arm_preinit_                            - Undefined Weak Reference
    __cpp_initialize__aeabi_                  - Undefined Weak Reference
    __cxa_finalize                            - Undefined Weak Reference
    __sigvec_lookup                           - Undefined Weak Reference
    _atexit_init                              - Undefined Weak Reference
    _call_atexit_fns                          - Undefined Weak Reference
    _clock_init                               - Undefined Weak Reference
    _fp_trap_init                             - Undefined Weak Reference
    _fp_trap_shutdown                         - Undefined Weak Reference
    _get_lc_collate                           - Undefined Weak Reference
    _get_lc_monetary                          - Undefined Weak Reference
    _get_lc_time                              - Undefined Weak Reference
    _getenv_init                              - Undefined Weak Reference
    _handle_redirection                       - Undefined Weak Reference
    _init_alloc                               - Undefined Weak Reference
    _init_user_alloc                          - Undefined Weak Reference
    _initio                                   - Undefined Weak Reference
    _rand_init                                - Undefined Weak Reference
    _signal_finish                            - Undefined Weak Reference
    _signal_init                              - Undefined Weak Reference
    _terminate_alloc                          - Undefined Weak Reference
    _terminate_user_alloc                     - Undefined Weak Reference
    _terminateio                              - Undefined Weak Reference
    __Vectors_Size                           0x000000ec   Number         0  startup_stm32f10x_md.o ABSOLUTE
    __Vectors                                0x08000000   Data           4  startup_stm32f10x_md.o(RESET)
    __Vectors_End                            0x080000ec   Data           0  startup_stm32f10x_md.o(RESET)
    __main                                   0x080000ed   Thumb Code     8  __main.o(!!!main)
    __scatterload                            0x080000f5   Thumb Code     0  __scatter.o(!!!scatter)
    __scatterload_rt2                        0x080000f5   Thumb Code    44  __scatter.o(!!!scatter)
    __scatterload_rt2_thumb_only             0x080000f5   Thumb Code     0  __scatter.o(!!!scatter)
    __scatterload_null                       0x08000103   Thumb Code     0  __scatter.o(!!!scatter)
    __scatterload_copy                       0x08000129   Thumb Code    26  __scatter_copy.o(!!handler_copy)
    __scatterload_zeroinit                   0x08000145   Thumb Code    28  __scatter_zi.o(!!handler_zi)
    __rt_lib_init                            0x08000161   Thumb Code     0  libinit.o(.ARM.Collect$$libinit$$00000000)
    __rt_lib_init_fp_1                       0x08000163   Thumb Code     0  libinit2.o(.ARM.Collect$$libinit$$00000002)
    __rt_lib_init_heap_1                     0x08000163   Thumb Code     0  libinit2.o(.ARM.Collect$$libinit$$0000000A)
    __rt_lib_init_lc_common                  0x08000163   Thumb Code     0  libinit2.o(.ARM.Collect$$libinit$$0000000F)
    __rt_lib_init_preinit_1                  0x08000163   Thumb Code     0  libinit2.o(.ARM.Collect$$libinit$$00000004)
    __rt_lib_init_rand_1                     0x08000163   Thumb Code     0  libinit2.o(.ARM.Collect$$libinit$$0000000E)
    __rt_lib_init_user_alloc_1               0x08000163   Thumb Code     0  libinit2.o(.ARM.Collect$$libinit$$0000000C)
    __rt_lib_init_lc_collate_1               0x08000169   Thumb Code     0  libinit2.o(.ARM.Collect$$libinit$$00000011)
    __rt_lib_init_lc_ctype_2                 0x08000169   Thumb Code     0  libinit2.o(.ARM.Collect$$libinit$$00000012)
    __rt_lib_init_lc_ctype_1                 0x08000175   Thumb Code     0  libinit2.o(.ARM.Collect$$libinit$$00000013)
    __rt_lib_init_lc_monetary_1              0x08000175   Thumb Code     0  libinit2.o(.ARM.Collect$$libinit$$00000015)
    __rt_lib_init_lc_numeric_2               0x08000175   Thumb Code     0  libinit2.o(.ARM.Collect$$libinit$$00000016)
    __rt_lib_init_argv_1                     0x0800017f   Thumb Code     0  libinit2.o(.ARM.Collect$$libinit$$00000027)
    __rt_lib_init_atexit_1                   0x0800017f   Thumb Code     0  libinit2.o(.ARM.Collect$$libinit$$0000001B)
    __rt_lib_init_clock_1                    0x0800017f   Thumb Code     0  libinit2.o(.ARM.Collect$$libinit$$00000021)
    __rt_lib_init_fp_trap_1                  0x0800017f   Thumb Code     0  libinit2.o(.ARM.Collect$$libinit$$0000001F)
    __rt_lib_init_getenv_1                   0x0800017f   Thumb Code     0  libinit2.o(.ARM.Collect$$libinit$$00000023)
    __rt_lib_init_heapregion_libspace_used   0x0800017f   Thumb Code     0  libinit2.o(.ARM.Collect$$libinit$$00000027)
    __rt_lib_init_lc_numeric_1               0x0800017f   Thumb Code     0  libinit2.o(.ARM.Collect$$libinit$$00000017)
    __rt_lib_init_lc_time_1                  0x0800017f   Thumb Code     0  libinit2.o(.ARM.Collect$$libinit$$00000019)
    __rt_lib_init_signal_1                   0x0800017f   Thumb Code     0  libinit2.o(.ARM.Collect$$libinit$$0000001D)
    __rt_lib_init_stdio_1                    0x0800017f   Thumb Code     0  libinit2.o(.ARM.Collect$$libinit$$00000025)
    __rt_lib_init_alloca_1                   0x08000187   Thumb Code     0  libinit2.o(.ARM.Collect$$libinit$$0000002E)
    __rt_lib_init_cpp_1                      0x08000187   Thumb Code     0  libinit2.o(.ARM.Collect$$libinit$$00000032)
    __rt_lib_init_exceptions_1               0x08000187   Thumb Code     0  libinit2.o(.ARM.Collect$$libinit$$00000030)
    __rt_lib_init_return                     0x08000187   Thumb Code     0  libinit2.o(.ARM.Collect$$libinit$$00000033)
    __rt_lib_shutdown                        0x08000189   Thumb Code     0  libshutdown.o(.ARM.Collect$$libshutdown$$00000000)
    __rt_lib_shutdown_cpp_1                  0x0800018b   Thumb Code     0  libshutdown2.o(.ARM.Collect$$libshutdown$$00000002)
    __rt_lib_shutdown_fp_trap_1              0x0800018b   Thumb Code     0  libshutdown2.o(.ARM.Collect$$libshutdown$$00000007)
    __rt_lib_shutdown_heap_1                 0x0800018b   Thumb Code     0  libshutdown2.o(.ARM.Collect$$libshutdown$$0000000F)
    __rt_lib_shutdown_return                 0x0800018b   Thumb Code     0  libshutdown2.o(.ARM.Collect$$libshutdown$$00000010)
    __rt_lib_shutdown_signal_1               0x0800018b   Thumb Code     0  libshutdown2.o(.ARM.Collect$$libshutdown$$0000000A)
    __rt_lib_shutdown_stdio_1                0x0800018b   Thumb Code     0  libshutdown2.o(.ARM.Collect$$libshutdown$$00000004)
    __rt_lib_shutdown_user_alloc_1           0x0800018b   Thumb Code     0  libshutdown2.o(.ARM.Collect$$libshutdown$$0000000C)
    __rt_entry                               0x0800018d   Thumb Code     0  __rtentry.o(.ARM.Collect$$rtentry$$00000000)
    __rt_entry_presh_1                       0x0800018d   Thumb Code     0  __rtentry2.o(.ARM.Collect$$rtentry$$00000002)
    __rt_entry_sh                            0x0800018d   Thumb Code     0  __rtentry4.o(.ARM.Collect$$rtentry$$00000004)
    __rt_entry_li                            0x08000193   Thumb Code     0  __rtentry2.o(.ARM.Collect$$rtentry$$0000000A)
    __rt_entry_postsh_1                      0x08000193   Thumb Code     0  __rtentry2.o(.ARM.Collect$$rtentry$$00000009)
    __rt_entry_main                          0x08000197   Thumb Code     0  __rtentry2.o(.ARM.Collect$$rtentry$$0000000D)
    __rt_entry_postli_1                      0x08000197   Thumb Code     0  __rtentry2.o(.ARM.Collect$$rtentry$$0000000C)
    __rt_exit                                0x0800019f   Thumb Code     0  rtexit.o(.ARM.Collect$$rtexit$$00000000)
    __rt_exit_ls                             0x080001a1   Thumb Code     0  rtexit2.o(.ARM.Collect$$rtexit$$00000003)
    __rt_exit_prels_1                        0x080001a1   Thumb Code     0  rtexit2.o(.ARM.Collect$$rtexit$$00000002)
    __rt_exit_exit                           0x080001a5   Thumb Code     0  rtexit2.o(.ARM.Collect$$rtexit$$00000004)
    __ARM_argv_veneer                        0x080001ad   Thumb Code     4  argv_veneer.o(.emb_text)
    Reset_Handler                            0x080001b1   Thumb Code     8  startup_stm32f10x_md.o(.text)
    NMI_Handler                              0x080001b9   Thumb Code     2  startup_stm32f10x_md.o(.text)
    HardFault_Handler                        0x080001bb   Thumb Code     2  startup_stm32f10x_md.o(.text)
    MemManage_Handler                        0x080001bd   Thumb Code     2  startup_stm32f10x_md.o(.text)
    BusFault_Handler                         0x080001bf   Thumb Code     2  startup_stm32f10x_md.o(.text)
    UsageFault_Handler                       0x080001c1   Thumb Code     2  startup_stm32f10x_md.o(.text)
    SVC_Handler                              0x080001c3   Thumb Code     2  startup_stm32f10x_md.o(.text)
    DebugMon_Handler                         0x080001c5   Thumb Code     2  startup_stm32f10x_md.o(.text)
    PendSV_Handler                           0x080001c7   Thumb Code     2  startup_stm32f10x_md.o(.text)
    SysTick_Handler                          0x080001c9   Thumb Code     2  startup_stm32f10x_md.o(.text)
    ADC1_2_IRQHandler                        0x080001cb   Thumb Code     0  startup_stm32f10x_md.o(.text)
    CAN1_RX1_IRQHandler                      0x080001cb   Thumb Code     0  startup_stm32f10x_md.o(.text)
    CAN1_SCE_IRQHandler                      0x080001cb   Thumb Code     0  startup_stm32f10x_md.o(.text)
    DMA1_Channel1_IRQHandler                 0x080001cb   Thumb Code     0  startup_stm32f10x_md.o(.text)
    DMA1_Channel2_IRQHandler                 0x080001cb   Thumb Code     0  startup_stm32f10x_md.o(.text)
    DMA1_Channel3_IRQHandler                 0x080001cb   Thumb Code     0  startup_stm32f10x_md.o(.text)
    DMA1_Channel4_IRQHandler                 0x080001cb   Thumb Code     0  startup_stm32f10x_md.o(.text)
    DMA1_Channel5_IRQHandler                 0x080001cb   Thumb Code     0  startup_stm32f10x_md.o(.text)
    DMA1_Channel6_IRQHandler                 0x080001cb   Thumb Code     0  startup_stm32f10x_md.o(.text)
    DMA1_Channel7_IRQHandler                 0x080001cb   Thumb Code     0  startup_stm32f10x_md.o(.text)
    EXTI0_IRQHandler                         0x080001cb   Thumb Code     0  startup_stm32f10x_md.o(.text)
    EXTI1_IRQHandler                         0x080001cb   Thumb Code     0  startup_stm32f10x_md.o(.text)
    EXTI2_IRQHandler                         0x080001cb   Thumb Code     0  startup_stm32f10x_md.o(.text)
    EXTI3_IRQHandler                         0x080001cb   Thumb Code     0  startup_stm32f10x_md.o(.text)
    EXTI4_IRQHandler                         0x080001cb   Thumb Code     0  startup_stm32f10x_md.o(.text)
    EXTI9_5_IRQHandler                       0x080001cb   Thumb Code     0  startup_stm32f10x_md.o(.text)
    FLASH_IRQHandler                         0x080001cb   Thumb Code     0  startup_stm32f10x_md.o(.text)
    I2C1_ER_IRQHandler                       0x080001cb   Thumb Code     0  startup_stm32f10x_md.o(.text)
    I2C1_EV_IRQHandler                       0x080001cb   Thumb Code     0  startup_stm32f10x_md.o(.text)
    I2C2_ER_IRQHandler                       0x080001cb   Thumb Code     0  startup_stm32f10x_md.o(.text)
    I2C2_EV_IRQHandler                       0x080001cb   Thumb Code     0  startup_stm32f10x_md.o(.text)
    PVD_IRQHandler                           0x080001cb   Thumb Code     0  startup_stm32f10x_md.o(.text)
    RCC_IRQHandler                           0x080001cb   Thumb Code     0  startup_stm32f10x_md.o(.text)
    RTCAlarm_IRQHandler                      0x080001cb   Thumb Code     0  startup_stm32f10x_md.o(.text)
    RTC_IRQHandler                           0x080001cb   Thumb Code     0  startup_stm32f10x_md.o(.text)
    SPI1_IRQHandler                          0x080001cb   Thumb Code     0  startup_stm32f10x_md.o(.text)
    SPI2_IRQHandler                          0x080001cb   Thumb Code     0  startup_stm32f10x_md.o(.text)
    TAMPER_IRQHandler                        0x080001cb   Thumb Code     0  startup_stm32f10x_md.o(.text)
    TIM1_BRK_IRQHandler                      0x080001cb   Thumb Code     0  startup_stm32f10x_md.o(.text)
    TIM1_CC_IRQHandler                       0x080001cb   Thumb Code     0  startup_stm32f10x_md.o(.text)
    TIM1_TRG_COM_IRQHandler                  0x080001cb   Thumb Code     0  startup_stm32f10x_md.o(.text)
    TIM1_UP_IRQHandler                       0x080001cb   Thumb Code     0  startup_stm32f10x_md.o(.text)
    USART1_IRQHandler                        0x080001cb   Thumb Code     0  startup_stm32f10x_md.o(.text)
    USART3_IRQHandler                        0x080001cb   Thumb Code     0  startup_stm32f10x_md.o(.text)
    USBWakeUp_IRQHandler                     0x080001cb   Thumb Code     0  startup_stm32f10x_md.o(.text)
    USB_HP_CAN1_TX_IRQHandler                0x080001cb   Thumb Code     0  startup_stm32f10x_md.o(.text)
    USB_LP_CAN1_RX0_IRQHandler               0x080001cb   Thumb Code     0  startup_stm32f10x_md.o(.text)
    WWDG_IRQHandler                          0x080001cb   Thumb Code     0  startup_stm32f10x_md.o(.text)
    __user_initial_stackheap                 0x080001cd   Thumb Code     0  startup_stm32f10x_md.o(.text)
    sscanf                                   0x080001f1   Thumb Code    52  sscanf.o(.text)
    strlen                                   0x0800022d   Thumb Code    62  strlen.o(.text)
    strncmp                                  0x0800026b   Thumb Code   150  strncmp.o(.text)
    __aeabi_memclr                           0x08000301   Thumb Code     0  rt_memclr.o(.text)
    __rt_memclr                              0x08000301   Thumb Code    68  rt_memclr.o(.text)
    _memset                                  0x08000305   Thumb Code     0  rt_memclr.o(.text)
    strcmp                                   0x08000345   Thumb Code   128  strcmpv7m.o(.text)
    __use_two_region_memory                  0x080003c5   Thumb Code     2  heapauxi.o(.text)
    __rt_heap_escrow$2region                 0x080003c7   Thumb Code     2  heapauxi.o(.text)
    __rt_heap_expand$2region                 0x080003c9   Thumb Code     2  heapauxi.o(.text)
    _scanf_longlong                          0x080003cb   Thumb Code   342  _scanf_longlong.o(.text)
    _scanf_int                               0x08000521   Thumb Code   332  _scanf_int.o(.text)
    _scanf_string                            0x0800066d   Thumb Code   224  _scanf_str.o(.text)
    __vfscanf_char                           0x08000759   Thumb Code    24  scanf_char.o(.text)
    _sgetc                                   0x08000779   Thumb Code    30  _sgetc.o(.text)
    _sbackspace                              0x08000797   Thumb Code    34  _sgetc.o(.text)
    _scanf_mbtowc                            0x080007b9   Thumb Code   276  _scanf_mbtowc.o(.text)
    _scanf_wctomb                            0x080008cd   Thumb Code   232  _scanf_wctomb.o(.text)
    _scanf_wstring                           0x080009b5   Thumb Code   208  _scanf_wstr.o(.text)
    __aeabi_memclr4                          0x08000a85   Thumb Code     0  rt_memclr_w.o(.text)
    __aeabi_memclr8                          0x08000a85   Thumb Code     0  rt_memclr_w.o(.text)
    __rt_memclr_w                            0x08000a85   Thumb Code    78  rt_memclr_w.o(.text)
    _memset_w                                0x08000a89   Thumb Code     0  rt_memclr_w.o(.text)
    isspace                                  0x08000ad3   Thumb Code    18  isspace.o(.text)
    _chval                                   0x08000ae5   Thumb Code    28  _chval.o(.text)
    __vfscanf                                0x08000b01   Thumb Code   878  _scanf.o(.text)
    _scanf_really_real                       0x080010c1   Thumb Code   684  scanf_fp.o(.text)
    _scanf_wcharmap                          0x0800136d   Thumb Code    30  _scanf_wcharmap.o(.text)
    _mbrtoc16                                0x0800138b   Thumb Code    64  _mbrtoc16.o(.text)
    _mbrtowc                                 0x0800138b   Thumb Code     0  _mbrtoc16.o(.text)
    _c16rtomb                                0x080013cb   Thumb Code    72  _c16rtomb.o(.text)
    _wcrtomb                                 0x080013cb   Thumb Code     0  _c16rtomb.o(.text)
    __user_setup_stackheap                   0x08001413   Thumb Code    74  sys_stackheap_outer.o(.text)
    __rt_ctype_table                         0x0800145d   Thumb Code    16  rt_ctype_table.o(.text)
    __rt_locale                              0x0800146d   Thumb Code     8  rt_locale_intlibspace.o(.text)
    __aeabi_errno_addr                       0x08001475   Thumb Code     8  rt_errno_addr_intlibspace.o(.text)
    __errno$intlibspace                      0x08001475   Thumb Code     0  rt_errno_addr_intlibspace.o(.text)
    __rt_errno_addr$intlibspace              0x08001475   Thumb Code     0  rt_errno_addr_intlibspace.o(.text)
    __aeabi_llsl                             0x0800147d   Thumb Code     0  llshl.o(.text)
    _ll_shift_l                              0x0800147d   Thumb Code    38  llshl.o(.text)
    _btod_etento                             0x080014a5   Thumb Code   224  bigflt0.o(.text)
    exit                                     0x08001589   Thumb Code    18  exit.o(.text)
    __user_libspace                          0x0800159d   Thumb Code     8  libspace.o(.text)
    __user_perproc_libspace                  0x0800159d   Thumb Code     0  libspace.o(.text)
    __user_perthread_libspace                0x0800159d   Thumb Code     0  libspace.o(.text)
    __read_errno                             0x080015a5   Thumb Code    10  _rserrno.o(.text)
    __set_errno                              0x080015af   Thumb Code    12  _rserrno.o(.text)
    _scanf_really_hex_real                   0x080015bd   Thumb Code   786  scanf_hexfp.o(.text)
    _scanf_really_infnan                     0x080018dd   Thumb Code   292  scanf_infnan.o(.text)
    _sys_exit                                0x08001a11   Thumb Code     8  sys_exit.o(.text)
    __argv_alloc                             0x08001a1d   Thumb Code    34  _get_argv_nomalloc.o(.text)
    __ARM_get_argv                           0x08001a3f   Thumb Code   268  _get_argv_nomalloc.o(.text)
    _sys_command_string                      0x08001b4b   Thumb Code    24  sys_command.o(.text)
    __I$use$semihosting                      0x08001b63   Thumb Code     0  use_no_semi.o(.text)
    __use_no_semihosting_swi                 0x08001b63   Thumb Code     2  use_no_semi.o(.text)
    __semihosting_library_function           0x08001b65   Thumb Code     0  indicate_semi.o(.text)
    __use_no_heap_region                     0x08001b65   Thumb Code     2  hrguard.o(.text)
    __heap_region$guard                      0x08001b67   Thumb Code     2  hrguard.o(.text)
    __rt_SIGRTMEM                            0x08001b69   Thumb Code    14  defsig_rtmem_outer.o(.text)
    __sig_exit                               0x08001b77   Thumb Code    10  defsig_exit.o(.text)
    __rt_SIGRTMEM_inner                      0x08001b81   Thumb Code    22  defsig_rtmem_inner.o(.text)
    __default_signal_display                 0x08001bd1   Thumb Code    50  defsig_general.o(.text)
    _ttywrch                                 0x08001c03   Thumb Code    14  sys_wrch.o(.text)
    EXTI15_10_IRQHandler                     0x08001c11   Thumb Code   234  main.o(.text.EXTI15_10_IRQHandler)
    HandleCommand                            0x08001cfd   Thumb Code   412  main.o(.text.HandleCommand)
    Init                                     0x08001e99   Thumb Code   662  main.o(.text.Init)
    ProcessButton                            0x08002131   Thumb Code   168  main.o(.text.ProcessButton)
    SystemInit                               0x08002305   Thumb Code   102  system_stm32f10x.o(.text.SystemInit)
    TIM2SetFreq                              0x0800236d   Thumb Code    48  main.o(.text.TIM2SetFreq)
    TIM2_IRQHandler                          0x0800239d   Thumb Code    32  main.o(.text.TIM2_IRQHandler)
    TIM3_IRQHandler                          0x080023bd   Thumb Code   148  main.o(.text.TIM3_IRQHandler)
    TIM4_IRQHandler                          0x08002451   Thumb Code    62  main.o(.text.TIM4_IRQHandler)
    USART2_IRQHandler                        0x08002491   Thumb Code   130  main.o(.text.USART2_IRQHandler)
    USARTSendChar                            0x08002515   Thumb Code    48  main.o(.text.USARTSendChar)
    USARTTransmit                            0x08002545   Thumb Code    56  main.o(.text.USARTTransmit)
    main                                     0x080025b1   Thumb Code    16  main.o(.text.main)
    __btod_div_common                        0x080025c1   Thumb Code   696  btod.o(CL$$btod_div_common)
    _e2d                                     0x080028f9   Thumb Code   122  btod.o(CL$$btod_e2d)
    _e2e                                     0x0800297d   Thumb Code   220  btod.o(CL$$btod_e2e)
    _btod_ediv                               0x08002a59   Thumb Code    42  btod.o(CL$$btod_ediv)
    _btod_edivd                              0x08002a83   Thumb Code    42  btod.o(CL$$btod_edivd)
    _btod_emul                               0x08002aad   Thumb Code    42  btod.o(CL$$btod_emul)
    _btod_emuld                              0x08002ad7   Thumb Code    42  btod.o(CL$$btod_emuld)
    __btod_mult_common                       0x08002b01   Thumb Code   580  btod.o(CL$$btod_mult_common)
    __mathlib_dbl_overflow                   0x08002d45   Thumb Code    14  dunder.o(i.__mathlib_dbl_overflow)
    __mathlib_dbl_underflow                  0x08002d55   Thumb Code    10  dunder.o(i.__mathlib_dbl_underflow)
    __mathlib_narrow                         0x08002d65   Thumb Code    16  narrow.o(i.__mathlib_narrow)
    __mathlib_tofloat                        0x08002d75   Thumb Code   184  narrow.o(i.__mathlib_tofloat)
    __support_ldexp                          0x08002e31   Thumb Code    22  ldexp.o(i.__support_ldexp)
    _is_digit                                0x08002e47   Thumb Code    14  scanf_fp.o(i._is_digit)
    frexp                                    0x08002e55   Thumb Code    80  frexp.o(i.frexp)
    ldexp                                    0x08002ead   Thumb Code   116  ldexp.o(i.ldexp)
    _get_lc_numeric                          0x08002f21   Thumb Code    44  lc_numeric_c.o(locale$$code)
    _get_lc_ctype                            0x08002f4d   Thumb Code    44  lc_ctype_c.o(locale$$code)
    __aeabi_d2f                              0x08002f79   Thumb Code     0  d2f.o(x$fpl$d2f)
    _d2f                                     0x08002f79   Thumb Code    98  d2f.o(x$fpl$d2f)
    __fpl_dcheck_NaN1                        0x08002fdd   Thumb Code    10  dcheck1.o(x$fpl$dcheck1)
    __fpl_dcmp_Inf                           0x08002fed   Thumb Code    24  dcmpi.o(x$fpl$dcmpinf)
    __aeabi_cdcmpeq                          0x08003005   Thumb Code     0  deqf.o(x$fpl$deqf)
    _dcmpeq                                  0x08003005   Thumb Code   120  deqf.o(x$fpl$deqf)
    __aeabi_cdcmple                          0x0800307d   Thumb Code     0  dleqf.o(x$fpl$dleqf)
    _dcmple                                  0x0800307d   Thumb Code   120  dleqf.o(x$fpl$dleqf)
    __fpl_dcmple_InfNaN                      0x080030df   Thumb Code     0  dleqf.o(x$fpl$dleqf)
    __fpl_dnaninf                            0x080030f5   Thumb Code   156  dnaninf.o(x$fpl$dnaninf)
    __aeabi_cdrcmple                         0x08003191   Thumb Code     0  drleqf.o(x$fpl$drleqf)
    _drcmple                                 0x08003191   Thumb Code   108  drleqf.o(x$fpl$drleqf)
    __fpl_fretinf                            0x080031fd   Thumb Code    10  fretinf.o(x$fpl$fretinf)
    __ieee_status                            0x08003207   Thumb Code     6  istatus.o(x$fpl$ieeestatus)
    __fpl_return_NaN                         0x0800320d   Thumb Code   100  retnan.o(x$fpl$retnan)
    __ARM_scalbn                             0x08003271   Thumb Code    92  scalbn.o(x$fpl$scalbn)
    _scanf_real                              0x080032cd   Thumb Code     4  scanf1.o(x$fpl$scanf1)
    _scanf_hex_real                          0x080032d1   Thumb Code     4  scanf2.o(x$fpl$scanf2)
    _scanf_infnan                            0x080032d5   Thumb Code     4  scanf2.o(x$fpl$scanf2)
    __fpl_cmpreturn                          0x080032d9   Thumb Code    48  trapv.o(x$fpl$trapveneer)
    __I$use$fp                               0x08003308   Number         0  usenofp.o(x$fpl$usenofp)
    Region$$Table$$Base                      0x0800340c   Number         0  anon$$obj.o(Region$$Table)
    Region$$Table$$Limit                     0x0800342c   Number         0  anon$$obj.o(Region$$Table)
    __aeabi_HUGE_VAL                         0x0800342c   Data           0  fpconst.o(c$$dinf)
    __aeabi_HUGE_VALL                        0x0800342c   Data           0  fpconst.o(c$$dinf)
    __aeabi_INFINITY                         0x0800342c   Data           0  fpconst.o(c$$dinf)
    __dInf                                   0x0800342c   Data           0  fpconst.o(c$$dinf)
    __huge_val                               0x0800342c   Data           0  fpconst.o(c$$dinf)
    __dbl_max                                0x08003434   Data           0  fpconst.o(c$$dmax)
    __ctype                                  0x08003465   Data           0  lc_ctype_c.o(locale$$data)
    __libspace_start                         0x20000008   Data          96  libspace.o(.bss)
    __temporary_stack_top$libspace           0x20000068   Data           0  libspace.o(.bss)



==============================================================================

Memory Map of the image

  Image Entry point : 0x080000ed

  Load Region LR_IROM1 (Base: 0x08000000, Size: 0x00003570, Max: 0x00010000, ABSOLUTE)

    Execution Region ER_IROM1 (Exec base: 0x08000000, Load base: 0x08000000, Size: 0x00003568, Max: 0x00010000, ABSOLUTE)

    Exec Addr    Load Addr    Size         Type   Attr      Idx    E Section Name        Object

    0x08000000   0x08000000   0x000000ec   Data   RO           40    RESET               startup_stm32f10x_md.o
    0x080000ec   0x080000ec   0x00000008   Code   RO           78  * !!!main             c_w.l(__main.o)
    0x080000f4   0x080000f4   0x00000034   Code   RO          445    !!!scatter          c_w.l(__scatter.o)
    0x08000128   0x08000128   0x0000001a   Code   RO          447    !!handler_copy      c_w.l(__scatter_copy.o)
    0x08000142   0x08000142   0x00000002   PAD
    0x08000144   0x08000144   0x0000001c   Code   RO          449    !!handler_zi        c_w.l(__scatter_zi.o)
    0x08000160   0x08000160   0x00000002   Code   RO          190    .ARM.Collect$$libinit$$00000000  c_w.l(libinit.o)
    0x08000162   0x08000162   0x00000000   Code   RO          246    .ARM.Collect$$libinit$$00000002  c_w.l(libinit2.o)
    0x08000162   0x08000162   0x00000000   Code   RO          248    .ARM.Collect$$libinit$$00000004  c_w.l(libinit2.o)
    0x08000162   0x08000162   0x00000000   Code   RO          251    .ARM.Collect$$libinit$$0000000A  c_w.l(libinit2.o)
    0x08000162   0x08000162   0x00000000   Code   RO          253    .ARM.Collect$$libinit$$0000000C  c_w.l(libinit2.o)
    0x08000162   0x08000162   0x00000000   Code   RO          255    .ARM.Collect$$libinit$$0000000E  c_w.l(libinit2.o)
    0x08000162   0x08000162   0x00000006   Code   RO          256    .ARM.Collect$$libinit$$0000000F  c_w.l(libinit2.o)
    0x08000168   0x08000168   0x00000000   Code   RO          258    .ARM.Collect$$libinit$$00000011  c_w.l(libinit2.o)
    0x08000168   0x08000168   0x0000000c   Code   RO          259    .ARM.Collect$$libinit$$00000012  c_w.l(libinit2.o)
    0x08000174   0x08000174   0x00000000   Code   RO          260    .ARM.Collect$$libinit$$00000013  c_w.l(libinit2.o)
    0x08000174   0x08000174   0x00000000   Code   RO          262    .ARM.Collect$$libinit$$00000015  c_w.l(libinit2.o)
    0x08000174   0x08000174   0x0000000a   Code   RO          263    .ARM.Collect$$libinit$$00000016  c_w.l(libinit2.o)
    0x0800017e   0x0800017e   0x00000000   Code   RO          264    .ARM.Collect$$libinit$$00000017  c_w.l(libinit2.o)
    0x0800017e   0x0800017e   0x00000000   Code   RO          266    .ARM.Collect$$libinit$$00000019  c_w.l(libinit2.o)
    0x0800017e   0x0800017e   0x00000000   Code   RO          268    .ARM.Collect$$libinit$$0000001B  c_w.l(libinit2.o)
    0x0800017e   0x0800017e   0x00000000   Code   RO          270    .ARM.Collect$$libinit$$0000001D  c_w.l(libinit2.o)
    0x0800017e   0x0800017e   0x00000000   Code   RO          272    .ARM.Collect$$libinit$$0000001F  c_w.l(libinit2.o)
    0x0800017e   0x0800017e   0x00000000   Code   RO          274    .ARM.Collect$$libinit$$00000021  c_w.l(libinit2.o)
    0x0800017e   0x0800017e   0x00000000   Code   RO          276    .ARM.Collect$$libinit$$00000023  c_w.l(libinit2.o)
    0x0800017e   0x0800017e   0x00000000   Code   RO          278    .ARM.Collect$$libinit$$00000025  c_w.l(libinit2.o)
    0x0800017e   0x0800017e   0x00000008   Code   RO          280    .ARM.Collect$$libinit$$00000027  c_w.l(libinit2.o)
    0x08000186   0x08000186   0x00000000   Code   RO          284    .ARM.Collect$$libinit$$0000002E  c_w.l(libinit2.o)
    0x08000186   0x08000186   0x00000000   Code   RO          286    .ARM.Collect$$libinit$$00000030  c_w.l(libinit2.o)
    0x08000186   0x08000186   0x00000000   Code   RO          288    .ARM.Collect$$libinit$$00000032  c_w.l(libinit2.o)
    0x08000186   0x08000186   0x00000002   Code   RO          289    .ARM.Collect$$libinit$$00000033  c_w.l(libinit2.o)
    0x08000188   0x08000188   0x00000002   Code   RO          346    .ARM.Collect$$libshutdown$$00000000  c_w.l(libshutdown.o)
    0x0800018a   0x0800018a   0x00000000   Code   RO          378    .ARM.Collect$$libshutdown$$00000002  c_w.l(libshutdown2.o)
    0x0800018a   0x0800018a   0x00000000   Code   RO          380    .ARM.Collect$$libshutdown$$00000004  c_w.l(libshutdown2.o)
    0x0800018a   0x0800018a   0x00000000   Code   RO          383    .ARM.Collect$$libshutdown$$00000007  c_w.l(libshutdown2.o)
    0x0800018a   0x0800018a   0x00000000   Code   RO          386    .ARM.Collect$$libshutdown$$0000000A  c_w.l(libshutdown2.o)
    0x0800018a   0x0800018a   0x00000000   Code   RO          388    .ARM.Collect$$libshutdown$$0000000C  c_w.l(libshutdown2.o)
    0x0800018a   0x0800018a   0x00000000   Code   RO          391    .ARM.Collect$$libshutdown$$0000000F  c_w.l(libshutdown2.o)
    0x0800018a   0x0800018a   0x00000002   Code   RO          392    .ARM.Collect$$libshutdown$$00000010  c_w.l(libshutdown2.o)
    0x0800018c   0x0800018c   0x00000000   Code   RO           80    .ARM.Collect$$rtentry$$00000000  c_w.l(__rtentry.o)
    0x0800018c   0x0800018c   0x00000000   Code   RO          102    .ARM.Collect$$rtentry$$00000002  c_w.l(__rtentry2.o)
    0x0800018c   0x0800018c   0x00000006   Code   RO          114    .ARM.Collect$$rtentry$$00000004  c_w.l(__rtentry4.o)
    0x08000192   0x08000192   0x00000000   Code   RO          104    .ARM.Collect$$rtentry$$00000009  c_w.l(__rtentry2.o)
    0x08000192   0x08000192   0x00000004   Code   RO          105    .ARM.Collect$$rtentry$$0000000A  c_w.l(__rtentry2.o)
    0x08000196   0x08000196   0x00000000   Code   RO          107    .ARM.Collect$$rtentry$$0000000C  c_w.l(__rtentry2.o)
    0x08000196   0x08000196   0x00000008   Code   RO          108    .ARM.Collect$$rtentry$$0000000D  c_w.l(__rtentry2.o)
    0x0800019e   0x0800019e   0x00000002   Code   RO          213    .ARM.Collect$$rtexit$$00000000  c_w.l(rtexit.o)
    0x080001a0   0x080001a0   0x00000000   Code   RO          301    .ARM.Collect$$rtexit$$00000002  c_w.l(rtexit2.o)
    0x080001a0   0x080001a0   0x00000004   Code   RO          302    .ARM.Collect$$rtexit$$00000003  c_w.l(rtexit2.o)
    0x080001a4   0x080001a4   0x00000006   Code   RO          303    .ARM.Collect$$rtexit$$00000004  c_w.l(rtexit2.o)
    0x080001aa   0x080001aa   0x00000002   PAD
    0x080001ac   0x080001ac   0x00000004   Code   RO          310    .emb_text           c_w.l(argv_veneer.o)
    0x080001b0   0x080001b0   0x00000040   Code   RO           41    .text               startup_stm32f10x_md.o
    0x080001f0   0x080001f0   0x0000003c   Code   RO           66    .text               c_w.l(sscanf.o)
    0x0800022c   0x0800022c   0x0000003e   Code   RO           68    .text               c_w.l(strlen.o)
    0x0800026a   0x0800026a   0x00000096   Code   RO           70    .text               c_w.l(strncmp.o)
    0x08000300   0x08000300   0x00000044   Code   RO           72    .text               c_w.l(rt_memclr.o)
    0x08000344   0x08000344   0x00000080   Code   RO           74    .text               c_w.l(strcmpv7m.o)
    0x080003c4   0x080003c4   0x00000006   Code   RO           76    .text               c_w.l(heapauxi.o)
    0x080003ca   0x080003ca   0x00000156   Code   RO           81    .text               c_w.l(_scanf_longlong.o)
    0x08000520   0x08000520   0x0000014c   Code   RO           83    .text               c_w.l(_scanf_int.o)
    0x0800066c   0x0800066c   0x000000e0   Code   RO           85    .text               c_w.l(_scanf_str.o)
    0x0800074c   0x0800074c   0x0000002c   Code   RO           87    .text               c_w.l(scanf_char.o)
    0x08000778   0x08000778   0x00000040   Code   RO           89    .text               c_w.l(_sgetc.o)
    0x080007b8   0x080007b8   0x00000114   Code   RO           91    .text               c_w.l(_scanf_mbtowc.o)
    0x080008cc   0x080008cc   0x000000e8   Code   RO           93    .text               c_w.l(_scanf_wctomb.o)
    0x080009b4   0x080009b4   0x000000d0   Code   RO           95    .text               c_w.l(_scanf_wstr.o)
    0x08000a84   0x08000a84   0x0000004e   Code   RO           97    .text               c_w.l(rt_memclr_w.o)
    0x08000ad2   0x08000ad2   0x00000012   Code   RO          116    .text               c_w.l(isspace.o)
    0x08000ae4   0x08000ae4   0x0000001c   Code   RO          118    .text               c_w.l(_chval.o)
    0x08000b00   0x08000b00   0x00000374   Code   RO          120    .text               c_w.l(_scanf.o)
    0x08000e74   0x08000e74   0x000004f8   Code   RO          122    .text               c_w.l(scanf_fp.o)
    0x0800136c   0x0800136c   0x0000001e   Code   RO          128    .text               c_w.l(_scanf_wcharmap.o)
    0x0800138a   0x0800138a   0x00000040   Code   RO          130    .text               c_w.l(_mbrtoc16.o)
    0x080013ca   0x080013ca   0x00000048   Code   RO          132    .text               c_w.l(_c16rtomb.o)
    0x08001412   0x08001412   0x0000004a   Code   RO          134    .text               c_w.l(sys_stackheap_outer.o)
    0x0800145c   0x0800145c   0x00000010   Code   RO          136    .text               c_w.l(rt_ctype_table.o)
    0x0800146c   0x0800146c   0x00000008   Code   RO          141    .text               c_w.l(rt_locale_intlibspace.o)
    0x08001474   0x08001474   0x00000008   Code   RO          146    .text               c_w.l(rt_errno_addr_intlibspace.o)
    0x0800147c   0x0800147c   0x00000026   Code   RO          148    .text               c_w.l(llshl.o)
    0x080014a2   0x080014a2   0x00000002   PAD
    0x080014a4   0x080014a4   0x000000e4   Code   RO          152    .text               c_w.l(bigflt0.o)
    0x08001588   0x08001588   0x00000012   Code   RO          183    .text               c_w.l(exit.o)
    0x0800159a   0x0800159a   0x00000002   PAD
    0x0800159c   0x0800159c   0x00000008   Code   RO          210    .text               c_w.l(libspace.o)
    0x080015a4   0x080015a4   0x00000016   Code   RO          215    .text               c_w.l(_rserrno.o)
    0x080015ba   0x080015ba   0x00000002   PAD
    0x080015bc   0x080015bc   0x00000320   Code   RO          236    .text               c_w.l(scanf_hexfp.o)
    0x080018dc   0x080018dc   0x00000134   Code   RO          238    .text               c_w.l(scanf_infnan.o)
    0x08001a10   0x08001a10   0x0000000c   Code   RO          336    .text               c_w.l(sys_exit.o)
    0x08001a1c   0x08001a1c   0x0000012e   Code   RO          342    .text               c_w.l(_get_argv_nomalloc.o)
    0x08001b4a   0x08001b4a   0x00000018   Code   RO          364    .text               c_w.l(sys_command.o)
    0x08001b62   0x08001b62   0x00000002   Code   RO          368    .text               c_w.l(use_no_semi.o)
    0x08001b64   0x08001b64   0x00000000   Code   RO          370    .text               c_w.l(indicate_semi.o)
    0x08001b64   0x08001b64   0x00000004   Code   RO          371    .text               c_w.l(hrguard.o)
    0x08001b68   0x08001b68   0x0000000e   Code   RO          373    .text               c_w.l(defsig_rtmem_outer.o)
    0x08001b76   0x08001b76   0x0000000a   Code   RO          409    .text               c_w.l(defsig_exit.o)
    0x08001b80   0x08001b80   0x00000050   Code   RO          411    .text               c_w.l(defsig_rtmem_inner.o)
    0x08001bd0   0x08001bd0   0x00000032   Code   RO          419    .text               c_w.l(defsig_general.o)
    0x08001c02   0x08001c02   0x0000000e   Code   RO          421    .text               c_w.l(sys_wrch.o)
    0x08001c10   0x08001c10   0x000000ea   Code   RO           10    .text.EXTI15_10_IRQHandler  main.o
    0x08001cfa   0x08001cfa   0x00000002   PAD
    0x08001cfc   0x08001cfc   0x0000019c   Code   RO            2    .text.HandleCommand  main.o
    0x08001e98   0x08001e98   0x00000296   Code   RO           22    .text.Init          main.o
    0x0800212e   0x0800212e   0x00000002   PAD
    0x08002130   0x08002130   0x000000a8   Code   RO            8    .text.ProcessButton  main.o
    0x080021d8   0x080021d8   0x00000008   Code   RO           50    .text.SetSysClock   system_stm32f10x.o
    0x080021e0   0x080021e0   0x00000122   Code   RO           54    .text.SetSysClockTo72  system_stm32f10x.o
    0x08002302   0x08002302   0x00000002   PAD
    0x08002304   0x08002304   0x00000066   Code   RO           48    .text.SystemInit    system_stm32f10x.o
    0x0800236a   0x0800236a   0x00000002   PAD
    0x0800236c   0x0800236c   0x00000030   Code   RO            6    .text.TIM2SetFreq   main.o
    0x0800239c   0x0800239c   0x00000020   Code   RO           12    .text.TIM2_IRQHandler  main.o
    0x080023bc   0x080023bc   0x00000094   Code   RO           14    .text.TIM3_IRQHandler  main.o
    0x08002450   0x08002450   0x0000003e   Code   RO           16    .text.TIM4_IRQHandler  main.o
    0x0800248e   0x0800248e   0x00000002   PAD
    0x08002490   0x08002490   0x00000082   Code   RO           18    .text.USART2_IRQHandler  main.o
    0x08002512   0x08002512   0x00000002   PAD
    0x08002514   0x08002514   0x00000030   Code   RO           20    .text.USARTSendChar  main.o
    0x08002544   0x08002544   0x00000038   Code   RO            4    .text.USARTTransmit  main.o
    0x0800257c   0x0800257c   0x00000034   Code   RO           24    .text.__NVIC_EnableIRQ  main.o
    0x080025b0   0x080025b0   0x00000010   Code   RO           26    .text.main          main.o
    0x080025c0   0x080025c0   0x00000338   Code   RO          165    CL$$btod_div_common  c_w.l(btod.o)
    0x080028f8   0x080028f8   0x00000084   Code   RO          163    CL$$btod_e2d        c_w.l(btod.o)
    0x0800297c   0x0800297c   0x000000dc   Code   RO          162    CL$$btod_e2e        c_w.l(btod.o)
    0x08002a58   0x08002a58   0x0000002a   Code   RO          159    CL$$btod_ediv       c_w.l(btod.o)
    0x08002a82   0x08002a82   0x0000002a   Code   RO          161    CL$$btod_edivd      c_w.l(btod.o)
    0x08002aac   0x08002aac   0x0000002a   Code   RO          158    CL$$btod_emul       c_w.l(btod.o)
    0x08002ad6   0x08002ad6   0x0000002a   Code   RO          160    CL$$btod_emuld      c_w.l(btod.o)
    0x08002b00   0x08002b00   0x00000244   Code   RO          164    CL$$btod_mult_common  c_w.l(btod.o)
    0x08002d44   0x08002d44   0x0000000e   Code   RO          353    i.__mathlib_dbl_overflow  m_ws.l(dunder.o)
    0x08002d52   0x08002d52   0x00000002   PAD
    0x08002d54   0x08002d54   0x00000010   Code   RO          355    i.__mathlib_dbl_underflow  m_ws.l(dunder.o)
    0x08002d64   0x08002d64   0x00000010   Code   RO          204    i.__mathlib_narrow  m_ws.l(narrow.o)
    0x08002d74   0x08002d74   0x000000bc   Code   RO          205    i.__mathlib_tofloat  m_ws.l(narrow.o)
    0x08002e30   0x08002e30   0x00000016   Code   RO          325    i.__support_ldexp   m_ws.l(ldexp.o)
    0x08002e46   0x08002e46   0x0000000e   Code   RO          124    i._is_digit         c_w.l(scanf_fp.o)
    0x08002e54   0x08002e54   0x00000058   Code   RO          297    i.frexp             m_ws.l(frexp.o)
    0x08002eac   0x08002eac   0x00000074   Code   RO          326    i.ldexp             m_ws.l(ldexp.o)
    0x08002f20   0x08002f20   0x0000002c   Code   RO          181    locale$$code        c_w.l(lc_numeric_c.o)
    0x08002f4c   0x08002f4c   0x0000002c   Code   RO          243    locale$$code        c_w.l(lc_ctype_c.o)
    0x08002f78   0x08002f78   0x00000062   Code   RO          290    x$fpl$d2f           fz_ws.l(d2f.o)
    0x08002fda   0x08002fda   0x00000002   PAD
    0x08002fdc   0x08002fdc   0x00000010   Code   RO          347    x$fpl$dcheck1       fz_ws.l(dcheck1.o)
    0x08002fec   0x08002fec   0x00000018   Code   RO          312    x$fpl$dcmpinf       fz_ws.l(dcmpi.o)
    0x08003004   0x08003004   0x00000078   Code   RO          292    x$fpl$deqf          fz_ws.l(deqf.o)
    0x0800307c   0x0800307c   0x00000078   Code   RO          314    x$fpl$dleqf         fz_ws.l(dleqf.o)
    0x080030f4   0x080030f4   0x0000009c   Code   RO          316    x$fpl$dnaninf       fz_ws.l(dnaninf.o)
    0x08003190   0x08003190   0x0000006c   Code   RO          294    x$fpl$drleqf        fz_ws.l(drleqf.o)
    0x080031fc   0x080031fc   0x0000000a   Code   RO          320    x$fpl$fretinf       fz_ws.l(fretinf.o)
    0x08003206   0x08003206   0x00000006   Code   RO          195    x$fpl$ieeestatus    fz_ws.l(istatus.o)
    0x0800320c   0x0800320c   0x00000064   Code   RO          405    x$fpl$retnan        fz_ws.l(retnan.o)
    0x08003270   0x08003270   0x0000005c   Code   RO          322    x$fpl$scalbn        fz_ws.l(scalbn.o)
    0x080032cc   0x080032cc   0x00000004   Code   RO           99    x$fpl$scanf1        fz_ws.l(scanf1.o)
    0x080032d0   0x080032d0   0x00000008   Code   RO          197    x$fpl$scanf2        fz_ws.l(scanf2.o)
    0x080032d8   0x080032d8   0x00000030   Code   RO          415    x$fpl$trapveneer    fz_ws.l(trapv.o)
    0x08003308   0x08003308   0x00000000   Code   RO          203    x$fpl$usenofp       fz_ws.l(usenofp.o)
    0x08003308   0x08003308   0x00000094   Data   RO          153    .constdata          c_w.l(bigflt0.o)
    0x0800339c   0x0800339c   0x00000070   Data   RO           29    .rodata.str1.1      main.o
    0x0800340c   0x0800340c   0x00000020   Data   RO          444    Region$$Table       anon$$obj.o
    0x0800342c   0x0800342c   0x00000008   Data   RO          191    c$$dinf             fz_ws.l(fpconst.o)
    0x08003434   0x08003434   0x00000008   Data   RO          194    c$$dmax             fz_ws.l(fpconst.o)
    0x0800343c   0x0800343c   0x0000001c   Data   RO          180    locale$$data        c_w.l(lc_numeric_c.o)
    0x08003458   0x08003458   0x00000110   Data   RO          242    locale$$data        c_w.l(lc_ctype_c.o)


    Execution Region RW_IRAM1 (Exec base: 0x20000000, Load base: 0x08003568, Size: 0x000006e8, Max: 0x00005000, ABSOLUTE)

    Exec Addr    Load Addr    Size         Type   Attr      Idx    E Section Name        Object

    0x20000000   0x08003568   0x00000001   Data   RW           30    .data.State         main.o
    0x20000001   0x08003569   0x00000001   Data   RW           31    .data.prev          main.o
    0x20000002   0x0800356a   0x00000006   PAD
    0x20000008        -       0x00000060   Zero   RW          211    .bss                c_w.l(libspace.o)
    0x20000068        -       0x00000080   Zero   RW           28    .bss.RxBuffer       main.o
    0x200000e8        -       0x00000200   Zero   RW           39    HEAP                startup_stm32f10x_md.o
    0x200002e8        -       0x00000400   Zero   RW           38    STACK               startup_stm32f10x_md.o


==============================================================================

Image component sizes


      Code (inc. data)   RO Data    RW Data    ZI Data      Debug   Object Name

      2068          0        112          2        128       6361   main.o
        64         26        236          0       1536        800   startup_stm32f10x_md.o
       400          0          0          0          0       2785   system_stm32f10x.o

    ----------------------------------------------------------------------
      2544         26        380          4       1668       9946   Object Totals
         0          0         32          0          0          0   (incl. Generated)
        12          0          0          2          4          0   (incl. Padding)

    ----------------------------------------------------------------------

      Code (inc. data)   RO Data    RW Data    ZI Data      Debug   Library Member Name

         8          0          0          0          0         68   __main.o
         0          0          0          0          0          0   __rtentry.o
        12          0          0          0          0          0   __rtentry2.o
         6          0          0          0          0          0   __rtentry4.o
        52          8          0          0          0          0   __scatter.o
        26          0          0          0          0          0   __scatter_copy.o
        28          0          0          0          0          0   __scatter_zi.o
        72          0          0          0          0         96   _c16rtomb.o
        28          0          0          0          0         68   _chval.o
       302          0          0          0          0        168   _get_argv_nomalloc.o
        64          0          0          0          0         84   _mbrtoc16.o
        22          0          0          0          0        100   _rserrno.o
       884          6          0          0          0        100   _scanf.o
       332          0          0          0          0         96   _scanf_int.o
       342          0          0          0          0        100   _scanf_longlong.o
       276          0          0          0          0        100   _scanf_mbtowc.o
       224          0          0          0          0         96   _scanf_str.o
        30          0          0          0          0         76   _scanf_wcharmap.o
       232          0          0          0          0        100   _scanf_wctomb.o
       208          0          0          0          0         96   _scanf_wstr.o
        64          0          0          0          0         84   _sgetc.o
         4          0          0          0          0         68   argv_veneer.o
       228          4        148          0          0         96   bigflt0.o
      1924        136          0          0          0        756   btod.o
        10          0          0          0          0         68   defsig_exit.o
        50          0          0          0          0         88   defsig_general.o
        80         58          0          0          0         76   defsig_rtmem_inner.o
        14          0          0          0          0         80   defsig_rtmem_outer.o
        18          0          0          0          0         80   exit.o
         6          0          0          0          0        152   heapauxi.o
         4          0          0          0          0        136   hrguard.o
         0          0          0          0          0          0   indicate_semi.o
        18          0          0          0          0         76   isspace.o
        44         10        272          0          0         76   lc_ctype_c.o
        44         10         28          0          0         76   lc_numeric_c.o
         2          0          0          0          0          0   libinit.o
        38          0          0          0          0          0   libinit2.o
         2          0          0          0          0          0   libshutdown.o
         2          0          0          0          0          0   libshutdown2.o
         8          4          0          0         96         68   libspace.o
        38          0          0          0          0         68   llshl.o
        16          4          0          0          0         76   rt_ctype_table.o
         8          4          0          0          0         68   rt_errno_addr_intlibspace.o
         8          4          0          0          0         68   rt_locale_intlibspace.o
        68          0          0          0          0         68   rt_memclr.o
        78          0          0          0          0         80   rt_memclr_w.o
         2          0          0          0          0          0   rtexit.o
        10          0          0          0          0          0   rtexit2.o
        44          8          0          0          0         84   scanf_char.o
      1286         16          0          0          0        236   scanf_fp.o
       800         14          0          0          0        100   scanf_hexfp.o
       308         16          0          0          0        100   scanf_infnan.o
        60          8          0          0          0         84   sscanf.o
       128          0          0          0          0         68   strcmpv7m.o
        62          0          0          0          0         76   strlen.o
       150          0          0          0          0         80   strncmp.o
        24          0          0          0          0         76   sys_command.o
        12          4          0          0          0         68   sys_exit.o
        74          0          0          0          0         80   sys_stackheap_outer.o
        14          0          0          0          0         76   sys_wrch.o
         2          0          0          0          0         68   use_no_semi.o
        98          4          0          0          0         92   d2f.o
        16          4          0          0          0         68   dcheck1.o
        24          0          0          0          0         68   dcmpi.o
       120          4          0          0          0         92   deqf.o
       120          4          0          0          0         92   dleqf.o
       156          4          0          0          0         92   dnaninf.o
       108          0          0          0          0         80   drleqf.o
         0          0         16          0          0          0   fpconst.o
        10          0          0          0          0         68   fretinf.o
         6          0          0          0          0         68   istatus.o
       100          0          0          0          0         68   retnan.o
        92          0          0          0          0         68   scalbn.o
         4          0          0          0          0         68   scanf1.o
         8          0          0          0          0         84   scanf2.o
        48          0          0          0          0         68   trapv.o
         0          0          0          0          0          0   usenofp.o
        30          6          0          0          0        136   dunder.o
        88          8          0          0          0         76   frexp.o
       138          0          0          0          0        160   ldexp.o
       204          4          0          0          0        168   narrow.o

    ----------------------------------------------------------------------
     10284        352        464          0         96       6568   Library Totals
        14          0          0          0          0          0   (incl. Padding)

    ----------------------------------------------------------------------

      Code (inc. data)   RO Data    RW Data    ZI Data      Debug   Library Name

      8900        314        448          0         96       4952   c_w.l
       910         20         16          0          0       1076   fz_ws.l
       460         18          0          0          0        540   m_ws.l

    ----------------------------------------------------------------------
     10284        352        464          0         96       6568   Library Totals

    ----------------------------------------------------------------------

==============================================================================


      Code (inc. data)   RO Data    RW Data    ZI Data      Debug   

     12828        378        844          4       1764      12698   Grand Totals
     12828        378        844          4       1764      12698   ELF Image Totals
     12828        378        844          4          0          0   ROM Totals

==============================================================================

    Total RO  Size (Code + RO Data)                13672 (  13.35kB)
    Total RW  Size (RW Data + ZI Data)              1768 (   1.73kB)
    Total ROM Size (Code + RO Data + RW Data)      13676 (  13.36kB)

==============================================================================

